Component: ARM Compiler 5.06 update 5 (build 528) Tool: armlink [4d35e2]

==============================================================================

Section Cross References

    startup_stm32f103xe.o(RESET) refers to startup_stm32f103xe.o(STACK) for __initial_sp
    startup_stm32f103xe.o(RESET) refers to startup_stm32f103xe.o(.text) for Reset_Handler
    startup_stm32f103xe.o(RESET) refers to stm32f1xx_it.o(i.NMI_Handler) for NMI_Handler
    startup_stm32f103xe.o(RESET) refers to stm32f1xx_it.o(i.HardFault_Handler) for HardFault_Handler
    startup_stm32f103xe.o(RESET) refers to stm32f1xx_it.o(i.MemManage_Handler) for MemManage_Handler
    startup_stm32f103xe.o(RESET) refers to stm32f1xx_it.o(i.BusFault_Handler) for BusFault_Handler
    startup_stm32f103xe.o(RESET) refers to stm32f1xx_it.o(i.UsageFault_Handler) for UsageFault_Handler
    startup_stm32f103xe.o(RESET) refers to port.o(.emb_text) for SVC_Handler
    startup_stm32f103xe.o(RESET) refers to stm32f1xx_it.o(i.DebugMon_Handler) for DebugMon_Handler
    startup_stm32f103xe.o(RESET) refers to cmsis_os2.o(i.SysTick_Handler) for SysTick_Handler
    startup_stm32f103xe.o(RESET) refers to stm32f1xx_it.o(i.DMA1_Channel5_IRQHandler) for DMA1_Channel5_IRQHandler
    startup_stm32f103xe.o(RESET) refers to stm32f1xx_it.o(i.DMA1_Channel6_IRQHandler) for DMA1_Channel6_IRQHandler
    startup_stm32f103xe.o(RESET) refers to stm32f1xx_it.o(i.DMA1_Channel7_IRQHandler) for DMA1_Channel7_IRQHandler
    startup_stm32f103xe.o(RESET) refers to stm32f1xx_it.o(i.USART1_IRQHandler) for USART1_IRQHandler
    startup_stm32f103xe.o(RESET) refers to stm32f1xx_it.o(i.USART2_IRQHandler) for USART2_IRQHandler
    startup_stm32f103xe.o(RESET) refers to stm32f1xx_it.o(i.EXTI15_10_IRQHandler) for EXTI15_10_IRQHandler
    startup_stm32f103xe.o(RESET) refers to stm32f1xx_it.o(i.UART4_IRQHandler) for UART4_IRQHandler
    startup_stm32f103xe.o(RESET) refers to stm32f1xx_it.o(i.UART5_IRQHandler) for UART5_IRQHandler
    startup_stm32f103xe.o(RESET) refers to stm32f1xx_it.o(i.TIM7_IRQHandler) for TIM7_IRQHandler
    startup_stm32f103xe.o(RESET) refers to stm32f1xx_it.o(i.DMA2_Channel3_IRQHandler) for DMA2_Channel3_IRQHandler
    startup_stm32f103xe.o(.text) refers to system_stm32f1xx.o(i.SystemInit) for SystemInit
    startup_stm32f103xe.o(.text) refers to entry.o(.ARM.Collect$$$$00000000) for __main
    main.o(i.HAL_TIM_PeriodElapsedCallback) refers to stm32f1xx_hal.o(i.HAL_IncTick) for HAL_IncTick
    main.o(i.SystemClock_Config) refers to memseta.o(.text) for __aeabi_memclr4
    main.o(i.SystemClock_Config) refers to stm32f1xx_hal_rcc.o(i.HAL_RCC_OscConfig) for HAL_RCC_OscConfig
    main.o(i.SystemClock_Config) refers to main.o(i.Error_Handler) for Error_Handler
    main.o(i.SystemClock_Config) refers to stm32f1xx_hal_rcc.o(i.HAL_RCC_ClockConfig) for HAL_RCC_ClockConfig
    main.o(i.main) refers to stm32f1xx_hal.o(i.HAL_Init) for HAL_Init
    main.o(i.main) refers to main.o(i.SystemClock_Config) for SystemClock_Config
    main.o(i.main) refers to gpio.o(i.MX_GPIO_Init) for MX_GPIO_Init
    main.o(i.main) refers to dma.o(i.MX_DMA_Init) for MX_DMA_Init
    main.o(i.main) refers to tim.o(i.MX_TIM1_Init) for MX_TIM1_Init
    main.o(i.main) refers to usart.o(i.MX_UART4_Init) for MX_UART4_Init
    main.o(i.main) refers to usart.o(i.MX_UART5_Init) for MX_UART5_Init
    main.o(i.main) refers to usart.o(i.MX_USART1_UART_Init) for MX_USART1_UART_Init
    main.o(i.main) refers to usart.o(i.MX_USART2_UART_Init) for MX_USART2_UART_Init
    main.o(i.main) refers to tim.o(i.MX_TIM3_Init) for MX_TIM3_Init
    main.o(i.main) refers to tim.o(i.MX_TIM2_Init) for MX_TIM2_Init
    main.o(i.main) refers to tim.o(i.MX_TIM8_Init) for MX_TIM8_Init
    main.o(i.main) refers to i2c.o(i.MX_I2C1_Init) for MX_I2C1_Init
    main.o(i.main) refers to i2c.o(i.MX_I2C2_Init) for MX_I2C2_Init
    main.o(i.main) refers to stm32f1xx_hal_uart.o(i.HAL_UART_Receive_IT) for HAL_UART_Receive_IT
    main.o(i.main) refers to stm32f1xx_hal_uart.o(i.HAL_UARTEx_ReceiveToIdle_DMA) for HAL_UARTEx_ReceiveToIdle_DMA
    main.o(i.main) refers to stm32f1xx_hal_tim.o(i.HAL_TIM_Encoder_Start) for HAL_TIM_Encoder_Start
    main.o(i.main) refers to stm32f1xx_hal_tim.o(i.HAL_TIM_PWM_Start) for HAL_TIM_PWM_Start
    main.o(i.main) refers to cmsis_os2.o(i.osKernelInitialize) for osKernelInitialize
    main.o(i.main) refers to freertos.o(i.MX_FREERTOS_Init) for MX_FREERTOS_Init
    main.o(i.main) refers to cmsis_os2.o(i.osKernelStart) for osKernelStart
    main.o(i.main) refers to main.o(.data) for mpu_once_isr_data
    main.o(i.main) refers to usart.o(.bss) for huart5
    main.o(i.main) refers to main.o(.bss) for CARD_DATA
    main.o(i.main) refers to tim.o(.bss) for htim1
    gpio.o(i.MX_GPIO_Init) refers to stm32f1xx_hal_gpio.o(i.HAL_GPIO_WritePin) for HAL_GPIO_WritePin
    gpio.o(i.MX_GPIO_Init) refers to stm32f1xx_hal_gpio.o(i.HAL_GPIO_Init) for HAL_GPIO_Init
[...]
    _printf_a                                0x00000000   Number         0  stubs.o ABSOLUTE
    _printf_c                                0x00000000   Number         0  stubs.o ABSOLUTE
    _printf_charcount                        0x00000000   Number         0  stubs.o ABSOLUTE
    _printf_d                                0x00000000   Number         0  stubs.o ABSOLUTE
    _printf_e                                0x00000000   Number         0  stubs.o ABSOLUTE
    _printf_f                                0x00000000   Number         0  stubs.o ABSOLUTE
    _printf_flags                            0x00000000   Number         0  stubs.o ABSOLUTE
    _printf_fp_dec                           0x00000000   Number         0  stubs.o ABSOLUTE
    _printf_fp_hex                           0x00000000   Number         0  stubs.o ABSOLUTE
    _printf_g                                0x00000000   Number         0  stubs.o ABSOLUTE
    _printf_i                                0x00000000   Number         0  stubs.o ABSOLUTE
    _printf_int_dec                          0x00000000   Number         0  stubs.o ABSOLUTE
    _printf_l                                0x00000000   Number         0  stubs.o ABSOLUTE
    _printf_lc                               0x00000000   Number         0  stubs.o ABSOLUTE
    _printf_ll                               0x00000000   Number         0  stubs.o ABSOLUTE
    _printf_lld                              0x00000000   Number         0  stubs.o ABSOLUTE
    _printf_lli                              0x00000000   Number         0  stubs.o ABSOLUTE
    _printf_llo                              0x00000000   Number         0  stubs.o ABSOLUTE
    _printf_llu                              0x00000000   Number         0  stubs.o ABSOLUTE
    _printf_llx                              0x00000000   Number         0  stubs.o ABSOLUTE
    _printf_longlong_dec                     0x00000000   Number         0  stubs.o ABSOLUTE
    _printf_longlong_hex                     0x00000000   Number         0  stubs.o ABSOLUTE
    _printf_longlong_oct                     0x00000000   Number         0  stubs.o ABSOLUTE
    _printf_ls                               0x00000000   Number         0  stubs.o ABSOLUTE
    _printf_mbtowc                           0x00000000   Number         0  stubs.o ABSOLUTE
    _printf_n                                0x00000000   Number         0  stubs.o ABSOLUTE
    _printf_o                                0x00000000   Number         0  stubs.o ABSOLUTE
    _printf_p                                0x00000000   Number         0  stubs.o ABSOLUTE
    _printf_percent                          0x00000000   Number         0  stubs.o ABSOLUTE
    _printf_pre_padding                      0x00000000   Number         0  stubs.o ABSOLUTE
    _printf_return_value                     0x00000000   Number         0  stubs.o ABSOLUTE
    _printf_s                                0x00000000   Number         0  stubs.o ABSOLUTE
    _printf_sizespec                         0x00000000   Number         0  stubs.o ABSOLUTE
    _printf_str                              0x00000000   Number         0  stubs.o ABSOLUTE
    _printf_truncate_signed                  0x00000000   Number         0  stubs.o ABSOLUTE
    _printf_truncate_unsigned                0x00000000   Number         0  stubs.o ABSOLUTE
    _printf_u                                0x00000000   Number         0  stubs.o ABSOLUTE
    _printf_wc                               0x00000000   Number         0  stubs.o ABSOLUTE
    _printf_wctomb                           0x00000000   Number         0  stubs.o ABSOLUTE
    _printf_widthprec                        0x00000000   Number         0  stubs.o ABSOLUTE
    _printf_x                                0x00000000   Number         0  stubs.o ABSOLUTE
    __cpp_initialize__aeabi_                  - Undefined Weak Reference
    __cxa_finalize                            - Undefined Weak Reference
    __decompress                              - Undefined Weak Reference
    _clock_init                               - Undefined Weak Reference
    _microlib_exit                            - Undefined Weak Reference
    _scanf_int                                - Undefined Weak Reference
    _scanf_longlong                           - Undefined Weak Reference
    __Vectors_Size                           0x00000130   Number         0  startup_stm32f103xe.o ABSOLUTE
    __Vectors                                0x08000000   Data           4  startup_stm32f103xe.o(RESET)
    __Vectors_End                            0x08000130   Data           0  startup_stm32f103xe.o(RESET)
    __main                                   0x08000131   Thumb Code     0  entry.o(.ARM.Collect$$$$00000000)
    _main_stk                                0x08000131   Thumb Code     0  entry2.o(.ARM.Collect$$$$00000001)
    _main_scatterload                        0x08000135   Thumb Code     0  entry5.o(.ARM.Collect$$$$00000004)
    __main_after_scatterload                 0x08000139   Thumb Code     0  entry5.o(.ARM.Collect$$$$00000004)
    _main_clock                              0x08000139   Thumb Code     0  entry7b.o(.ARM.Collect$$$$00000008)
    _main_cpp_init                           0x08000139   Thumb Code     0  entry8b.o(.ARM.Collect$$$$0000000A)
    _main_init                               0x08000139   Thumb Code     0  entry9a.o(.ARM.Collect$$$$0000000B)
    __rt_final_cpp                           0x08000141   Thumb Code     0  entry10a.o(.ARM.Collect$$$$0000000D)
    __rt_final_exit                          0x08000141   Thumb Code     0  entry11a.o(.ARM.Collect$$$$0000000F)
    SVC_Handler                              0x08000145   Thumb Code    32  port.o(.emb_text)
    __asm___6_port_c_39a90d8d__prvStartFirstTask 0x08000169   Thumb Code    28  port.o(.emb_text)
    PendSV_Handler                           0x08000189   Thumb Code    72  port.o(.emb_text)
    vPortGetIPSR                             0x080001d5   Thumb Code     6  port.o(.emb_text)
    Reset_Handler                            0x080001dd   Thumb Code     8  startup_stm32f103xe.o(.text)
    ADC1_2_IRQHandler                        0x080001f7   Thumb Code     0  startup_stm32f103xe.o(.text)
    ADC3_IRQHandler                          0x080001f7   Thumb Code     0  startup_stm32f103xe.o(.text)
    CAN1_RX1_IRQHandler                      0x080001f7   Thumb Code     0  startup_stm32f103xe.o(.text)
    CAN1_SCE_IRQHandler                      0x080001f7   Thumb Code     0  startup_stm32f103xe.o(.text)
    DMA1_Channel1_IRQHandler                 0x080001f7   Thumb Code     0  startup_stm32f103xe.o(.text)
    DMA1_Channel2_IRQHandler                 0x080001f7   Thumb Code     0  startup_stm32f103xe.o(.text)
    DMA1_Channel3_IRQHandler                 0x080001f7   Thumb Code     0  startup_stm32f103xe.o(.text)
    DMA1_Channel4_IRQHandler                 0x080001f7   Thumb Code     0  startup_stm32f103xe.o(.text)
    DMA2_Channel1_IRQHandler                 0x080001f7   Thumb Code     0  startup_stm32f103xe.o(.text)
    DMA2_Channel2_IRQHandler                 0x080001f7   Thumb Code     0  startup_stm32f103xe.o(.text)
    DMA2_Channel4_5_IRQHandler               0x080001f7   Thumb Code     0  startup_stm32f103xe.o(.text)
    EXTI0_IRQHandler                         0x080001f7   Thumb Code     0  startup_stm32f103xe.o(.text)
    EXTI1_IRQHandler                         0x080001f7   Thumb Code     0  startup_stm32f103xe.o(.text)
    EXTI2_IRQHandler                         0x080001f7   Thumb Code     0  startup_stm32f103xe.o(.text)
    EXTI3_IRQHandler                         0x080001f7   Thumb Code     0  startup_stm32f103xe.o(.text)
    EXTI4_IRQHandler                         0x080001f7   Thumb Code     0  startup_stm32f103xe.o(.text)
    EXTI9_5_IRQHandler                       0x080001f7   Thumb Code     0  startup_stm32f103xe.o(.text)
    FLASH_IRQHandler                         0x080001f7   Thumb Code     0  startup_stm32f103xe.o(.text)
    FSMC_IRQHandler                          0x080001f7   Thumb Code     0  startup_stm32f103xe.o(.text)
    I2C1_ER_IRQHandler                       0x080001f7   Thumb Code     0  startup_stm32f103xe.o(.text)
    I2C1_EV_IRQHandler                       0x080001f7   Thumb Code     0  startup_stm32f103xe.o(.text)
    I2C2_ER_IRQHandler                       0x080001f7   Thumb Code     0  startup_stm32f103xe.o(.text)
    I2C2_EV_IRQHandler                       0x080001f7   Thumb Code     0  startup_stm32f103xe.o(.text)
    PVD_IRQHandler                           0x080001f7   Thumb Code     0  startup_stm32f103xe.o(.text)
    RCC_IRQHandler                           0x080001f7   Thumb Code     0  startup_stm32f103xe.o(.text)
    RTC_Alarm_IRQHandler                     0x080001f7   Thumb Code     0  startup_stm32f103xe.o(.text)
    RTC_IRQHandler                           0x080001f7   Thumb Code     0  startup_stm32f103xe.o(.text)
    SDIO_IRQHandler                          0x080001f7   Thumb Code     0  startup_stm32f103xe.o(.text)
    SPI1_IRQHandler                          0x080001f7   Thumb Code     0  startup_stm32f103xe.o(.text)
    SPI2_IRQHandler                          0x080001f7   Thumb Code     0  startup_stm32f103xe.o(.text)
    SPI3_IRQHandler                          0x080001f7   Thumb Code     0  startup_stm32f103xe.o(.text)
    TAMPER_IRQHandler                        0x080001f7   Thumb Code     0  startup_stm32f103xe.o(.text)
    TIM1_BRK_IRQHandler                      0x080001f7   Thumb Code     0  startup_stm32f103xe.o(.text)
    TIM1_CC_IRQHandler                       0x080001f7   Thumb Code     0  startup_stm32f103xe.o(.text)
    TIM1_TRG_COM_IRQHandler                  0x080001f7   Thumb Code     0  startup_stm32f103xe.o(.text)
    TIM1_UP_IRQHandler                       0x080001f7   Thumb Code     0  startup_stm32f103xe.o(.text)
    TIM2_IRQHandler                          0x080001f7   Thumb Code     0  startup_stm32f103xe.o(.text)
    TIM3_IRQHandler                          0x080001f7   Thumb Code     0  startup_stm32f103xe.o(.text)
    TIM4_IRQHandler                          0x080001f7   Thumb Code     0  startup_stm32f103xe.o(.text)
    TIM5_IRQHandler                          0x080001f7   Thumb Code     0  startup_stm32f103xe.o(.text)
    TIM6_IRQHandler                          0x080001f7   Thumb Code     0  startup_stm32f103xe.o(.text)
    TIM8_BRK_IRQHandler                      0x080001f7   Thumb Code     0  startup_stm32f103xe.o(.text)
    TIM8_CC_IRQHandler                       0x080001f7   Thumb Code     0  startup_stm32f103xe.o(.text)
    TIM8_TRG_COM_IRQHandler                  0x080001f7   Thumb Code     0  startup_stm32f103xe.o(.text)
    TIM8_UP_IRQHandler                       0x080001f7   Thumb Code     0  startup_stm32f103xe.o(.text)
    USART3_IRQHandler                        0x080001f7   Thumb Code     0  startup_stm32f103xe.o(.text)
    USBWakeUp_IRQHandler                     0x080001f7   Thumb Code     0  startup_stm32f103xe.o(.text)
    USB_HP_CAN1_TX_IRQHandler                0x080001f7   Thumb Code     0  startup_stm32f103xe.o(.text)
    USB_LP_CAN1_RX0_IRQHandler               0x080001f7   Thumb Code     0  startup_stm32f103xe.o(.text)
    WWDG_IRQHandler                          0x080001f7   Thumb Code     0  startup_stm32f103xe.o(.text)
    __aeabi_llsr                             0x08000201   Thumb Code    32  llushr.o(.text)
    _ll_ushift_r                             0x08000201   Thumb Code     0  llushr.o(.text)
    __aeabi_memcpy                           0x08000221   Thumb Code    36  memcpya.o(.text)
    __aeabi_memcpy4                          0x08000221   Thumb Code     0  memcpya.o(.text)
    __aeabi_memcpy8                          0x08000221   Thumb Code     0  memcpya.o(.text)
    __aeabi_memset                           0x08000245   Thumb Code    14  memseta.o(.text)
    __aeabi_memset4                          0x08000245   Thumb Code     0  memseta.o(.text)
    __aeabi_memset8                          0x08000245   Thumb Code     0  memseta.o(.text)
    __aeabi_memclr                           0x08000253   Thumb Code     4  memseta.o(.text)
    __aeabi_memclr4                          0x08000253   Thumb Code     0  memseta.o(.text)
    __aeabi_memclr8                          0x08000253   Thumb Code     0  memseta.o(.text)
    memset                                   0x08000257   Thumb Code    18  memseta.o(.text)
    strcmp                                   0x08000269   Thumb Code    28  strcmp.o(.text)
    __0sscanf                                0x08000285   Thumb Code    48  __0sscanf.o(.text)
    _scanf_string                            0x080002bd   Thumb Code   224  _scanf_str.o(.text)
    _scanf_real                              0x080004c5   Thumb Code     0  scanf_fp.o(.text)
    _scanf_really_real                       0x080004c5   Thumb Code   556  scanf_fp.o(.text)
    __aeabi_fadd                             0x080006fd   Thumb Code   164  fadd.o(.text)
    __aeabi_fsub                             0x080007a1   Thumb Code     6  fadd.o(.text)
    __aeabi_frsub                            0x080007a7   Thumb Code     6  fadd.o(.text)
    __aeabi_fmul                             0x080007ad   Thumb Code   100  fmul.o(.text)
    __aeabi_fdiv                             0x08000811   Thumb Code   124  fdiv.o(.text)
    __aeabi_dadd                             0x0800088d   Thumb Code   322  dadd.o(.text)
    __aeabi_dsub                             0x080009cf   Thumb Code     6  dadd.o(.text)
    __aeabi_drsub                            0x080009d5   Thumb Code     6  dadd.o(.text)
    __aeabi_dmul                             0x080009db   Thumb Code   228  dmul.o(.text)
    __aeabi_ddiv                             0x08000abf   Thumb Code   222  ddiv.o(.text)
    __aeabi_i2f                              0x08000b9d   Thumb Code    18  fflti.o(.text)
    __aeabi_ui2f                             0x08000baf   Thumb Code    10  ffltui.o(.text)
    __aeabi_f2uiz                            0x08000bb9   Thumb Code    40  ffixui.o(.text)
    __aeabi_f2d                              0x08000be1   Thumb Code    38  f2d.o(.text)
    __aeabi_cdcmpeq                          0x08000c09   Thumb Code     0  cdcmple.o(.text)
    __aeabi_cdcmple                          0x08000c09   Thumb Code    48  cdcmple.o(.text)
    __aeabi_cdrcmple                         0x08000c39   Thumb Code    48  cdrcmple.o(.text)
    __aeabi_d2f                              0x08000c69   Thumb Code    56  d2f.o(.text)
    __aeabi_cfcmpeq                          0x08000ca1   Thumb Code     0  cfcmple.o(.text)
    __aeabi_cfcmple                          0x08000ca1   Thumb Code    20  cfcmple.o(.text)
    __aeabi_cfrcmple                         0x08000cb5   Thumb Code    20  cfrcmple.o(.text)
    __aeabi_uidiv                            0x08000cc9   Thumb Code     0  uidiv.o(.text)
    __aeabi_uidivmod                         0x08000cc9   Thumb Code    44  uidiv.o(.text)
    __aeabi_uldivmod                         0x08000cf5   Thumb Code    98  uldiv.o(.text)
    __aeabi_llsl                             0x08000d57   Thumb Code    30  llshl.o(.text)
    _ll_shift_l                              0x08000d57   Thumb Code     0  llshl.o(.text)
    __aeabi_lasr                             0x08000d75   Thumb Code    36  llsshr.o(.text)
    _ll_sshift_r                             0x08000d75   Thumb Code     0  llsshr.o(.text)
    __vfscanf_char                           0x08000da5   Thumb Code    20  scanf_char.o(.text)
    _sgetc                                   0x08000dc1   Thumb Code    30  _sgetc.o(.text)
    _sbackspace                              0x08000ddf   Thumb Code    34  _sgetc.o(.text)
    __I$use$fp                               0x08000e01   Thumb Code     0  iusefp.o(.text)
    _float_round                             0x08000e01   Thumb Code    18  fepilogue.o(.text)
    _float_epilogue                          0x08000e13   Thumb Code    92  fepilogue.o(.text)
    _double_round                            0x08000e6f   Thumb Code    30  depilogue.o(.text)
    _double_epilogue                         0x08000e8d   Thumb Code   156  depilogue.o(.text)
    __aeabi_ul2d                             0x08000f29   Thumb Code    24  dfltul.o(.text)
    __aeabi_d2ulz                            0x08000f41   Thumb Code    48  dfixul.o(.text)
    __scatterload                            0x08000f71   Thumb Code    28  init.o(.text)
    __scatterload_rt2                        0x08000f71   Thumb Code     0  init.o(.text)
    isspace                                  0x08000f95   Thumb Code    10  isspace_c.o(.text)
    __vfscanf                                0x08000fa1   Thumb Code   808  _scanf.o(.text)
    __ctype_lookup                           0x080012cd   Thumb Code    34  ctype_c.o(.text)
    BusFault_Handler                         0x080012f5   Thumb Code     4  stm32f1xx_it.o(i.BusFault_Handler)
    CarGoAhead                               0x080012f9   Thumb Code   220  pid.o(i.CarGoAhead)
    CarSetDis                                0x080013ed   Thumb Code   230  pid.o(i.CarSetDis)
    CarStatParmPrint                         0x080014e9   Thumb Code   110  freertos.o(i.CarStatParmPrint)
    CarStat_Get                              0x08001571   Thumb Code   340  motor.o(i.CarStat_Get)
    CarTurn                                  0x080016f5   Thumb Code   254  pid.o(i.CarTurn)
    Car_Alpha_ReFresh                        0x08001805   Thumb Code    20  motor.o(i.Car_Alpha_ReFresh)
    Car_Dis_ReFresh                          0x0800181d   Thumb Code    16  motor.o(i.Car_Dis_ReFresh)
    DMA1_Channel5_IRQHandler                 0x08001839   Thumb Code    10  stm32f1xx_it.o(i.DMA1_Channel5_IRQHandler)
    DMA1_Channel6_IRQHandler                 0x08001849   Thumb Code    10  stm32f1xx_it.o(i.DMA1_Channel6_IRQHandler)
    DMA1_Channel7_IRQHandler                 0x08001859   Thumb Code    10  stm32f1xx_it.o(i.DMA1_Channel7_IRQHandler)
    DMA2_Channel3_IRQHandler                 0x08001869   Thumb Code    10  stm32f1xx_it.o(i.DMA2_Channel3_IRQHandler)
    DebugMon_Handler                         0x080018a5   Thumb Code     2  stm32f1xx_it.o(i.DebugMon_Handler)
    EXTI15_10_IRQHandler                     0x080018a7   Thumb Code    20  stm32f1xx_it.o(i.EXTI15_10_IRQHandler)
    Error_Handler                            0x080018bb   Thumb Code     6  main.o(i.Error_Handler)
    Get_Task                                 0x080018c1   Thumb Code   264  freertos.o(i.Get_Task)
    GildeAverageValueFilter_float            0x08001a41   Thumb Code   140  math.o(i.GildeAverageValueFilter_float)
    HAL_DMA_Abort                            0x08001acd   Thumb Code    86  stm32f1xx_hal_dma.o(i.HAL_DMA_Abort)
    HAL_DMA_Abort_IT                         0x08001b25   Thumb Code   414  stm32f1xx_hal_dma.o(i.HAL_DMA_Abort_IT)
    HAL_DMA_IRQHandler                       0x08001ccd   Thumb Code   910  stm32f1xx_hal_dma.o(i.HAL_DMA_IRQHandler)
    HAL_DMA_Init                             0x08002065   Thumb Code   132  stm32f1xx_hal_dma.o(i.HAL_DMA_Init)
    HAL_DMA_Start_IT                         0x080020f1   Thumb Code   156  stm32f1xx_hal_dma.o(i.HAL_DMA_Start_IT)
    HAL_GPIO_EXTI_Callback                   0x0800218d   Thumb Code    20  freertos.o(i.HAL_GPIO_EXTI_Callback)
    HAL_GPIO_EXTI_IRQHandler                 0x080021a5   Thumb Code    24  stm32f1xx_hal_gpio.o(i.HAL_GPIO_EXTI_IRQHandler)
    HAL_GPIO_Init                            0x080021c1   Thumb Code   792  stm32f1xx_hal_gpio.o(i.HAL_GPIO_Init)
    HAL_GPIO_TogglePin                       0x08002501   Thumb Code    20  stm32f1xx_hal_gpio.o(i.HAL_GPIO_TogglePin)
    HAL_GPIO_WritePin                        0x08002515   Thumb Code    12  stm32f1xx_hal_gpio.o(i.HAL_GPIO_WritePin)
    HAL_GetTick                              0x08002521   Thumb Code     6  stm32f1xx_hal.o(i.HAL_GetTick)
    HAL_I2C_Init                             0x0800252d   Thumb Code   446  stm32f1xx_hal_i2c.o(i.HAL_I2C_Init)
    HAL_I2C_Mem_Read                         0x080026fd   Thumb Code   868  stm32f1xx_hal_i2c.o(i.HAL_I2C_Mem_Read)
    HAL_I2C_Mem_Write                        0x08002a71   Thumb Code   348  stm32f1xx_hal_i2c.o(i.HAL_I2C_Mem_Write)
    HAL_I2C_MspInit                          0x08002bd5   Thumb Code   210  i2c.o(i.HAL_I2C_MspInit)
    HAL_IncTick                              0x08002cbd   Thumb Code    16  stm32f1xx_hal.o(i.HAL_IncTick)
    HAL_Init                                 0x08002cd5   Thumb Code    34  stm32f1xx_hal.o(i.HAL_Init)
    HAL_InitTick                             0x08002cfd   Thumb Code   158  stm32f1xx_hal_timebase_tim.o(i.HAL_InitTick)
    HAL_MspInit                              0x08002db1   Thumb Code    86  stm32f1xx_hal_msp.o(i.HAL_MspInit)
    HAL_NVIC_EnableIRQ                       0x08002e11   Thumb Code    32  stm32f1xx_hal_cortex.o(i.HAL_NVIC_EnableIRQ)
    HAL_NVIC_SetPriority                     0x08002e31   Thumb Code   124  stm32f1xx_hal_cortex.o(i.HAL_NVIC_SetPriority)
    HAL_NVIC_SetPriorityGrouping             0x08002ead   Thumb Code    32  stm32f1xx_hal_cortex.o(i.HAL_NVIC_SetPriorityGrouping)
    HAL_RCC_ClockConfig                      0x08002ed5   Thumb Code   376  stm32f1xx_hal_rcc.o(i.HAL_RCC_ClockConfig)
    HAL_RCC_GetClockConfig                   0x08003061   Thumb Code    58  stm32f1xx_hal_rcc.o(i.HAL_RCC_GetClockConfig)
    HAL_RCC_GetHCLKFreq                      0x080030a5   Thumb Code     6  stm32f1xx_hal_rcc.o(i.HAL_RCC_GetHCLKFreq)
    HAL_RCC_GetPCLK1Freq                     0x080030b1   Thumb Code    22  stm32f1xx_hal_rcc.o(i.HAL_RCC_GetPCLK1Freq)
    HAL_RCC_GetPCLK2Freq                     0x080030d1   Thumb Code    22  stm32f1xx_hal_rcc.o(i.HAL_RCC_GetPCLK2Freq)
    HAL_RCC_GetSysClockFreq                  0x080030f1   Thumb Code    92  stm32f1xx_hal_rcc.o(i.HAL_RCC_GetSysClockFreq)
    HAL_RCC_OscConfig                        0x08003161   Thumb Code  1114  stm32f1xx_hal_rcc.o(i.HAL_RCC_OscConfig)
    HAL_TIMEx_BreakCallback                  0x080035c5   Thumb Code     2  stm32f1xx_hal_tim_ex.o(i.HAL_TIMEx_BreakCallback)
    HAL_TIMEx_CommutCallback                 0x080035c7   Thumb Code     2  stm32f1xx_hal_tim_ex.o(i.HAL_TIMEx_CommutCallback)
    HAL_TIMEx_ConfigBreakDeadTime            0x080035c9   Thumb Code   116  stm32f1xx_hal_tim_ex.o(i.HAL_TIMEx_ConfigBreakDeadTime)
    HAL_TIMEx_MasterConfigSynchronization    0x0800363d   Thumb Code   134  stm32f1xx_hal_tim_ex.o(i.HAL_TIMEx_MasterConfigSynchronization)
    HAL_TIM_Base_Init                        0x080036d9   Thumb Code   102  stm32f1xx_hal_tim.o(i.HAL_TIM_Base_Init)
    HAL_TIM_Base_MspInit                     0x08003741   Thumb Code    40  tim.o(i.HAL_TIM_Base_MspInit)
    HAL_TIM_Base_Start_IT                    0x08003771   Thumb Code   122  stm32f1xx_hal_tim.o(i.HAL_TIM_Base_Start_IT)
    HAL_TIM_ConfigClockSource                0x08003801   Thumb Code   268  stm32f1xx_hal_tim.o(i.HAL_TIM_ConfigClockSource)
    HAL_TIM_Encoder_Init                     0x0800390d   Thumb Code   196  stm32f1xx_hal_tim.o(i.HAL_TIM_Encoder_Init)
    HAL_TIM_Encoder_MspInit                  0x080039d1   Thumb Code   184  tim.o(i.HAL_TIM_Encoder_MspInit)
    HAL_TIM_Encoder_Start                    0x08003a95   Thumb Code   204  stm32f1xx_hal_tim.o(i.HAL_TIM_Encoder_Start)
    HAL_TIM_IC_CaptureCallback               0x08003b61   Thumb Code     2  stm32f1xx_hal_tim.o(i.HAL_TIM_IC_CaptureCallback)
    HAL_TIM_IRQHandler                       0x08003b63   Thumb Code   364  stm32f1xx_hal_tim.o(i.HAL_TIM_IRQHandler)
    HAL_TIM_MspPostInit                      0x08003cd1   Thumb Code   180  tim.o(i.HAL_TIM_MspPostInit)
    HAL_TIM_OC_DelayElapsedCallback          0x08003d9d   Thumb Code     2  stm32f1xx_hal_tim.o(i.HAL_TIM_OC_DelayElapsedCallback)
    HAL_TIM_PWM_ConfigChannel                0x08003d9f   Thumb Code   260  stm32f1xx_hal_tim.o(i.HAL_TIM_PWM_ConfigChannel)
    HAL_TIM_PWM_Init                         0x08003ea3   Thumb Code   102  stm32f1xx_hal_tim.o(i.HAL_TIM_PWM_Init)
    HAL_TIM_PWM_MspInit                      0x08003f09   Thumb Code    40  tim.o(i.HAL_TIM_PWM_MspInit)
    HAL_TIM_PWM_PulseFinishedCallback        0x08003f39   Thumb Code     2  stm32f1xx_hal_tim.o(i.HAL_TIM_PWM_PulseFinishedCallback)
    HAL_TIM_PWM_Start                        0x08003f3d   Thumb Code   222  stm32f1xx_hal_tim.o(i.HAL_TIM_PWM_Start)
    HAL_TIM_PeriodElapsedCallback            0x08004031   Thumb Code    18  main.o(i.HAL_TIM_PeriodElapsedCallback)
    HAL_TIM_TriggerCallback                  0x08004049   Thumb Code     2  stm32f1xx_hal_tim.o(i.HAL_TIM_TriggerCallback)
    HAL_UARTEx_ReceiveToIdle_DMA             0x0800404b   Thumb Code   112  stm32f1xx_hal_uart.o(i.HAL_UARTEx_ReceiveToIdle_DMA)
    HAL_UARTEx_RxEventCallback               0x080040bd   Thumb Code   152  freertos.o(i.HAL_UARTEx_RxEventCallback)
    HAL_UART_ErrorCallback                   0x08004181   Thumb Code     2  stm32f1xx_hal_uart.o(i.HAL_UART_ErrorCallback)
    HAL_UART_IRQHandler                      0x08004185   Thumb Code   736  stm32f1xx_hal_uart.o(i.HAL_UART_IRQHandler)
    HAL_UART_Init                            0x08004469   Thumb Code   118  stm32f1xx_hal_uart.o(i.HAL_UART_Init)
    HAL_UART_MspInit                         0x080044e1   Thumb Code   740  usart.o(i.HAL_UART_MspInit)
    HAL_UART_Receive_IT                      0x08004805   Thumb Code    44  stm32f1xx_hal_uart.o(i.HAL_UART_Receive_IT)
    HAL_UART_RxCpltCallback                  0x08004831   Thumb Code    42  freertos.o(i.HAL_UART_RxCpltCallback)
    HAL_UART_RxHalfCpltCallback              0x08004869   Thumb Code     2  stm32f1xx_hal_uart.o(i.HAL_UART_RxHalfCpltCallback)
    HAL_UART_Transmit                        0x0800486b   Thumb Code   190  stm32f1xx_hal_uart.o(i.HAL_UART_Transmit)
    HAL_UART_Transmit_DMA                    0x08004929   Thumb Code   128  stm32f1xx_hal_uart.o(i.HAL_UART_Transmit_DMA)
    HAL_UART_Transmit_IT                     0x080049b5   Thumb Code    56  stm32f1xx_hal_uart.o(i.HAL_UART_Transmit_IT)
    HAL_UART_TxCpltCallback                  0x080049ed   Thumb Code     2  stm32f1xx_hal_uart.o(i.HAL_UART_TxCpltCallback)
    HAL_UART_TxHalfCpltCallback              0x080049ef   Thumb Code     2  stm32f1xx_hal_uart.o(i.HAL_UART_TxHalfCpltCallback)
    HardFault_Handler                        0x080049f1   Thumb Code     4  stm32f1xx_it.o(i.HardFault_Handler)
    Incremental_PID_val                      0x08004f83   Thumb Code   122  pid.o(i.Incremental_PID_val)
    MX_DMA_Init                              0x08004ffd   Thumb Code   122  dma.o(i.MX_DMA_Init)
    MX_FREERTOS_Init                         0x0800507d   Thumb Code   102  freertos.o(i.MX_FREERTOS_Init)
    MX_GPIO_Init                             0x08005131   Thumb Code   228  gpio.o(i.MX_GPIO_Init)
    MX_I2C1_Init                             0x08005225   Thumb Code    48  i2c.o(i.MX_I2C1_Init)
    MX_I2C2_Init                             0x08005261   Thumb Code    48  i2c.o(i.MX_I2C2_Init)
    MX_TIM1_Init                             0x0800529d   Thumb Code   122  tim.o(i.MX_TIM1_Init)
    MX_TIM2_Init                             0x08005321   Thumb Code   122  tim.o(i.MX_TIM2_Init)
    MX_TIM3_Init                             0x080053a1   Thumb Code   202  tim.o(i.MX_TIM3_Init)
    MX_TIM8_Init                             0x08005475   Thumb Code   182  tim.o(i.MX_TIM8_Init)
    MX_UART4_Init                            0x08005535   Thumb Code    46  usart.o(i.MX_UART4_Init)
    MX_UART5_Init                            0x0800556d   Thumb Code    46  usart.o(i.MX_UART5_Init)
    MX_USART1_UART_Init                      0x080055a5   Thumb Code    46  usart.o(i.MX_USART1_UART_Init)
    MX_USART2_UART_Init                      0x080055dd   Thumb Code    46  usart.o(i.MX_USART2_UART_Init)
    MemManage_Handler                        0x08005615   Thumb Code     4  stm32f1xx_it.o(i.MemManage_Handler)
    Motor_Set                                0x08005619   Thumb Code   264  motor.o(i.Motor_Set)
    Motor_Set_Val                            0x0800572d   Thumb Code    52  pid.o(i.Motor_Set_Val)
    Move_Control                             0x08005771   Thumb Code   208  freertos.o(i.Move_Control)
    NMI_Handler                              0x08005871   Thumb Code     4  stm32f1xx_it.o(i.NMI_Handler)
    PID_init                                 0x08005875   Thumb Code   154  pid.o(i.PID_init)
    PID_realize_dis                          0x08005945   Thumb Code    94  pid.o(i.PID_realize_dis)
    PID_realize_lidar                        0x080059a5   Thumb Code   138  pid.o(i.PID_realize_lidar)
    PID_realize_mpu                          0x08005a3d   Thumb Code   198  pid.o(i.PID_realize_mpu)
    Read_ID                                  0x08005b39   Thumb Code    36  freertos.o(i.Read_ID)
    Read_Lidar                               0x08005b65   Thumb Code   100  freertos.o(i.Read_Lidar)
    Read_MPU                                 0x08005bdd   Thumb Code    80  freertos.o(i.Read_MPU)
    Sliding_Window_Algorithm                 0x08005c3d   Thumb Code    38  math.o(i.Sliding_Window_Algorithm)
    SysTick_Handler                          0x08005c63   Thumb Code    22  cmsis_os2.o(i.SysTick_Handler)
    SystemClock_Config                       0x08005c79   Thumb Code   102  main.o(i.SystemClock_Config)
    SystemInit                               0x08005cdf   Thumb Code     2  system_stm32f1xx.o(i.SystemInit)
    TIM7_IRQHandler                          0x08005ce1   Thumb Code    10  stm32f1xx_it.o(i.TIM7_IRQHandler)
    TIM_Base_SetConfig                       0x08005cf1   Thumb Code   150  stm32f1xx_hal_tim.o(i.TIM_Base_SetConfig)
    TIM_CCxChannelCmd                        0x08005d9d   Thumb Code    34  stm32f1xx_hal_tim.o(i.TIM_CCxChannelCmd)
    TIM_ETR_SetConfig                        0x08005dbf   Thumb Code    22  stm32f1xx_hal_tim.o(i.TIM_ETR_SetConfig)
    TIM_OC2_SetConfig                        0x08005e59   Thumb Code   114  stm32f1xx_hal_tim.o(i.TIM_OC2_SetConfig)
    UART4_IRQHandler                         0x08005ff1   Thumb Code    10  stm32f1xx_it.o(i.UART4_IRQHandler)
    UART5_IRQHandler                         0x08006001   Thumb Code    10  stm32f1xx_it.o(i.UART5_IRQHandler)
    UART_Start_Receive_DMA                   0x0800645d   Thumb Code   186  stm32f1xx_hal_uart.o(i.UART_Start_Receive_DMA)
    UART_Start_Receive_IT                    0x08006525   Thumb Code    64  stm32f1xx_hal_uart.o(i.UART_Start_Receive_IT)
    USART1_IRQHandler                        0x08006651   Thumb Code    10  stm32f1xx_it.o(i.USART1_IRQHandler)
    USART2_IRQHandler                        0x08006661   Thumb Code    10  stm32f1xx_it.o(i.USART2_IRQHandler)
    UsageFault_Handler                       0x08006671   Thumb Code     4  stm32f1xx_it.o(i.UsageFault_Handler)
    VL6180X_Init                             0x08006675   Thumb Code   438  vl6180x.o(i.VL6180X_Init)
    VL6180X_Range_Cailbration                0x0800682b   Thumb Code    84  vl6180x.o(i.VL6180X_Range_Cailbration)
    VL6180X_ReadReg                          0x08006881   Thumb Code    72  vl6180x.o(i.VL6180X_ReadReg)
    VL6180X_Read_ID                          0x080068d1   Thumb Code    14  vl6180x.o(i.VL6180X_Read_ID)
    VL6180X_Read_Range                       0x080068df   Thumb Code    76  vl6180x.o(i.VL6180X_Read_Range)
    VL6180X_WriteReg                         0x0800692d   Thumb Code    72  vl6180x.o(i.VL6180X_WriteReg)
    __0printf                                0x0800697d   Thumb Code    22  printfa.o(i.__0printf)
    __1printf                                0x0800697d   Thumb Code     0  printfa.o(i.__0printf)
    __2printf                                0x0800697d   Thumb Code     0  printfa.o(i.__0printf)
    __c89printf                              0x0800697d   Thumb Code     0  printfa.o(i.__0printf)
    printf                                   0x0800697d   Thumb Code     0  printfa.o(i.__0printf)
    __scatterload_copy                       0x080069db   Thumb Code    14  handlers.o(i.__scatterload_copy)
    __scatterload_null                       0x080069e9   Thumb Code     2  handlers.o(i.__scatterload_null)
    __scatterload_zeroinit                   0x080069eb   Thumb Code    14  handlers.o(i.__scatterload_zeroinit)
    _is_digit                                0x08006b7d   Thumb Code    14  scanf_fp.o(i._is_digit)
    atk_ms901m_get_attitude                  0x080072bd   Thumb Code    92  atk_ms901m.o(i.atk_ms901m_get_attitude)
    atk_ms901m_init                          0x080074bd   Thumb Code    28  atk_ms901m.o(i.atk_ms901m_init)
    atk_ms901m_read_reg_by_id                0x080074dd   Thumb Code   150  atk_ms901m.o(i.atk_ms901m_read_reg_by_id)
    atk_ms901m_sita_init                     0x08007575   Thumb Code    48  atk_ms901m.o(i.atk_ms901m_sita_init)
    atk_ms901m_uart_init                     0x080075a9   Thumb Code    20  atk_ms901m_uart.o(i.atk_ms901m_uart_init)
    atk_ms901m_uart_rx_fifo_read             0x080075c1   Thumb Code   122  atk_ms901m_uart.o(i.atk_ms901m_uart_rx_fifo_read)
    atk_ms901m_uart_rx_fifo_write            0x08007641   Thumb Code    62  atk_ms901m_uart.o(i.atk_ms901m_uart_rx_fifo_write)
    atk_ms901m_uart_send                     0x08007685   Thumb Code    18  atk_ms901m_uart.o(i.atk_ms901m_uart_send)
    delay_us                                 0x0800769d   Thumb Code    40  delay.o(i.delay_us)
    fputc                                    0x080076c5   Thumb Code    22  usart.o(i.fputc)
    main                                     0x080076e1   Thumb Code   182  main.o(i.main)
    osKernelInitialize                       0x080077c5   Thumb Code    38  cmsis_os2.o(i.osKernelInitialize)
    osKernelStart                            0x080077f1   Thumb Code    82  cmsis_os2.o(i.osKernelStart)
    osSemaphoreNew                           0x08007851   Thumb Code   204  cmsis_os2.o(i.osSemaphoreNew)
    osThreadNew                              0x0800791d   Thumb Code   184  cmsis_os2.o(i.osThreadNew)
    pvPortMalloc                             0x0800840d   Thumb Code   306  heap_4.o(i.pvPortMalloc)
    pvTaskIncrementMutexHeldCount            0x08008559   Thumb Code    26  tasks.o(i.pvTaskIncrementMutexHeldCount)
    pxPortInitialiseStack                    0x08008579   Thumb Code    30  port.o(i.pxPortInitialiseStack)
    uxListRemove                             0x0800859d   Thumb Code    40  list.o(i.uxListRemove)
    vApplicationGetIdleTaskMemory            0x080085c5   Thumb Code    14  cmsis_os2.o(i.vApplicationGetIdleTaskMemory)
    vApplicationGetTimerTaskMemory           0x080085dd   Thumb Code    16  cmsis_os2.o(i.vApplicationGetTimerTaskMemory)
    vListInitialise                          0x080085f5   Thumb Code    26  list.o(i.vListInitialise)
    vListInitialiseItem                      0x0800860f   Thumb Code     6  list.o(i.vListInitialiseItem)
    vListInsert                              0x08008615   Thumb Code    52  list.o(i.vListInsert)
    vListInsertEnd                           0x08008649   Thumb Code    24  list.o(i.vListInsertEnd)
    vPortEnterCritical                       0x08008661   Thumb Code    76  port.o(i.vPortEnterCritical)
    vPortExitCritical                        0x080086b5   Thumb Code    56  port.o(i.vPortExitCritical)
    vPortFree                                0x080086f1   Thumb Code   150  heap_4.o(i.vPortFree)
    vPortSetupTimerInterrupt                 0x08008795   Thumb Code    36  port.o(i.vPortSetupTimerInterrupt)
    vPortValidateInterruptPriority           0x080087bd   Thumb Code   106  port.o(i.vPortValidateInterruptPriority)
    vQueueAddToRegistry                      0x08008835   Thumb Code    38  queue.o(i.vQueueAddToRegistry)
    vQueueDelete                             0x08008861   Thumb Code    50  queue.o(i.vQueueDelete)
    vQueueUnregisterQueue                    0x08008895   Thumb Code    44  queue.o(i.vQueueUnregisterQueue)
    vQueueWaitForMessageRestricted           0x080088c5   Thumb Code    74  queue.o(i.vQueueWaitForMessageRestricted)
    vTaskDelay                               0x08008911   Thumb Code    82  tasks.o(i.vTaskDelay)
    vTaskInternalSetTimeOutState             0x0800896d   Thumb Code    14  tasks.o(i.vTaskInternalSetTimeOutState)
    vTaskMissedYield                         0x08008985   Thumb Code     8  tasks.o(i.vTaskMissedYield)
    vTaskPlaceOnEventList                    0x08008991   Thumb Code    52  tasks.o(i.vTaskPlaceOnEventList)
    vTaskPlaceOnEventListRestricted          0x080089c9   Thumb Code    60  tasks.o(i.vTaskPlaceOnEventListRestricted)
    vTaskPriorityDisinheritAfterTimeout      0x08008a09   Thumb Code   194  tasks.o(i.vTaskPriorityDisinheritAfterTimeout)
    vTaskStartScheduler                      0x08008ad9   Thumb Code   156  tasks.o(i.vTaskStartScheduler)
    vTaskSuspendAll                          0x08008b91   Thumb Code    12  tasks.o(i.vTaskSuspendAll)
    vTaskSwitchContext                       0x08008ba1   Thumb Code   122  tasks.o(i.vTaskSwitchContext)
    xPortStartScheduler                      0x08008c31   Thumb Code   228  port.o(i.xPortStartScheduler)
    xPortSysTickHandler                      0x08008d29   Thumb Code    46  port.o(i.xPortSysTickHandler)
    xQueueCreateCountingSemaphore            0x08008d5d   Thumb Code    92  queue.o(i.xQueueCreateCountingSemaphore)
    xQueueCreateCountingSemaphoreStatic      0x08008db9   Thumb Code   100  queue.o(i.xQueueCreateCountingSemaphoreStatic)
    xQueueGenericCreate                      0x08008e1d   Thumb Code    90  queue.o(i.xQueueGenericCreate)
    xQueueGenericCreateStatic                0x08008e77   Thumb Code   224  queue.o(i.xQueueGenericCreateStatic)
    xQueueGenericReset                       0x08008f59   Thumb Code   146  queue.o(i.xQueueGenericReset)
    xQueueGenericSend                        0x08008ff1   Thumb Code   420  queue.o(i.xQueueGenericSend)
    xQueueGenericSendFromISR                 0x08009199   Thumb Code   252  queue.o(i.xQueueGenericSendFromISR)
    xQueueGiveFromISR                        0x08009295   Thumb Code   224  queue.o(i.xQueueGiveFromISR)
    xQueueReceive                            0x08009375   Thumb Code   356  queue.o(i.xQueueReceive)
    xQueueSemaphoreTake                      0x080094dd   Thumb Code   434  queue.o(i.xQueueSemaphoreTake)
    xTaskCheckForTimeOut                     0x08009695   Thumb Code   132  tasks.o(i.xTaskCheckForTimeOut)
    xTaskCreate                              0x08009721   Thumb Code   100  tasks.o(i.xTaskCreate)
    xTaskCreateStatic                        0x08009785   Thumb Code   186  tasks.o(i.xTaskCreateStatic)
    xTaskGetSchedulerState                   0x08009841   Thumb Code    24  tasks.o(i.xTaskGetSchedulerState)
    xTaskGetTickCount                        0x08009861   Thumb Code     6  tasks.o(i.xTaskGetTickCount)
    xTaskIncrementTick                       0x0800986d   Thumb Code   280  tasks.o(i.xTaskIncrementTick)
    xTaskPriorityDisinherit                  0x080099b1   Thumb Code   152  tasks.o(i.xTaskPriorityDisinherit)
    xTaskPriorityInherit                     0x08009a55   Thumb Code   150  tasks.o(i.xTaskPriorityInherit)
    xTaskRemoveFromEventList                 0x08009af9   Thumb Code   126  tasks.o(i.xTaskRemoveFromEventList)
    xTaskResumeAll                           0x08009b91   Thumb Code   222  tasks.o(i.xTaskResumeAll)
    xTimerCreateTimerTask                    0x08009c95   Thumb Code   100  timers.o(i.xTimerCreateTimerTask)
    xTimerGenericCommand                     0x08009d0d   Thumb Code   128  timers.o(i.xTimerGenericCommand)
    GET_TASK_attributes                      0x08009d90   Data          36  freertos.o(.constdata)
    MPU_TASK_attributes                      0x08009db4   Data          36  freertos.o(.constdata)
    LIDAR_TASK_attributes                    0x08009dd8   Data          36  freertos.o(.constdata)
    PID_TASK_attributes                      0x08009dfc   Data          36  freertos.o(.constdata)
    CARD_TASK_attributes                     0x08009e20   Data          36  freertos.o(.constdata)
    CARD_FLAG_attributes                     0x08009e44   Data          16  freertos.o(.constdata)
    TASK_FLAG_attributes                     0x08009e54   Data          16  freertos.o(.constdata)
    AHBPrescTable                            0x08009e76   Data          16  system_stm32f1xx.o(.constdata)
    APBPrescTable                            0x08009e86   Data           8  system_stm32f1xx.o(.constdata)
    __ctype_categories                       0x08009e8e   Data          64  ctype_c.o(.constdata)
    Region$$Table$$Base                      0x08009f80   Number         0  anon$$obj.o(Region$$Table)
    Region$$Table$$Limit                     0x08009fa0   Number         0  anon$$obj.o(Region$$Table)
    mpu_once_isr_data                        0x20000000   Data           1  main.o(.data)
    TEST                                     0x20000001   Data           1  main.o(.data)
    mpu_isReady                              0x20000004   Data           1  freertos.o(.data)
    lidar_isReady                            0x20000005   Data           1  freertos.o(.data)
    sita                                     0x20000008   Data           4  freertos.o(.data)
    ISDONE                                   0x2000000c   Data           1  freertos.o(.data)
    ISID                                     0x2000000d   Data           1  freertos.o(.data)
    ISSTOP                                   0x2000000e   Data           1  freertos.o(.data)
    Queue_lidar                              0x20000010   Data          20  freertos.o(.data)
    q_size                                   0x20000024   Data           4  freertos.o(.data)
    move_task_stat                           0x20000028   Data           4  freertos.o(.data)
    GET_TASKHandle                           0x2000002c   Data           4  freertos.o(.data)
    MPU_TASKHandle                           0x20000030   Data           4  freertos.o(.data)
    LIDAR_TASKHandle                         0x20000034   Data           4  freertos.o(.data)
    PID_TASKHandle                           0x20000038   Data           4  freertos.o(.data)
    CARD_TASKHandle                          0x2000003c   Data           4  freertos.o(.data)
    CARD_FLAGHandle                          0x20000040   Data           4  freertos.o(.data)
    TASK_FLAGHandle                          0x20000044   Data           4  freertos.o(.data)
    xHigherPriorityTaskWoken_stop            0x20000048   Data           4  freertos.o(.data)
    xHigherPriorityTaskWoken_card            0x2000004c   Data           4  freertos.o(.data)
    xHigherPriorityTaskWoken_serial          0x20000050   Data           4  freertos.o(.data)
    uwTick                                   0x20000054   Data           4  stm32f1xx_hal.o(.data)
    uwTickPrio                               0x20000058   Data           4  stm32f1xx_hal.o(.data)
    uwTickFreq                               0x2000005c   Data           1  stm32f1xx_hal.o(.data)
    SystemCoreClock                          0x20000060   Data           4  system_stm32f1xx.o(.data)
    pxCurrentTCB                             0x20000064   Data           4  tasks.o(.data)
    LEFT_MOTOR                               0x200000e8   Data           8  motor.o(.data)
    RIG_MOTOR                                0x200000f0   Data           8  motor.o(.data)
    test                                     0x200000f8   Data           8  pid.o(.data)
    __stdout                                 0x20000100   Data           4  stdout.o(.data)
    CARD_DATA                                0x20000104   Data          20  main.o(.bss)
    ORDER_DATA                               0x20000118   Data          10  main.o(.bss)
    TargetPara                               0x20000124   Data          20  freertos.o(.bss)
    lidar                                    0x20000138   Data          12  freertos.o(.bss)
    Car_stat                                 0x20000144   Data          20  freertos.o(.bss)
    hi2c1                                    0x20000158   Data          84  i2c.o(.bss)
    hi2c2                                    0x200001ac   Data          84  i2c.o(.bss)
    htim1                                    0x20000200   Data          72  tim.o(.bss)
    htim2                                    0x20000248   Data          72  tim.o(.bss)
    htim3                                    0x20000290   Data          72  tim.o(.bss)
    htim8                                    0x200002d8   Data          72  tim.o(.bss)
    huart4                                   0x20000320   Data          72  usart.o(.bss)
    huart5                                   0x20000368   Data          72  usart.o(.bss)
    huart1                                   0x200003b0   Data          72  usart.o(.bss)
    huart2                                   0x200003f8   Data          72  usart.o(.bss)
    hdma_uart4_rx                            0x20000440   Data          68  usart.o(.bss)
    hdma_usart1_rx                           0x20000484   Data          68  usart.o(.bss)
    hdma_usart2_rx                           0x200004c8   Data          68  usart.o(.bss)
    hdma_usart2_tx                           0x2000050c   Data          68  usart.o(.bss)
    htim7                                    0x20000550   Data          72  stm32f1xx_hal_timebase_tim.o(.bss)
    xQueueRegistry                           0x20000598   Data          64  queue.o(.bss)
    gyro_dat                                 0x20002464   Data          20  atk_ms901m.o(.bss)
    accelerometer_dat                        0x20002478   Data          20  atk_ms901m.o(.bss)
    quaternion_dat                           0x2000248c   Data          16  atk_ms901m.o(.bss)
    attitude_dat                             0x2000249c   Data          12  atk_ms901m.o(.bss)
    local_pid                                0x20002530   Data          68  pid.o(.bss)
    left_incremental_pid                     0x20002574   Data          68  pid.o(.bss)
    right_incremental_pid                    0x200025b8   Data          68  pid.o(.bss)
    mpu_pid                                  0x200025fc   Data          68  pid.o(.bss)
    Lidar_pid                                0x20002640   Data          68  pid.o(.bss)
    __initial_sp                             0x20002a88   Data           0  startup_stm32f103xe.o(STACK)



==============================================================================

Memory Map of the image

  Image Entry point : 0x08000131

  Load Region LR_IROM1 (Base: 0x08000000, Size: 0x0000a0a4, Max: 0x00040000, ABSOLUTE)

    Execution Region ER_IROM1 (Exec base: 0x08000000, Load base: 0x08000000, Size: 0x00009fa0, Max: 0x00040000, ABSOLUTE)

    Exec Addr    Load Addr    Size         Type   Attr      Idx    E Section Name        Object

    0x08000000   0x08000000   0x00000130   Data   RO            3    RESET               startup_stm32f103xe.o
    0x08000130   0x08000130   0x00000000   Code   RO         6309  * .ARM.Collect$$$$00000000  mc_w.l(entry.o)
    0x08000130   0x08000130   0x00000004   Code   RO         6629    .ARM.Collect$$$$00000001  mc_w.l(entry2.o)
    0x08000134   0x08000134   0x00000004   Code   RO         6632    .ARM.Collect$$$$00000004  mc_w.l(entry5.o)
    0x08000138   0x08000138   0x00000000   Code   RO         6634    .ARM.Collect$$$$00000008  mc_w.l(entry7b.o)
    0x08000138   0x08000138   0x00000000   Code   RO         6636    .ARM.Collect$$$$0000000A  mc_w.l(entry8b.o)
    0x08000138   0x08000138   0x00000008   Code   RO         6637    .ARM.Collect$$$$0000000B  mc_w.l(entry9a.o)
    0x08000140   0x08000140   0x00000000   Code   RO         6639    .ARM.Collect$$$$0000000D  mc_w.l(entry10a.o)
    0x08000140   0x08000140   0x00000000   Code   RO         6641    .ARM.Collect$$$$0000000F  mc_w.l(entry11a.o)
    0x08000140   0x08000140   0x00000004   Code   RO         6630    .ARM.Collect$$$$00002712  mc_w.l(entry2.o)
    0x08000144   0x08000144   0x00000096   Code   RO         5436    .emb_text           port.o
    0x080001da   0x080001da   0x00000002   PAD
    0x080001dc   0x080001dc   0x00000024   Code   RO            4    .text               startup_stm32f103xe.o
    0x08000200   0x08000200   0x00000020   Code   RO         6312    .text               mc_w.l(llushr.o)
    0x08000220   0x08000220   0x00000024   Code   RO         6314    .text               mc_w.l(memcpya.o)
    0x08000244   0x08000244   0x00000024   Code   RO         6318    .text               mc_w.l(memseta.o)
    0x08000268   0x08000268   0x0000001c   Code   RO         6324    .text               mc_w.l(strcmp.o)
    0x08000284   0x08000284   0x00000038   Code   RO         6591    .text               mc_w.l(__0sscanf.o)
    0x080002bc   0x080002bc   0x000000e0   Code   RO         6593    .text               mc_w.l(_scanf_str.o)
    0x0800039c   0x0800039c   0x00000360   Code   RO         6595    .text               mc_w.l(scanf_fp.o)
    0x080006fc   0x080006fc   0x000000b0   Code   RO         6599    .text               mf_w.l(fadd.o)
    0x080007ac   0x080007ac   0x00000064   Code   RO         6601    .text               mf_w.l(fmul.o)
    0x08000810   0x08000810   0x0000007c   Code   RO         6603    .text               mf_w.l(fdiv.o)
    0x0800088c   0x0800088c   0x0000014e   Code   RO         6605    .text               mf_w.l(dadd.o)
    0x080009da   0x080009da   0x000000e4   Code   RO         6607    .text               mf_w.l(dmul.o)
    0x08000abe   0x08000abe   0x000000de   Code   RO         6609    .text               mf_w.l(ddiv.o)
    0x08000b9c   0x08000b9c   0x00000012   Code   RO         6611    .text               mf_w.l(fflti.o)
    0x08000bae   0x08000bae   0x0000000a   Code   RO         6613    .text               mf_w.l(ffltui.o)
    0x08000bb8   0x08000bb8   0x00000028   Code   RO         6615    .text               mf_w.l(ffixui.o)
    0x08000be0   0x08000be0   0x00000026   Code   RO         6617    .text               mf_w.l(f2d.o)
    0x08000c06   0x08000c06   0x00000002   PAD
    0x08000c08   0x08000c08   0x00000030   Code   RO         6619    .text               mf_w.l(cdcmple.o)
    0x08000c38   0x08000c38   0x00000030   Code   RO         6621    .text               mf_w.l(cdrcmple.o)
    0x08000c68   0x08000c68   0x00000038   Code   RO         6623    .text               mf_w.l(d2f.o)
    0x08000ca0   0x08000ca0   0x00000014   Code   RO         6625    .text               mf_w.l(cfcmple.o)
    0x08000cb4   0x08000cb4   0x00000014   Code   RO         6627    .text               mf_w.l(cfrcmple.o)
    0x08000cc8   0x08000cc8   0x0000002c   Code   RO         6644    .text               mc_w.l(uidiv.o)
    0x08000cf4   0x08000cf4   0x00000062   Code   RO         6646    .text               mc_w.l(uldiv.o)
    0x08000d56   0x08000d56   0x0000001e   Code   RO         6648    .text               mc_w.l(llshl.o)
    0x08000d74   0x08000d74   0x00000024   Code   RO         6650    .text               mc_w.l(llsshr.o)
    0x08000d98   0x08000d98   0x00000028   Code   RO         6652    .text               mc_w.l(scanf_char.o)
    0x08000dc0   0x08000dc0   0x00000040   Code   RO         6654    .text               mc_w.l(_sgetc.o)
    0x08000e00   0x08000e00   0x00000000   Code   RO         6656    .text               mc_w.l(iusefp.o)
    0x08000e00   0x08000e00   0x0000006e   Code   RO         6657    .text               mf_w.l(fepilogue.o)
    0x08000e6e   0x08000e6e   0x000000ba   Code   RO         6659    .text               mf_w.l(depilogue.o)
    0x08000f28   0x08000f28   0x00000018   Code   RO         6661    .text               mf_w.l(dfltul.o)
    0x08000f40   0x08000f40   0x00000030   Code   RO         6663    .text               mf_w.l(dfixul.o)
    0x08000f70   0x08000f70   0x00000024   Code   RO         6665    .text               mc_w.l(init.o)
    0x08000f94   0x08000f94   0x0000000a   Code   RO         6667    .text               mc_w.l(isspace_c.o)
    0x08000f9e   0x08000f9e   0x00000002   PAD
    0x08000fa0   0x08000fa0   0x0000032c   Code   RO         6669    .text               mc_w.l(_scanf.o)
    0x080012cc   0x080012cc   0x00000028   Code   RO         6671    .text               mc_w.l(ctype_c.o)
    0x080012f4   0x080012f4   0x00000004   Code   RO          602    i.BusFault_Handler  stm32f1xx_it.o
    0x080012f8   0x080012f8   0x000000f4   Code   RO         5871    i.CarGoAhead        pid.o
    0x080013ec   0x080013ec   0x000000fc   Code   RO         5874    i.CarSetDis         pid.o
    0x080014e8   0x080014e8   0x00000088   Code   RO          260    i.CarStatParmPrint  freertos.o
    0x08001570   0x08001570   0x00000184   Code   RO         5822    i.CarStat_Get       motor.o
    0x080016f4   0x080016f4   0x00000110   Code   RO         5875    i.CarTurn           pid.o
    0x08001804   0x08001804   0x00000018   Code   RO         5823    i.Car_Alpha_ReFresh  motor.o
    0x0800181c   0x0800181c   0x0000001c   Code   RO         5824    i.Car_Dis_ReFresh   motor.o
    0x08001838   0x08001838   0x00000010   Code   RO          603    i.DMA1_Channel5_IRQHandler  stm32f1xx_it.o
    0x08001848   0x08001848   0x00000010   Code   RO          604    i.DMA1_Channel6_IRQHandler  stm32f1xx_it.o
    0x08001858   0x08001858   0x00000010   Code   RO          605    i.DMA1_Channel7_IRQHandler  stm32f1xx_it.o
    0x08001868   0x08001868   0x00000010   Code   RO          606    i.DMA2_Channel3_IRQHandler  stm32f1xx_it.o
    0x08001878   0x08001878   0x0000002c   Code   RO         2188    i.DMA_SetConfig     stm32f1xx_hal_dma.o
    0x080018a4   0x080018a4   0x00000002   Code   RO          607    i.DebugMon_Handler  stm32f1xx_it.o
    0x080018a6   0x080018a6   0x00000014   Code   RO          608    i.EXTI15_10_IRQHandler  stm32f1xx_it.o
    0x080018ba   0x080018ba   0x00000006   Code   RO           14    i.Error_Handler     main.o
    0x080018c0   0x080018c0   0x00000180   Code   RO          261    i.Get_Task          freertos.o
    0x08001a40   0x08001a40   0x0000008c   Code   RO         5717    i.GildeAverageValueFilter_float  math.o
    0x08001acc   0x08001acc   0x00000056   Code   RO         2189    i.HAL_DMA_Abort     stm32f1xx_hal_dma.o
    0x08001b22   0x08001b22   0x00000002   PAD
    0x08001b24   0x08001b24   0x000001a8   Code   RO         2190    i.HAL_DMA_Abort_IT  stm32f1xx_hal_dma.o
    0x08001ccc   0x08001ccc   0x00000398   Code   RO         2194    i.HAL_DMA_IRQHandler  stm32f1xx_hal_dma.o
    0x08002064   0x08002064   0x0000008c   Code   RO         2195    i.HAL_DMA_Init      stm32f1xx_hal_dma.o
    0x080020f0   0x080020f0   0x0000009c   Code   RO         2199    i.HAL_DMA_Start_IT  stm32f1xx_hal_dma.o
    0x0800218c   0x0800218c   0x00000018   Code   RO          262    i.HAL_GPIO_EXTI_Callback  freertos.o
    0x080021a4   0x080021a4   0x0000001c   Code   RO         2124    i.HAL_GPIO_EXTI_IRQHandler  stm32f1xx_hal_gpio.o
    0x080021c0   0x080021c0   0x00000340   Code   RO         2125    i.HAL_GPIO_Init     stm32f1xx_hal_gpio.o
    0x08002500   0x08002500   0x00000014   Code   RO         2128    i.HAL_GPIO_TogglePin  stm32f1xx_hal_gpio.o
    0x08002514   0x08002514   0x0000000c   Code   RO         2129    i.HAL_GPIO_WritePin  stm32f1xx_hal_gpio.o
    0x08002520   0x08002520   0x0000000c   Code   RO         1814    i.HAL_GetTick       stm32f1xx_hal.o
    0x0800252c   0x0800252c   0x000001d0   Code   RO         2822    i.HAL_I2C_Init      stm32f1xx_hal_i2c.o
    0x080026fc   0x080026fc   0x00000374   Code   RO         2840    i.HAL_I2C_Mem_Read  stm32f1xx_hal_i2c.o
    0x08002a70   0x08002a70   0x00000164   Code   RO         2843    i.HAL_I2C_Mem_Write  stm32f1xx_hal_i2c.o
    0x08002bd4   0x08002bd4   0x000000e8   Code   RO          399    i.HAL_I2C_MspInit   i2c.o
    0x08002cbc   0x08002cbc   0x00000018   Code   RO         1820    i.HAL_IncTick       stm32f1xx_hal.o
    0x08002cd4   0x08002cd4   0x00000028   Code   RO         1821    i.HAL_Init          stm32f1xx_hal.o
    0x08002cfc   0x08002cfc   0x000000b4   Code   RO          744    i.HAL_InitTick      stm32f1xx_hal_timebase_tim.o
    0x08002db0   0x08002db0   0x00000060   Code   RO          720    i.HAL_MspInit       stm32f1xx_hal_msp.o
    0x08002e10   0x08002e10   0x00000020   Code   RO         2285    i.HAL_NVIC_EnableIRQ  stm32f1xx_hal_cortex.o
    0x08002e30   0x08002e30   0x0000007c   Code   RO         2291    i.HAL_NVIC_SetPriority  stm32f1xx_hal_cortex.o
    0x08002eac   0x08002eac   0x00000028   Code   RO         2292    i.HAL_NVIC_SetPriorityGrouping  stm32f1xx_hal_cortex.o
    0x08002ed4   0x08002ed4   0x0000018c   Code   RO         1978    i.HAL_RCC_ClockConfig  stm32f1xx_hal_rcc.o
    0x08003060   0x08003060   0x00000044   Code   RO         1982    i.HAL_RCC_GetClockConfig  stm32f1xx_hal_rcc.o
    0x080030a4   0x080030a4   0x0000000c   Code   RO         1983    i.HAL_RCC_GetHCLKFreq  stm32f1xx_hal_rcc.o
    0x080030b0   0x080030b0   0x00000020   Code   RO         1985    i.HAL_RCC_GetPCLK1Freq  stm32f1xx_hal_rcc.o
    0x080030d0   0x080030d0   0x00000020   Code   RO         1986    i.HAL_RCC_GetPCLK2Freq  stm32f1xx_hal_rcc.o
    0x080030f0   0x080030f0   0x00000070   Code   RO         1987    i.HAL_RCC_GetSysClockFreq  stm32f1xx_hal_rcc.o
    0x08003160   0x08003160   0x00000464   Code   RO         1990    i.HAL_RCC_OscConfig  stm32f1xx_hal_rcc.o
    0x080035c4   0x080035c4   0x00000002   Code   RO         1536    i.HAL_TIMEx_BreakCallback  stm32f1xx_hal_tim_ex.o
    0x080035c6   0x080035c6   0x00000002   Code   RO         1537    i.HAL_TIMEx_CommutCallback  stm32f1xx_hal_tim_ex.o
    0x080035c8   0x080035c8   0x00000074   Code   RO         1539    i.HAL_TIMEx_ConfigBreakDeadTime  stm32f1xx_hal_tim_ex.o
    0x0800363c   0x0800363c   0x0000009c   Code   RO         1555    i.HAL_TIMEx_MasterConfigSynchronization  stm32f1xx_hal_tim_ex.o
    0x080036d8   0x080036d8   0x00000066   Code   RO          821    i.HAL_TIM_Base_Init  stm32f1xx_hal_tim.o
    0x0800373e   0x0800373e   0x00000002   PAD
    0x08003740   0x08003740   0x00000030   Code   RO          447    i.HAL_TIM_Base_MspInit  tim.o
    0x08003770   0x08003770   0x00000090   Code   RO          826    i.HAL_TIM_Base_Start_IT  stm32f1xx_hal_tim.o
    0x08003800   0x08003800   0x0000010c   Code   RO          830    i.HAL_TIM_ConfigClockSource  stm32f1xx_hal_tim.o
    0x0800390c   0x0800390c   0x000000c4   Code   RO          842    i.HAL_TIM_Encoder_Init  stm32f1xx_hal_tim.o
    0x080039d0   0x080039d0   0x000000c4   Code   RO          449    i.HAL_TIM_Encoder_MspInit  tim.o
    0x08003a94   0x08003a94   0x000000cc   Code   RO          845    i.HAL_TIM_Encoder_Start  stm32f1xx_hal_tim.o
    0x08003b60   0x08003b60   0x00000002   Code   RO          855    i.HAL_TIM_IC_CaptureCallback  stm32f1xx_hal_tim.o
    0x08003b62   0x08003b62   0x0000016c   Code   RO          869    i.HAL_TIM_IRQHandler  stm32f1xx_hal_tim.o
    0x08003cce   0x08003cce   0x00000002   PAD
    0x08003cd0   0x08003cd0   0x000000cc   Code   RO          450    i.HAL_TIM_MspPostInit  tim.o
    0x08003d9c   0x08003d9c   0x00000002   Code   RO          872    i.HAL_TIM_OC_DelayElapsedCallback  stm32f1xx_hal_tim.o
    0x08003d9e   0x08003d9e   0x00000104   Code   RO          893    i.HAL_TIM_PWM_ConfigChannel  stm32f1xx_hal_tim.o
    0x08003ea2   0x08003ea2   0x00000066   Code   RO          896    i.HAL_TIM_PWM_Init  stm32f1xx_hal_tim.o
    0x08003f08   0x08003f08   0x00000030   Code   RO          452    i.HAL_TIM_PWM_MspInit  tim.o
    0x08003f38   0x08003f38   0x00000002   Code   RO          899    i.HAL_TIM_PWM_PulseFinishedCallback  stm32f1xx_hal_tim.o
    0x08003f3a   0x08003f3a   0x00000002   PAD
    0x08003f3c   0x08003f3c   0x000000f4   Code   RO          901    i.HAL_TIM_PWM_Start  stm32f1xx_hal_tim.o
    0x08004030   0x08004030   0x00000018   Code   RO           15    i.HAL_TIM_PeriodElapsedCallback  main.o
    0x08004048   0x08004048   0x00000002   Code   RO          912    i.HAL_TIM_TriggerCallback  stm32f1xx_hal_tim.o
    0x0800404a   0x0800404a   0x00000070   Code   RO         3298    i.HAL_UARTEx_ReceiveToIdle_DMA  stm32f1xx_hal_uart.o
    0x080040ba   0x080040ba   0x00000002   PAD
    0x080040bc   0x080040bc   0x000000c4   Code   RO          263    i.HAL_UARTEx_RxEventCallback  freertos.o
    0x08004180   0x08004180   0x00000002   Code   RO         3314    i.HAL_UART_ErrorCallback  stm32f1xx_hal_uart.o
    0x08004182   0x08004182   0x00000002   PAD
    0x08004184   0x08004184   0x000002e4   Code   RO         3317    i.HAL_UART_IRQHandler  stm32f1xx_hal_uart.o
    0x08004468   0x08004468   0x00000076   Code   RO         3318    i.HAL_UART_Init     stm32f1xx_hal_uart.o
    0x080044de   0x080044de   0x00000002   PAD
    0x080044e0   0x080044e0   0x00000324   Code   RO          537    i.HAL_UART_MspInit  usart.o
    0x08004804   0x08004804   0x0000002c   Code   RO         3323    i.HAL_UART_Receive_IT  stm32f1xx_hal_uart.o
    0x08004830   0x08004830   0x00000038   Code   RO          264    i.HAL_UART_RxCpltCallback  freertos.o
    0x08004868   0x08004868   0x00000002   Code   RO         3325    i.HAL_UART_RxHalfCpltCallback  stm32f1xx_hal_uart.o
    0x0800486a   0x0800486a   0x000000be   Code   RO         3326    i.HAL_UART_Transmit  stm32f1xx_hal_uart.o
    0x08004928   0x08004928   0x0000008c   Code   RO         3327    i.HAL_UART_Transmit_DMA  stm32f1xx_hal_uart.o
    0x080049b4   0x080049b4   0x00000038   Code   RO         3328    i.HAL_UART_Transmit_IT  stm32f1xx_hal_uart.o
    0x080049ec   0x080049ec   0x00000002   Code   RO         3329    i.HAL_UART_TxCpltCallback  stm32f1xx_hal_uart.o
    0x080049ee   0x080049ee   0x00000002   Code   RO         3330    i.HAL_UART_TxHalfCpltCallback  stm32f1xx_hal_uart.o
    0x080049f0   0x080049f0   0x00000004   Code   RO          609    i.HardFault_Handler  stm32f1xx_it.o
    0x080049f4   0x080049f4   0x0000003e   Code   RO         2866    i.I2C_IsAcknowledgeFailed  stm32f1xx_hal_i2c.o
    0x08004a32   0x08004a32   0x00000002   PAD
    0x08004a34   0x08004a34   0x00000160   Code   RO         2877    i.I2C_RequestMemoryRead  stm32f1xx_hal_i2c.o
    0x08004b94   0x08004b94   0x000000e0   Code   RO         2878    i.I2C_RequestMemoryWrite  stm32f1xx_hal_i2c.o
    0x08004c74   0x08004c74   0x00000066   Code   RO         2886    i.I2C_WaitOnBTFFlagUntilTimeout  stm32f1xx_hal_i2c.o
    0x08004cda   0x08004cda   0x000000be   Code   RO         2887    i.I2C_WaitOnFlagUntilTimeout  stm32f1xx_hal_i2c.o
    0x08004d98   0x08004d98   0x000000fa   Code   RO         2888    i.I2C_WaitOnMasterAddressFlagUntilTimeout  stm32f1xx_hal_i2c.o
    0x08004e92   0x08004e92   0x0000008a   Code   RO         2889    i.I2C_WaitOnRXNEFlagUntilTimeout  stm32f1xx_hal_i2c.o
    0x08004f1c   0x08004f1c   0x00000066   Code   RO         2892    i.I2C_WaitOnTXEFlagUntilTimeout  stm32f1xx_hal_i2c.o
    0x08004f82   0x08004f82   0x0000007a   Code   RO         5876    i.Incremental_PID_val  pid.o
    0x08004ffc   0x08004ffc   0x00000080   Code   RO          374    i.MX_DMA_Init       dma.o
    0x0800507c   0x0800507c   0x000000b4   Code   RO          265    i.MX_FREERTOS_Init  freertos.o
    0x08005130   0x08005130   0x000000f4   Code   RO          236    i.MX_GPIO_Init      gpio.o
    0x08005224   0x08005224   0x0000003c   Code   RO          400    i.MX_I2C1_Init      i2c.o
    0x08005260   0x08005260   0x0000003c   Code   RO          401    i.MX_I2C2_Init      i2c.o
    0x0800529c   0x0800529c   0x00000084   Code   RO          453    i.MX_TIM1_Init      tim.o
    0x08005320   0x08005320   0x00000080   Code   RO          454    i.MX_TIM2_Init      tim.o
    0x080053a0   0x080053a0   0x000000d4   Code   RO          455    i.MX_TIM3_Init      tim.o
    0x08005474   0x08005474   0x000000c0   Code   RO          456    i.MX_TIM8_Init      tim.o
    0x08005534   0x08005534   0x00000038   Code   RO          538    i.MX_UART4_Init     usart.o
    0x0800556c   0x0800556c   0x00000038   Code   RO          539    i.MX_UART5_Init     usart.o
    0x080055a4   0x080055a4   0x00000038   Code   RO          540    i.MX_USART1_UART_Init  usart.o
    0x080055dc   0x080055dc   0x00000038   Code   RO          541    i.MX_USART2_UART_Init  usart.o
    0x08005614   0x08005614   0x00000004   Code   RO          610    i.MemManage_Handler  stm32f1xx_it.o
    0x08005618   0x08005618   0x00000114   Code   RO         5825    i.Motor_Set         motor.o
    0x0800572c   0x0800572c   0x00000044   Code   RO         5878    i.Motor_Set_Val     pid.o
    0x08005770   0x08005770   0x00000100   Code   RO          266    i.Move_Control      freertos.o
    0x08005870   0x08005870   0x00000004   Code   RO          611    i.NMI_Handler       stm32f1xx_it.o
    0x08005874   0x08005874   0x000000d0   Code   RO         5879    i.PID_init          pid.o
    0x08005944   0x08005944   0x0000005e   Code   RO         5880    i.PID_realize_dis   pid.o
    0x080059a2   0x080059a2   0x00000002   PAD
    0x080059a4   0x080059a4   0x00000098   Code   RO         5881    i.PID_realize_lidar  pid.o
    0x08005a3c   0x08005a3c   0x000000d4   Code   RO         5882    i.PID_realize_mpu   pid.o
    0x08005b10   0x08005b10   0x00000028   Code   RO         1991    i.RCC_Delay         stm32f1xx_hal_rcc.o
    0x08005b38   0x08005b38   0x0000002c   Code   RO          267    i.Read_ID           freertos.o
    0x08005b64   0x08005b64   0x00000078   Code   RO          268    i.Read_Lidar        freertos.o
    0x08005bdc   0x08005bdc   0x00000060   Code   RO          269    i.Read_MPU          freertos.o
    0x08005c3c   0x08005c3c   0x00000026   Code   RO         5720    i.Sliding_Window_Algorithm  math.o
    0x08005c62   0x08005c62   0x00000016   Code   RO         4854    i.SysTick_Handler   cmsis_os2.o
    0x08005c78   0x08005c78   0x00000066   Code   RO           16    i.SystemClock_Config  main.o
    0x08005cde   0x08005cde   0x00000002   Code   RO         3662    i.SystemInit        system_stm32f1xx.o
    0x08005ce0   0x08005ce0   0x00000010   Code   RO          612    i.TIM7_IRQHandler   stm32f1xx_it.o
    0x08005cf0   0x08005cf0   0x000000ac   Code   RO          914    i.TIM_Base_SetConfig  stm32f1xx_hal_tim.o
    0x08005d9c   0x08005d9c   0x00000022   Code   RO          915    i.TIM_CCxChannelCmd  stm32f1xx_hal_tim.o
    0x08005dbe   0x08005dbe   0x00000016   Code   RO          925    i.TIM_ETR_SetConfig  stm32f1xx_hal_tim.o
    0x08005dd4   0x08005dd4   0x00000012   Code   RO          926    i.TIM_ITRx_SetConfig  stm32f1xx_hal_tim.o
    0x08005de6   0x08005de6   0x00000002   PAD
    0x08005de8   0x08005de8   0x00000070   Code   RO          927    i.TIM_OC1_SetConfig  stm32f1xx_hal_tim.o
    0x08005e58   0x08005e58   0x0000007c   Code   RO          928    i.TIM_OC2_SetConfig  stm32f1xx_hal_tim.o
    0x08005ed4   0x08005ed4   0x00000078   Code   RO          929    i.TIM_OC3_SetConfig  stm32f1xx_hal_tim.o
    0x08005f4c   0x08005f4c   0x00000054   Code   RO          930    i.TIM_OC4_SetConfig  stm32f1xx_hal_tim.o
    0x08005fa0   0x08005fa0   0x00000026   Code   RO          932    i.TIM_TI1_ConfigInputStage  stm32f1xx_hal_tim.o
    0x08005fc6   0x08005fc6   0x00000028   Code   RO          934    i.TIM_TI2_ConfigInputStage  stm32f1xx_hal_tim.o
    0x08005fee   0x08005fee   0x00000002   PAD
    0x08005ff0   0x08005ff0   0x00000010   Code   RO          613    i.UART4_IRQHandler  stm32f1xx_it.o
    0x08006000   0x08006000   0x00000010   Code   RO          614    i.UART5_IRQHandler  stm32f1xx_it.o
    0x08006010   0x08006010   0x00000014   Code   RO         3331    i.UART_DMAAbortOnError  stm32f1xx_hal_uart.o
    0x08006024   0x08006024   0x00000050   Code   RO         3332    i.UART_DMAError     stm32f1xx_hal_uart.o
    0x08006074   0x08006074   0x000000b4   Code   RO         3333    i.UART_DMAReceiveCplt  stm32f1xx_hal_uart.o
    0x08006128   0x08006128   0x00000024   Code   RO         3335    i.UART_DMARxHalfCplt  stm32f1xx_hal_uart.o
    0x0800614c   0x0800614c   0x00000058   Code   RO         3337    i.UART_DMATransmitCplt  stm32f1xx_hal_uart.o
    0x080061a4   0x080061a4   0x0000000e   Code   RO         3339    i.UART_DMATxHalfCplt  stm32f1xx_hal_uart.o
    0x080061b2   0x080061b2   0x0000006c   Code   RO         3341    i.UART_EndRxTransfer  stm32f1xx_hal_uart.o
    0x0800621e   0x0800621e   0x00000020   Code   RO         3342    i.UART_EndTransmit_IT  stm32f1xx_hal_uart.o
    0x0800623e   0x0800623e   0x00000026   Code   RO         3343    i.UART_EndTxTransfer  stm32f1xx_hal_uart.o
    0x08006264   0x08006264   0x000000fc   Code   RO         3344    i.UART_Receive_IT   stm32f1xx_hal_uart.o
    0x08006360   0x08006360   0x000000fc   Code   RO         3345    i.UART_SetConfig    stm32f1xx_hal_uart.o
    0x0800645c   0x0800645c   0x000000c8   Code   RO         3346    i.UART_Start_Receive_DMA  stm32f1xx_hal_uart.o
    0x08006524   0x08006524   0x00000040   Code   RO         3347    i.UART_Start_Receive_IT  stm32f1xx_hal_uart.o
    0x08006564   0x08006564   0x00000060   Code   RO         3348    i.UART_Transmit_IT  stm32f1xx_hal_uart.o
    0x080065c4   0x080065c4   0x0000008c   Code   RO         3349    i.UART_WaitOnFlagUntilTimeout  stm32f1xx_hal_uart.o
    0x08006650   0x08006650   0x00000010   Code   RO          615    i.USART1_IRQHandler  stm32f1xx_it.o
    0x08006660   0x08006660   0x00000010   Code   RO          616    i.USART2_IRQHandler  stm32f1xx_it.o
    0x08006670   0x08006670   0x00000004   Code   RO          617    i.UsageFault_Handler  stm32f1xx_it.o
    0x08006674   0x08006674   0x000001b6   Code   RO         5762    i.VL6180X_Init      vl6180x.o
    0x0800682a   0x0800682a   0x00000054   Code   RO         5763    i.VL6180X_Range_Cailbration  vl6180x.o
    0x0800687e   0x0800687e   0x00000002   PAD
    0x08006880   0x08006880   0x00000050   Code   RO         5764    i.VL6180X_ReadReg   vl6180x.o
    0x080068d0   0x080068d0   0x0000000e   Code   RO         5765    i.VL6180X_Read_ID   vl6180x.o
    0x080068de   0x080068de   0x0000004c   Code   RO         5766    i.VL6180X_Read_Range  vl6180x.o
    0x0800692a   0x0800692a   0x00000002   PAD
    0x0800692c   0x0800692c   0x00000050   Code   RO         5767    i.VL6180X_WriteReg  vl6180x.o
    0x0800697c   0x0800697c   0x00000020   Code   RO         6563    i.__0printf         mc_w.l(printfa.o)
    0x0800699c   0x0800699c   0x00000010   Code   RO         2298    i.__NVIC_GetPriorityGrouping  stm32f1xx_hal_cortex.o
    0x080069ac   0x080069ac   0x00000028   Code   RO         2299    i.__NVIC_SetPriority  stm32f1xx_hal_cortex.o
    0x080069d4   0x080069d4   0x00000006   Code   RO         4856    i.__get_IPSR        cmsis_os2.o
    0x080069da   0x080069da   0x0000000e   Code   RO         6676    i.__scatterload_copy  mc_w.l(handlers.o)
    0x080069e8   0x080069e8   0x00000002   Code   RO         6677    i.__scatterload_null  mc_w.l(handlers.o)
    0x080069ea   0x080069ea   0x0000000e   Code   RO         6678    i.__scatterload_zeroinit  mc_w.l(handlers.o)
    0x080069f8   0x080069f8   0x00000184   Code   RO         6570    i._fp_digits        mc_w.l(printfa.o)
    0x08006b7c   0x08006b7c   0x0000000e   Code   RO         6597    i._is_digit         mc_w.l(scanf_fp.o)
    0x08006b8a   0x08006b8a   0x00000002   PAD
    0x08006b8c   0x08006b8c   0x000006dc   Code   RO         6571    i._printf_core      mc_w.l(printfa.o)
    0x08007268   0x08007268   0x00000024   Code   RO         6572    i._printf_post_padding  mc_w.l(printfa.o)
    0x0800728c   0x0800728c   0x0000002e   Code   RO         6573    i._printf_pre_padding  mc_w.l(printfa.o)
    0x080072ba   0x080072ba   0x00000002   PAD
    0x080072bc   0x080072bc   0x00000060   Code   RO         5516    i.atk_ms901m_get_attitude  atk_ms901m.o
    0x0800731c   0x0800731c   0x000001a0   Code   RO         5518    i.atk_ms901m_get_frame_by_id  atk_ms901m.o
    0x080074bc   0x080074bc   0x00000020   Code   RO         5527    i.atk_ms901m_init   atk_ms901m.o
    0x080074dc   0x080074dc   0x00000096   Code   RO         5528    i.atk_ms901m_read_reg_by_id  atk_ms901m.o
    0x08007572   0x08007572   0x00000002   PAD
    0x08007574   0x08007574   0x00000034   Code   RO         5533    i.atk_ms901m_sita_init  atk_ms901m.o
    0x080075a8   0x080075a8   0x00000018   Code   RO         5668    i.atk_ms901m_uart_init  atk_ms901m_uart.o
    0x080075c0   0x080075c0   0x00000080   Code   RO         5669    i.atk_ms901m_uart_rx_fifo_read  atk_ms901m_uart.o
    0x08007640   0x08007640   0x00000044   Code   RO         5670    i.atk_ms901m_uart_rx_fifo_write  atk_ms901m_uart.o
    0x08007684   0x08007684   0x00000018   Code   RO         5671    i.atk_ms901m_uart_send  atk_ms901m_uart.o
    0x0800769c   0x0800769c   0x00000028   Code   RO         6283    i.delay_us          delay.o
    0x080076c4   0x080076c4   0x0000001c   Code   RO          542    i.fputc             usart.o
    0x080076e0   0x080076e0   0x000000e4   Code   RO           17    i.main              main.o
    0x080077c4   0x080077c4   0x0000002c   Code   RO         4871    i.osKernelInitialize  cmsis_os2.o
    0x080077f0   0x080077f0   0x00000060   Code   RO         4874    i.osKernelStart     cmsis_os2.o
    0x08007850   0x08007850   0x000000cc   Code   RO         4902    i.osSemaphoreNew    cmsis_os2.o
    0x0800791c   0x0800791c   0x000000b8   Code   RO         4916    i.osThreadNew       cmsis_os2.o
    0x080079d4   0x080079d4   0x0000007c   Code   RO         4279    i.prvAddCurrentTaskToDelayedList  tasks.o
    0x08007a50   0x08007a50   0x000000b8   Code   RO         4280    i.prvAddNewTaskToReadyList  tasks.o
    0x08007b08   0x08007b08   0x00000074   Code   RO         4670    i.prvCheckForValidListAndQueue  timers.o
    0x08007b7c   0x08007b7c   0x00000048   Code   RO         4281    i.prvCheckTasksWaitingTermination  tasks.o
    0x08007bc4   0x08007bc4   0x0000002a   Code   RO         3866    i.prvCopyDataFromQueue  queue.o
    0x08007bee   0x08007bee   0x0000007e   Code   RO         3867    i.prvCopyDataToQueue  queue.o
    0x08007c6c   0x08007c6c   0x00000050   Code   RO         4282    i.prvDeleteTCB      tasks.o
    0x08007cbc   0x08007cbc   0x00000014   Code   RO         3868    i.prvGetDisinheritPriorityAfterTimeout  queue.o
    0x08007cd0   0x08007cd0   0x00000028   Code   RO         4671    i.prvGetNextExpireTime  timers.o
    0x08007cf8   0x08007cf8   0x0000007c   Code   RO         5381    i.prvHeapInit       heap_4.o
    0x08007d74   0x08007d74   0x00000028   Code   RO         4283    i.prvIdleTask       tasks.o
    0x08007d9c   0x08007d9c   0x0000002a   Code   RO         3870    i.prvInitialiseNewQueue  queue.o
    0x08007dc6   0x08007dc6   0x000000be   Code   RO         4284    i.prvInitialiseNewTask  tasks.o
    0x08007e84   0x08007e84   0x00000068   Code   RO         4285    i.prvInitialiseTaskLists  tasks.o
    0x08007eec   0x08007eec   0x00000068   Code   RO         5382    i.prvInsertBlockIntoFreeList  heap_4.o
    0x08007f54   0x08007f54   0x00000058   Code   RO         4673    i.prvInsertTimerInActiveList  timers.o
    0x08007fac   0x08007fac   0x0000001a   Code   RO         3871    i.prvIsQueueEmpty   queue.o
    0x08007fc6   0x08007fc6   0x0000001e   Code   RO         3872    i.prvIsQueueFull    queue.o
    0x08007fe4   0x08007fe4   0x00000074   Code   RO         4674    i.prvProcessExpiredTimer  timers.o
    0x08008058   0x08008058   0x00000164   Code   RO         4675    i.prvProcessReceivedCommands  timers.o
    0x080081bc   0x080081bc   0x00000074   Code   RO         4676    i.prvProcessTimerOrBlockTask  timers.o
    0x08008230   0x08008230   0x00000034   Code   RO         4287    i.prvResetNextTaskUnblockTime  tasks.o
    0x08008264   0x08008264   0x0000002c   Code   RO         4677    i.prvSampleTimeNow  timers.o
    0x08008290   0x08008290   0x000000a4   Code   RO         4678    i.prvSwitchTimerLists  timers.o
    0x08008334   0x08008334   0x00000040   Code   RO         5437    i.prvTaskExitError  port.o
    0x08008374   0x08008374   0x0000001a   Code   RO         4679    i.prvTimerTask      timers.o
    0x0800838e   0x0800838e   0x0000007e   Code   RO         3873    i.prvUnlockQueue    queue.o
    0x0800840c   0x0800840c   0x0000014c   Code   RO         5383    i.pvPortMalloc      heap_4.o
    0x08008558   0x08008558   0x00000020   Code   RO         4291    i.pvTaskIncrementMutexHeldCount  tasks.o
    0x08008578   0x08008578   0x00000024   Code   RO         5438    i.pxPortInitialiseStack  port.o
    0x0800859c   0x0800859c   0x00000028   Code   RO         3826    i.uxListRemove      list.o
    0x080085c4   0x080085c4   0x00000018   Code   RO         4928    i.vApplicationGetIdleTaskMemory  cmsis_os2.o
    0x080085dc   0x080085dc   0x00000018   Code   RO         4929    i.vApplicationGetTimerTaskMemory  cmsis_os2.o
    0x080085f4   0x080085f4   0x0000001a   Code   RO         3827    i.vListInitialise   list.o
    0x0800860e   0x0800860e   0x00000006   Code   RO         3828    i.vListInitialiseItem  list.o
    0x08008614   0x08008614   0x00000034   Code   RO         3829    i.vListInsert       list.o
    0x08008648   0x08008648   0x00000018   Code   RO         3830    i.vListInsertEnd    list.o
    0x08008660   0x08008660   0x00000054   Code   RO         5440    i.vPortEnterCritical  port.o
    0x080086b4   0x080086b4   0x0000003c   Code   RO         5441    i.vPortExitCritical  port.o
    0x080086f0   0x080086f0   0x000000a4   Code   RO         5384    i.vPortFree         heap_4.o
    0x08008794   0x08008794   0x00000028   Code   RO         5442    i.vPortSetupTimerInterrupt  port.o
    0x080087bc   0x080087bc   0x00000078   Code   RO         5443    i.vPortValidateInterruptPriority  port.o
    0x08008834   0x08008834   0x0000002c   Code   RO         3879    i.vQueueAddToRegistry  queue.o
    0x08008860   0x08008860   0x00000032   Code   RO         3880    i.vQueueDelete      queue.o
    0x08008892   0x08008892   0x00000002   PAD
    0x08008894   0x08008894   0x00000030   Code   RO         3882    i.vQueueUnregisterQueue  queue.o
    0x080088c4   0x080088c4   0x0000004a   Code   RO         3883    i.vQueueWaitForMessageRestricted  queue.o
    0x0800890e   0x0800890e   0x00000002   PAD
    0x08008910   0x08008910   0x0000005c   Code   RO         4301    i.vTaskDelay        tasks.o
    0x0800896c   0x0800896c   0x00000018   Code   RO         4306    i.vTaskInternalSetTimeOutState  tasks.o
    0x08008984   0x08008984   0x0000000c   Code   RO         4308    i.vTaskMissedYield  tasks.o
    0x08008990   0x08008990   0x00000038   Code   RO         4310    i.vTaskPlaceOnEventList  tasks.o
    0x080089c8   0x080089c8   0x00000040   Code   RO         4311    i.vTaskPlaceOnEventListRestricted  tasks.o
    0x08008a08   0x08008a08   0x000000d0   Code   RO         4313    i.vTaskPriorityDisinheritAfterTimeout  tasks.o
    0x08008ad8   0x08008ad8   0x000000b8   Code   RO         4319    i.vTaskStartScheduler  tasks.o
    0x08008b90   0x08008b90   0x00000010   Code   RO         4321    i.vTaskSuspendAll   tasks.o
    0x08008ba0   0x08008ba0   0x00000090   Code   RO         4322    i.vTaskSwitchContext  tasks.o
    0x08008c30   0x08008c30   0x000000f8   Code   RO         5444    i.xPortStartScheduler  port.o
    0x08008d28   0x08008d28   0x00000034   Code   RO         5445    i.xPortSysTickHandler  port.o
    0x08008d5c   0x08008d5c   0x0000005c   Code   RO         3884    i.xQueueCreateCountingSemaphore  queue.o
    0x08008db8   0x08008db8   0x00000064   Code   RO         3885    i.xQueueCreateCountingSemaphoreStatic  queue.o
    0x08008e1c   0x08008e1c   0x0000005a   Code   RO         3888    i.xQueueGenericCreate  queue.o
    0x08008e76   0x08008e76   0x000000e0   Code   RO         3889    i.xQueueGenericCreateStatic  queue.o
    0x08008f56   0x08008f56   0x00000002   PAD
    0x08008f58   0x08008f58   0x00000098   Code   RO         3890    i.xQueueGenericReset  queue.o
    0x08008ff0   0x08008ff0   0x000001a8   Code   RO         3891    i.xQueueGenericSend  queue.o
    0x08009198   0x08009198   0x000000fc   Code   RO         3892    i.xQueueGenericSendFromISR  queue.o
    0x08009294   0x08009294   0x000000e0   Code   RO         3895    i.xQueueGiveFromISR  queue.o
    0x08009374   0x08009374   0x00000168   Code   RO         3901    i.xQueueReceive     queue.o
    0x080094dc   0x080094dc   0x000001b8   Code   RO         3903    i.xQueueSemaphoreTake  queue.o
    0x08009694   0x08009694   0x0000008c   Code   RO         4324    i.xTaskCheckForTimeOut  tasks.o
    0x08009720   0x08009720   0x00000064   Code   RO         4325    i.xTaskCreate       tasks.o
    0x08009784   0x08009784   0x000000ba   Code   RO         4326    i.xTaskCreateStatic  tasks.o
    0x0800983e   0x0800983e   0x00000002   PAD
    0x08009840   0x08009840   0x00000020   Code   RO         4330    i.xTaskGetSchedulerState  tasks.o
    0x08009860   0x08009860   0x0000000c   Code   RO         4331    i.xTaskGetTickCount  tasks.o
    0x0800986c   0x0800986c   0x00000144   Code   RO         4333    i.xTaskIncrementTick  tasks.o
    0x080099b0   0x080099b0   0x000000a4   Code   RO         4336    i.xTaskPriorityDisinherit  tasks.o
    0x08009a54   0x08009a54   0x000000a4   Code   RO         4337    i.xTaskPriorityInherit  tasks.o
    0x08009af8   0x08009af8   0x00000098   Code   RO         4338    i.xTaskRemoveFromEventList  tasks.o
    0x08009b90   0x08009b90   0x00000104   Code   RO         4339    i.xTaskResumeAll    tasks.o
    0x08009c94   0x08009c94   0x00000078   Code   RO         4688    i.xTimerCreateTimerTask  timers.o
    0x08009d0c   0x08009d0c   0x00000084   Code   RO         4689    i.xTimerGenericCommand  timers.o
    0x08009d90   0x08009d90   0x000000d4   Data   RO          272    .constdata          freertos.o
    0x08009e64   0x08009e64   0x00000012   Data   RO         1992    .constdata          stm32f1xx_hal_rcc.o
    0x08009e76   0x08009e76   0x00000018   Data   RO         3663    .constdata          system_stm32f1xx.o
    0x08009e8e   0x08009e8e   0x00000040   Data   RO         6672    .constdata          mc_w.l(ctype_c.o)
    0x08009ece   0x08009ece   0x00000002   PAD
    0x08009ed0   0x08009ed0   0x000000ad   Data   RO          273    .conststring        freertos.o
    0x08009f7d   0x08009f7d   0x00000003   PAD
    0x08009f80   0x08009f80   0x00000020   Data   RO         6674    Region$$Table       anon$$obj.o


    Execution Region RW_IRAM1 (Exec base: 0x20000000, Load base: 0x08009fa0, Size: 0x00002a88, Max: 0x0000c000, ABSOLUTE)

    Exec Addr    Load Addr    Size         Type   Attr      Idx    E Section Name        Object

    0x20000000   0x08009fa0   0x00000002   Data   RW           19    .data               main.o
    0x20000002   0x08009fa2   0x00000002   PAD
    0x20000004   0x08009fa4   0x00000050   Data   RW          274    .data               freertos.o
    0x20000054   0x08009ff4   0x00000009   Data   RW         1828    .data               stm32f1xx_hal.o
    0x2000005d   0x08009ffd   0x00000003   PAD
    0x20000060   0x0800a000   0x00000004   Data   RW         3664    .data               system_stm32f1xx.o
    0x20000064   0x0800a004   0x0000003c   Data   RW         4342    .data               tasks.o
    0x200000a0   0x0800a040   0x00000014   Data   RW         4697    .data               timers.o
    0x200000b4   0x0800a054   0x00000004   Data   RW         4931    .data               cmsis_os2.o
    0x200000b8   0x0800a058   0x00000020   Data   RW         5390    .data               heap_4.o
    0x200000d8   0x0800a078   0x0000000c   Data   RW         5446    .data               port.o
    0x200000e4   0x0800a084   0x00000002   Data   RW         5538    .data               atk_ms901m.o
    0x200000e6   0x0800a086   0x00000002   PAD
    0x200000e8   0x0800a088   0x00000010   Data   RW         5826    .data               motor.o
    0x200000f8   0x0800a098   0x00000008   Data   RW         5884    .data               pid.o
    0x20000100   0x0800a0a0   0x00000004   Data   RW         6643    .data               mc_w.l(stdout.o)
    0x20000104        -       0x0000001e   Zero   RW           18    .bss                main.o
    0x20000122   0x0800a0a4   0x00000002   PAD
    0x20000124        -       0x00000034   Zero   RW          271    .bss                freertos.o
    0x20000158        -       0x000000a8   Zero   RW          402    .bss                i2c.o
    0x20000200        -       0x00000120   Zero   RW          457    .bss                tim.o
    0x20000320        -       0x00000230   Zero   RW          543    .bss                usart.o
    0x20000550        -       0x00000048   Zero   RW          747    .bss                stm32f1xx_hal_timebase_tim.o
    0x20000598        -       0x00000040   Zero   RW         3905    .bss                queue.o
    0x200005d8        -       0x000004c4   Zero   RW         4341    .bss                tasks.o
    0x20000a9c        -       0x00000118   Zero   RW         4696    .bss                timers.o
    0x20000bb4        -       0x000006b8   Zero   RW         4930    .bss                cmsis_os2.o
    0x2000126c        -       0x000011f8   Zero   RW         5389    .bss                heap_4.o
    0x20002464        -       0x00000044   Zero   RW         5536    .bss                atk_ms901m.o
    0x200024a8        -       0x00000086   Zero   RW         5672    .bss                atk_ms901m_uart.o
    0x2000252e   0x0800a0a4   0x00000002   PAD
    0x20002530        -       0x00000154   Zero   RW         5883    .bss                pid.o
    0x20002684   0x0800a0a4   0x00000004   PAD
    0x20002688        -       0x00000400   Zero   RW            1    STACK               startup_stm32f103xe.o


==============================================================================

Image component sizes


      Code (inc. data)   RO Data    RW Data    ZI Data      Debug   Object Name

       746         12          0          2         68       8244   atk_ms901m.o
       244         22          0          0        134       3013   atk_ms901m_uart.o
       604         38          0          4       1720      55646   cmsis_os2.o
        40          0          0          0          0        543   delay.o
       128          6          0          0          0        762   dma.o
         0          0          0          0          0      19472   event_groups.o
      1492        378        385         80         52      14420   freertos.o
       244         16          0          0          0        947   gpio.o
       724         74          0         32       4600       4643   heap_4.o
       352         46          0          0        168       2166   i2c.o
       148          0          0          0          0       3298   list.o
       360         52          0          2         30     514080   main.o
       178          0          0          0          0       1823   math.o
       716         76          0         16          0       2931   motor.o
      1624        162          0          8        340       7475   pid.o
       854         78          0         12          0      10677   port.o
      2986         30          0          0         64      24453   queue.o
        36          8        304          0       1024        784   startup_stm32f103xe.o
        76         20          0          9          0       5130   stm32f1xx_hal.o
       252         22          0          0          0      28550   stm32f1xx_hal_cortex.o
      1770         28          0          0          0       5150   stm32f1xx_hal_dma.o
       892         44          0          0          0       3812   stm32f1xx_hal_gpio.o
      3124         50          0          0          0      11370   stm32f1xx_hal_i2c.o
        96         10          0          0          0        858   stm32f1xx_hal_msp.o
      1816        108         18          0          0       6413   stm32f1xx_hal_rcc.o
      2656        102          0          0          0      16793   stm32f1xx_hal_tim.o
       276         22          0          0          0       3129   stm32f1xx_hal_tim_ex.o
       180         22          0          0         72       1403   stm32f1xx_hal_timebase_tim.o
      3008         34          0          0          0      19278   stm32f1xx_hal_uart.o
       186         54          0          0          0       7004   stm32f1xx_it.o
         0          0          0          0          0        392   stream_buffer.o
         2          0         24          4          0       1059   system_stm32f1xx.o
      3212        380          0         60       1220      28539   tasks.o
      1160         88          0          0        288       5551   tim.o
      1318        124          0         20        280      29795   timers.o
      1056        110          0          0        560       4428   usart.o
       772         16          0          0          0       4159   vl6180x.o

    ----------------------------------------------------------------------
     33366       2232        766        256      10628     858190   Object Totals
         0          0         32          0          0          0   (incl. Generated)
        38          0          3          7          8          0   (incl. Padding)

    ----------------------------------------------------------------------

      Code (inc. data)   RO Data    RW Data    ZI Data      Debug   Library Member Name

        56          8          0          0          0         84   __0sscanf.o
       812          4          0          0          0        112   _scanf.o
       224          0          0          0          0         96   _scanf_str.o
        64          0          0          0          0         84   _sgetc.o
        40          6         64          0          0         68   ctype_c.o
         0          0          0          0          0          0   entry.o
         0          0          0          0          0          0   entry10a.o
         0          0          0          0          0          0   entry11a.o
         8          4          0          0          0          0   entry2.o
         4          0          0          0          0          0   entry5.o
         0          0          0          0          0          0   entry7b.o
         0          0          0          0          0          0   entry8b.o
         8          4          0          0          0          0   entry9a.o
        30          0          0          0          0          0   handlers.o
        36          8          0          0          0         68   init.o
        10          0          0          0          0         68   isspace_c.o
         0          0          0          0          0          0   iusefp.o
        30          0          0          0          0         68   llshl.o
        36          0          0          0          0         68   llsshr.o
        32          0          0          0          0         68   llushr.o
        36          0          0          0          0         68   memcpya.o
        36          0          0          0          0        108   memseta.o
      2258         90          0          0          0        452   printfa.o
        40          8          0          0          0         84   scanf_char.o
       878         12          0          0          0        216   scanf_fp.o
         0          0          0          4          0          0   stdout.o
        28          0          0          0          0         76   strcmp.o
        44          0          0          0          0         80   uidiv.o
        98          0          0          0          0         92   uldiv.o
        48          0          0          0          0         68   cdcmple.o
        48          0          0          0          0         68   cdrcmple.o
        20          0          0          0          0         68   cfcmple.o
        20          0          0          0          0         68   cfrcmple.o
        56          0          0          0          0         88   d2f.o
       334          0          0          0          0        148   dadd.o
       222          0          0          0          0        100   ddiv.o
       186          0          0          0          0        176   depilogue.o
        48          0          0          0          0         68   dfixul.o
        24          0          0          0          0         76   dfltul.o
       228          0          0          0          0         96   dmul.o
        38          0          0          0          0         68   f2d.o
       176          0          0          0          0        140   fadd.o
       124          0          0          0          0         88   fdiv.o
       110          0          0          0          0        168   fepilogue.o
        40          0          0          0          0         68   ffixui.o
        18          0          0          0          0         68   fflti.o
        10          0          0          0          0         68   ffltui.o
       100          0          0          0          0         76   fmul.o

    ----------------------------------------------------------------------
      6666        144         66          4          0       3728   Library Totals
         8          0          2          0          0          0   (incl. Padding)

    ----------------------------------------------------------------------

      Code (inc. data)   RO Data    RW Data    ZI Data      Debug   Library Name

      4808        144         64          4          0       1960   mc_w.l
      1850          0          0          0          0       1768   mf_w.l

    ----------------------------------------------------------------------
      6666        144         66          4          0       3728   Library Totals

    ----------------------------------------------------------------------

==============================================================================


      Code (inc. data)   RO Data    RW Data    ZI Data      Debug   

     40032       2376        832        260      10628     846782   Grand Totals
     40032       2376        832        260      10628     846782   ELF Image Totals
     40032       2376        832        260          0          0   ROM Totals

==============================================================================

    Total RO  Size (Code + RO Data)                40864 (  39.91kB)
    Total RW  Size (RW Data + ZI Data)             10888 (  10.63kB)
    Total ROM Size (Code + RO Data + RW Data)      41124 (  40.16kB)

==============================================================================

