Component: ARM Compiler 5.06 update 5 (build 528) Tool: armlink [4d35e2]

==============================================================================

Section Cross References

    startup_stm32f103xe.o(RESET) refers to startup_stm32f103xe.o(STACK) for __initial_sp
    startup_stm32f103xe.o(RESET) refers to startup_stm32f103xe.o(.text) for Reset_Handler
    startup_stm32f103xe.o(RESET) refers to stm32f1xx_it.o(i.NMI_Handler) for NMI_Handler
    startup_stm32f103xe.o(RESET) refers to stm32f1xx_it.o(i.HardFault_Handler) for HardFault_Handler
    startup_stm32f103xe.o(RESET) refers to stm32f1xx_it.o(i.MemManage_Handler) for MemManage_Handler
    startup_stm32f103xe.o(RESET) refers to stm32f1xx_it.o(i.BusFault_Handler) for BusFault_Handler
    startup_stm32f103xe.o(RESET) refers to stm32f1xx_it.o(i.UsageFault_Handler) for UsageFault_Handler
    startup_stm32f103xe.o(RESET) refers to port.o(.emb_text) for SVC_Handler
    startup_stm32f103xe.o(RESET) refers to stm32f1xx_it.o(i.DebugMon_Handler) for DebugMon_Handler
    startup_stm32f103xe.o(RESET) refers to cmsis_os2.o(i.SysTick_Handler) for SysTick_Handler
    startup_stm32f103xe.o(RESET) refers to stm32f1xx_it.o(i.DMA1_Channel5_IRQHandler) for DMA1_Channel5_IRQHandler
    startup_stm32f103xe.o(RESET) refers to stm32f1xx_it.o(i.DMA1_Channel6_IRQHandler) for DMA1_Channel6_IRQHandler
    startup_stm32f103xe.o(RESET) refers to stm32f1xx_it.o(i.DMA1_Channel7_IRQHandler) for DMA1_Channel7_IRQHandler
    startup_stm32f103xe.o(RESET) refers to stm32f1xx_it.o(i.USART1_IRQHandler) for USART1_IRQHandler
    startup_stm32f103xe.o(RESET) refers to stm32f1xx_it.o(i.USART2_IRQHandler) for USART2_IRQHandler
    startup_stm32f103xe.o(RESET) refers to stm32f1xx_it.o(i.EXTI15_10_IRQHandler) for EXTI15_10_IRQHandler
    startup_stm32f103xe.o(RESET) refers to stm32f1xx_it.o(i.UART4_IRQHandler) for UART4_IRQHandler
    startup_stm32f103xe.o(RESET) refers to stm32f1xx_it.o(i.UART5_IRQHandler) for UART5_IRQHandler
    startup_stm32f103xe.o(RESET) refers to stm32f1xx_it.o(i.TIM7_IRQHandler) for TIM7_IRQHandler
    startup_stm32f103xe.o(RESET) refers to stm32f1xx_it.o(i.DMA2_Channel3_IRQHandler) for DMA2_Channel3_IRQHandler
    startup_stm32f103xe.o(.text) refers to system_stm32f1xx.o(i.SystemInit) for SystemInit
    startup_stm32f103xe.o(.text) refers to entry.o(.ARM.Collect$$$$00000000) for __main
    main.o(i.HAL_TIM_PeriodElapsedCallback) refers to stm32f1xx_hal.o(i.HAL_IncTick) for HAL_IncTick
    main.o(i.SystemClock_Config) refers to memseta.o(.text) for __aeabi_memclr4
    main.o(i.SystemClock_Config) refers to stm32f1xx_hal_rcc.o(i.HAL_RCC_OscConfig) for HAL_RCC_OscConfig
    main.o(i.SystemClock_Config) refers to stm32f1xx_hal_rcc.o(i.HAL_RCC_ClockConfig) for HAL_RCC_ClockConfig
    main.o(i.main) refers to stm32f1xx_hal.o(i.HAL_Init) for HAL_Init
    main.o(i.main) refers to main.o(i.SystemClock_Config) for SystemClock_Config
    main.o(i.main) refers to gpio.o(i.MX_GPIO_Init) for MX_GPIO_Init
    main.o(i.main) refers to dma.o(i.MX_DMA_Init) for MX_DMA_Init
    main.o(i.main) refers to tim.o(i.MX_TIM1_Init) for MX_TIM1_Init
    main.o(i.main) refers to usart.o(i.MX_UART4_Init) for MX_UART4_Init
    main.o(i.main) refers to usart.o(i.MX_UART5_Init) for MX_UART5_Init
    main.o(i.main) refers to usart.o(i.MX_USART1_UART_Init) for MX_USART1_UART_Init
    main.o(i.main) refers to usart.o(i.MX_USART2_UART_Init) for MX_USART2_UART_Init
    main.o(i.main) refers to tim.o(i.MX_TIM3_Init) for MX_TIM3_Init
    main.o(i.main) refers to tim.o(i.MX_TIM2_Init) for MX_TIM2_Init
    main.o(i.main) refers to tim.o(i.MX_TIM8_Init) for MX_TIM8_Init
    main.o(i.main) refers to stm32f1xx_hal_uart.o(i.HAL_UART_Receive_IT) for HAL_UART_Receive_IT
    main.o(i.main) refers to stm32f1xx_hal_uart.o(i.HAL_UARTEx_ReceiveToIdle_DMA) for HAL_UARTEx_ReceiveToIdle_DMA
    main.o(i.main) refers to stm32f1xx_hal_tim.o(i.HAL_TIM_Encoder_Start) for HAL_TIM_Encoder_Start
    main.o(i.main) refers to stm32f1xx_hal_tim.o(i.HAL_TIM_PWM_Start) for HAL_TIM_PWM_Start
    main.o(i.main) refers to cmsis_os2.o(i.osKernelInitialize) for osKernelInitialize
    main.o(i.main) refers to freertos.o(i.MX_FREERTOS_Init) for MX_FREERTOS_Init
    main.o(i.main) refers to cmsis_os2.o(i.osKernelStart) for osKernelStart
    main.o(i.main) refers to main.o(.data) for .data
    main.o(i.main) refers to usart.o(.bss) for huart5
    main.o(i.main) refers to main.o(.bss) for .bss
    main.o(i.main) refers to tim.o(.bss) for htim1
    gpio.o(i.MX_GPIO_Init) refers to stm32f1xx_hal_gpio.o(i.HAL_GPIO_WritePin) for HAL_GPIO_WritePin
    gpio.o(i.MX_GPIO_Init) refers to stm32f1xx_hal_gpio.o(i.HAL_GPIO_Init) for HAL_GPIO_Init
    gpio.o(i.MX_GPIO_Init) refers to stm32f1xx_hal_cortex.o(i.HAL_NVIC_SetPriority) for HAL_NVIC_SetPriority
    gpio.o(i.MX_GPIO_Init) refers to stm32f1xx_hal_cortex.o(i.HAL_NVIC_EnableIRQ) for HAL_NVIC_EnableIRQ
    freertos.o(i.CarStatParmPrint) refers to f2d.o(.text) for __aeabi_f2d
[...]
    ucStaticTimerQueueStorage                0x20000a3c   Data         160  timers.o(.bss)
    xActiveTimerList1                        0x20000adc   Data          20  timers.o(.bss)
    xActiveTimerList2                        0x20000af0   Data          20  timers.o(.bss)
    .bss                                     0x20000b04   Section     1720  cmsis_os2.o(.bss)
    Idle_TCB                                 0x20000b04   Data          92  cmsis_os2.o(.bss)
    Idle_Stack                               0x20000b60   Data         512  cmsis_os2.o(.bss)
    Timer_TCB                                0x20000d60   Data          92  cmsis_os2.o(.bss)
    Timer_Stack                              0x20000dbc   Data        1024  cmsis_os2.o(.bss)
    .bss                                     0x200011bc   Section     4600  heap_4.o(.bss)
    ucHeap                                   0x200011bc   Data        4600  heap_4.o(.bss)
    .bss                                     0x200023b4   Section       12  atk_ms901m.o(.bss)
    .bss                                     0x200023c0   Section      134  atk_ms901m_uart.o(.bss)
    g_uart_rx_fifo                           0x200023c0   Data         134  atk_ms901m_uart.o(.bss)
    .bss                                     0x20002448   Section      340  pid.o(.bss)
    STACK                                    0x200025a0   Section     1024  startup_stm32f103xe.o(STACK)

    Global Symbols

    Symbol Name                              Value     Ov Type        Size  Object(Section)

    BuildAttributes$$THM_ISAv4$P$D$K$B$S$PE$A:L22UL41UL21$X:L11$S22US41US21$IEEE1$IW$USESV6$~STKCKD$USESV7$~SHL$OTIME$ROPI$EBA8$MICROLIB$REQ8$PRES8$EABIv2 0x00000000   Number         0  anon$$obj.o ABSOLUTE
    __ARM_use_no_argv                        0x00000000   Number         0  main.o ABSOLUTE
    _printf_a                                0x00000000   Number         0  stubs.o ABSOLUTE
    _printf_c                                0x00000000   Number         0  stubs.o ABSOLUTE
    _printf_charcount                        0x00000000   Number         0  stubs.o ABSOLUTE
    _printf_d                                0x00000000   Number         0  stubs.o ABSOLUTE
    _printf_e                                0x00000000   Number         0  stubs.o ABSOLUTE
    _printf_f                                0x00000000   Number         0  stubs.o ABSOLUTE
    _printf_flags                            0x00000000   Number         0  stubs.o ABSOLUTE
    _printf_fp_dec                           0x00000000   Number         0  stubs.o ABSOLUTE
    _printf_fp_hex                           0x00000000   Number         0  stubs.o ABSOLUTE
    _printf_g                                0x00000000   Number         0  stubs.o ABSOLUTE
    _printf_i                                0x00000000   Number         0  stubs.o ABSOLUTE
    _printf_int_dec                          0x00000000   Number         0  stubs.o ABSOLUTE
    _printf_l                                0x00000000   Number         0  stubs.o ABSOLUTE
    _printf_lc                               0x00000000   Number         0  stubs.o ABSOLUTE
    _printf_ll                               0x00000000   Number         0  stubs.o ABSOLUTE
    _printf_lld                              0x00000000   Number         0  stubs.o ABSOLUTE
    _printf_lli                              0x00000000   Number         0  stubs.o ABSOLUTE
    _printf_llo                              0x00000000   Number         0  stubs.o ABSOLUTE
    _printf_llu                              0x00000000   Number         0  stubs.o ABSOLUTE
    _printf_llx                              0x00000000   Number         0  stubs.o ABSOLUTE
    _printf_longlong_dec                     0x00000000   Number         0  stubs.o ABSOLUTE
    _printf_longlong_hex                     0x00000000   Number         0  stubs.o ABSOLUTE
    _printf_longlong_oct                     0x00000000   Number         0  stubs.o ABSOLUTE
    _printf_ls                               0x00000000   Number         0  stubs.o ABSOLUTE
    _printf_mbtowc                           0x00000000   Number         0  stubs.o ABSOLUTE
    _printf_n                                0x00000000   Number         0  stubs.o ABSOLUTE
    _printf_o                                0x00000000   Number         0  stubs.o ABSOLUTE
    _printf_p                                0x00000000   Number         0  stubs.o ABSOLUTE
    _printf_percent                          0x00000000   Number         0  stubs.o ABSOLUTE
    _printf_pre_padding                      0x00000000   Number         0  stubs.o ABSOLUTE
    _printf_return_value                     0x00000000   Number         0  stubs.o ABSOLUTE
    _printf_s                                0x00000000   Number         0  stubs.o ABSOLUTE
    _printf_sizespec                         0x00000000   Number         0  stubs.o ABSOLUTE
    _printf_str                              0x00000000   Number         0  stubs.o ABSOLUTE
    _printf_truncate_signed                  0x00000000   Number         0  stubs.o ABSOLUTE
    _printf_truncate_unsigned                0x00000000   Number         0  stubs.o ABSOLUTE
    _printf_u                                0x00000000   Number         0  stubs.o ABSOLUTE
    _printf_wc                               0x00000000   Number         0  stubs.o ABSOLUTE
    _printf_wctomb                           0x00000000   Number         0  stubs.o ABSOLUTE
    _printf_widthprec                        0x00000000   Number         0  stubs.o ABSOLUTE
    _printf_x                                0x00000000   Number         0  stubs.o ABSOLUTE
    __cpp_initialize__aeabi_                  - Undefined Weak Reference
    __cxa_finalize                            - Undefined Weak Reference
    __decompress                              - Undefined Weak Reference
    _clock_init                               - Undefined Weak Reference
    _microlib_exit                            - Undefined Weak Reference
    _scanf_int                                - Undefined Weak Reference
    _scanf_longlong                           - Undefined Weak Reference
    __Vectors_Size                           0x00000130   Number         0  startup_stm32f103xe.o ABSOLUTE
    __Vectors                                0x08000000   Data           4  startup_stm32f103xe.o(RESET)
    __Vectors_End                            0x08000130   Data           0  startup_stm32f103xe.o(RESET)
    __main                                   0x08000131   Thumb Code     0  entry.o(.ARM.Collect$$$$00000000)
    _main_stk                                0x08000131   Thumb Code     0  entry2.o(.ARM.Collect$$$$00000001)
    _main_scatterload                        0x08000135   Thumb Code     0  entry5.o(.ARM.Collect$$$$00000004)
    __main_after_scatterload                 0x08000139   Thumb Code     0  entry5.o(.ARM.Collect$$$$00000004)
    _main_clock                              0x08000139   Thumb Code     0  entry7b.o(.ARM.Collect$$$$00000008)
    _main_cpp_init                           0x08000139   Thumb Code     0  entry8b.o(.ARM.Collect$$$$0000000A)
    _main_init                               0x08000139   Thumb Code     0  entry9a.o(.ARM.Collect$$$$0000000B)
    __rt_final_cpp                           0x08000141   Thumb Code     0  entry10a.o(.ARM.Collect$$$$0000000D)
    __rt_final_exit                          0x08000141   Thumb Code     0  entry11a.o(.ARM.Collect$$$$0000000F)
    SVC_Handler                              0x08000145   Thumb Code    32  port.o(.emb_text)
    __asm___6_port_c_39a90d8d__prvStartFirstTask 0x08000169   Thumb Code    28  port.o(.emb_text)
    PendSV_Handler                           0x08000189   Thumb Code    72  port.o(.emb_text)
    vPortGetIPSR                             0x080001d5   Thumb Code     6  port.o(.emb_text)
    Reset_Handler                            0x080001dd   Thumb Code     8  startup_stm32f103xe.o(.text)
    ADC1_2_IRQHandler                        0x080001f7   Thumb Code     0  startup_stm32f103xe.o(.text)
    ADC3_IRQHandler                          0x080001f7   Thumb Code     0  startup_stm32f103xe.o(.text)
    CAN1_RX1_IRQHandler                      0x080001f7   Thumb Code     0  startup_stm32f103xe.o(.text)
    CAN1_SCE_IRQHandler                      0x080001f7   Thumb Code     0  startup_stm32f103xe.o(.text)
    DMA1_Channel1_IRQHandler                 0x080001f7   Thumb Code     0  startup_stm32f103xe.o(.text)
    DMA1_Channel2_IRQHandler                 0x080001f7   Thumb Code     0  startup_stm32f103xe.o(.text)
    DMA1_Channel3_IRQHandler                 0x080001f7   Thumb Code     0  startup_stm32f103xe.o(.text)
    DMA1_Channel4_IRQHandler                 0x080001f7   Thumb Code     0  startup_stm32f103xe.o(.text)
    DMA2_Channel1_IRQHandler                 0x080001f7   Thumb Code     0  startup_stm32f103xe.o(.text)
    DMA2_Channel2_IRQHandler                 0x080001f7   Thumb Code     0  startup_stm32f103xe.o(.text)
    DMA2_Channel4_5_IRQHandler               0x080001f7   Thumb Code     0  startup_stm32f103xe.o(.text)
    EXTI0_IRQHandler                         0x080001f7   Thumb Code     0  startup_stm32f103xe.o(.text)
    EXTI1_IRQHandler                         0x080001f7   Thumb Code     0  startup_stm32f103xe.o(.text)
    EXTI2_IRQHandler                         0x080001f7   Thumb Code     0  startup_stm32f103xe.o(.text)
    EXTI3_IRQHandler                         0x080001f7   Thumb Code     0  startup_stm32f103xe.o(.text)
    EXTI4_IRQHandler                         0x080001f7   Thumb Code     0  startup_stm32f103xe.o(.text)
    EXTI9_5_IRQHandler                       0x080001f7   Thumb Code     0  startup_stm32f103xe.o(.text)
    FLASH_IRQHandler                         0x080001f7   Thumb Code     0  startup_stm32f103xe.o(.text)
    FSMC_IRQHandler                          0x080001f7   Thumb Code     0  startup_stm32f103xe.o(.text)
    I2C1_ER_IRQHandler                       0x080001f7   Thumb Code     0  startup_stm32f103xe.o(.text)
    I2C1_EV_IRQHandler                       0x080001f7   Thumb Code     0  startup_stm32f103xe.o(.text)
    I2C2_ER_IRQHandler                       0x080001f7   Thumb Code     0  startup_stm32f103xe.o(.text)
    I2C2_EV_IRQHandler                       0x080001f7   Thumb Code     0  startup_stm32f103xe.o(.text)
    PVD_IRQHandler                           0x080001f7   Thumb Code     0  startup_stm32f103xe.o(.text)
    RCC_IRQHandler                           0x080001f7   Thumb Code     0  startup_stm32f103xe.o(.text)
    RTC_Alarm_IRQHandler                     0x080001f7   Thumb Code     0  startup_stm32f103xe.o(.text)
    RTC_IRQHandler                           0x080001f7   Thumb Code     0  startup_stm32f103xe.o(.text)
    SDIO_IRQHandler                          0x080001f7   Thumb Code     0  startup_stm32f103xe.o(.text)
    SPI1_IRQHandler                          0x080001f7   Thumb Code     0  startup_stm32f103xe.o(.text)
    SPI2_IRQHandler                          0x080001f7   Thumb Code     0  startup_stm32f103xe.o(.text)
    SPI3_IRQHandler                          0x080001f7   Thumb Code     0  startup_stm32f103xe.o(.text)
    TAMPER_IRQHandler                        0x080001f7   Thumb Code     0  startup_stm32f103xe.o(.text)
    TIM1_BRK_IRQHandler                      0x080001f7   Thumb Code     0  startup_stm32f103xe.o(.text)
    TIM1_CC_IRQHandler                       0x080001f7   Thumb Code     0  startup_stm32f103xe.o(.text)
    TIM1_TRG_COM_IRQHandler                  0x080001f7   Thumb Code     0  startup_stm32f103xe.o(.text)
    TIM1_UP_IRQHandler                       0x080001f7   Thumb Code     0  startup_stm32f103xe.o(.text)
    TIM2_IRQHandler                          0x080001f7   Thumb Code     0  startup_stm32f103xe.o(.text)
    TIM3_IRQHandler                          0x080001f7   Thumb Code     0  startup_stm32f103xe.o(.text)
    TIM4_IRQHandler                          0x080001f7   Thumb Code     0  startup_stm32f103xe.o(.text)
    TIM5_IRQHandler                          0x080001f7   Thumb Code     0  startup_stm32f103xe.o(.text)
    TIM6_IRQHandler                          0x080001f7   Thumb Code     0  startup_stm32f103xe.o(.text)
    TIM8_BRK_IRQHandler                      0x080001f7   Thumb Code     0  startup_stm32f103xe.o(.text)
    TIM8_CC_IRQHandler                       0x080001f7   Thumb Code     0  startup_stm32f103xe.o(.text)
    TIM8_TRG_COM_IRQHandler                  0x080001f7   Thumb Code     0  startup_stm32f103xe.o(.text)
    TIM8_UP_IRQHandler                       0x080001f7   Thumb Code     0  startup_stm32f103xe.o(.text)
    USART3_IRQHandler                        0x080001f7   Thumb Code     0  startup_stm32f103xe.o(.text)
    USBWakeUp_IRQHandler                     0x080001f7   Thumb Code     0  startup_stm32f103xe.o(.text)
    USB_HP_CAN1_TX_IRQHandler                0x080001f7   Thumb Code     0  startup_stm32f103xe.o(.text)
    USB_LP_CAN1_RX0_IRQHandler               0x080001f7   Thumb Code     0  startup_stm32f103xe.o(.text)
    WWDG_IRQHandler                          0x080001f7   Thumb Code     0  startup_stm32f103xe.o(.text)
    __aeabi_llsr                             0x08000201   Thumb Code    32  llushr.o(.text)
    _ll_ushift_r                             0x08000201   Thumb Code     0  llushr.o(.text)
    __aeabi_memcpy                           0x08000221   Thumb Code    36  memcpya.o(.text)
    __aeabi_memcpy4                          0x08000221   Thumb Code     0  memcpya.o(.text)
    __aeabi_memcpy8                          0x08000221   Thumb Code     0  memcpya.o(.text)
    __aeabi_memset                           0x08000245   Thumb Code    14  memseta.o(.text)
    __aeabi_memset4                          0x08000245   Thumb Code     0  memseta.o(.text)
    __aeabi_memset8                          0x08000245   Thumb Code     0  memseta.o(.text)
    __aeabi_memclr                           0x08000253   Thumb Code     4  memseta.o(.text)
    __aeabi_memclr4                          0x08000253   Thumb Code     0  memseta.o(.text)
    __aeabi_memclr8                          0x08000253   Thumb Code     0  memseta.o(.text)
    memset                                   0x08000257   Thumb Code    18  memseta.o(.text)
    strcmp                                   0x08000269   Thumb Code    28  strcmp.o(.text)
    __0sscanf                                0x08000285   Thumb Code    48  __0sscanf.o(.text)
    _scanf_string                            0x080002bd   Thumb Code   224  _scanf_str.o(.text)
    _scanf_real                              0x080004c5   Thumb Code     0  scanf_fp.o(.text)
    _scanf_really_real                       0x080004c5   Thumb Code   556  scanf_fp.o(.text)
    __aeabi_fadd                             0x080006fd   Thumb Code   164  fadd.o(.text)
    __aeabi_fsub                             0x080007a1   Thumb Code     6  fadd.o(.text)
    __aeabi_frsub                            0x080007a7   Thumb Code     6  fadd.o(.text)
    __aeabi_fmul                             0x080007ad   Thumb Code   100  fmul.o(.text)
    __aeabi_fdiv                             0x08000811   Thumb Code   124  fdiv.o(.text)
    __ARM_scalbnf                            0x0800088d   Thumb Code    24  fscalb.o(.text)
    scalbnf                                  0x0800088d   Thumb Code     0  fscalb.o(.text)
    __aeabi_dadd                             0x080008a5   Thumb Code   322  dadd.o(.text)
    __aeabi_dsub                             0x080009e7   Thumb Code     6  dadd.o(.text)
    __aeabi_drsub                            0x080009ed   Thumb Code     6  dadd.o(.text)
    __aeabi_dmul                             0x080009f3   Thumb Code   228  dmul.o(.text)
    __aeabi_ddiv                             0x08000ad7   Thumb Code   222  ddiv.o(.text)
    __ARM_scalbn                             0x08000bb5   Thumb Code    46  dscalb.o(.text)
    scalbn                                   0x08000bb5   Thumb Code     0  dscalb.o(.text)
    __aeabi_i2f                              0x08000be3   Thumb Code    18  fflti.o(.text)
    __aeabi_ui2f                             0x08000bf5   Thumb Code    10  ffltui.o(.text)
    __aeabi_f2uiz                            0x08000bff   Thumb Code    40  ffixui.o(.text)
    __aeabi_f2d                              0x08000c27   Thumb Code    38  f2d.o(.text)
    __aeabi_d2f                              0x08000c4d   Thumb Code    56  d2f.o(.text)
    __aeabi_cfcmpeq                          0x08000c85   Thumb Code     0  cfcmple.o(.text)
    __aeabi_cfcmple                          0x08000c85   Thumb Code    20  cfcmple.o(.text)
    __aeabi_cfrcmple                         0x08000c99   Thumb Code    20  cfrcmple.o(.text)
    __aeabi_uidiv                            0x08000cad   Thumb Code     0  uidiv.o(.text)
    __aeabi_uidivmod                         0x08000cad   Thumb Code    44  uidiv.o(.text)
    __aeabi_uldivmod                         0x08000cd9   Thumb Code    98  uldiv.o(.text)
    __aeabi_llsl                             0x08000d3b   Thumb Code    30  llshl.o(.text)
    _ll_shift_l                              0x08000d3b   Thumb Code     0  llshl.o(.text)
    __aeabi_lasr                             0x08000d59   Thumb Code    36  llsshr.o(.text)
    _ll_sshift_r                             0x08000d59   Thumb Code     0  llsshr.o(.text)
    __vfscanf_char                           0x08000d89   Thumb Code    20  scanf_char.o(.text)
    _sgetc                                   0x08000da5   Thumb Code    30  _sgetc.o(.text)
    _sbackspace                              0x08000dc3   Thumb Code    34  _sgetc.o(.text)
    __I$use$fp                               0x08000de5   Thumb Code     0  iusefp.o(.text)
    _float_round                             0x08000de5   Thumb Code    18  fepilogue.o(.text)
    _float_epilogue                          0x08000df7   Thumb Code    92  fepilogue.o(.text)
    _double_round                            0x08000e53   Thumb Code    30  depilogue.o(.text)
    _double_epilogue                         0x08000e71   Thumb Code   156  depilogue.o(.text)
    __aeabi_ul2d                             0x08000f0d   Thumb Code    24  dfltul.o(.text)
    __aeabi_d2ulz                            0x08000f25   Thumb Code    48  dfixul.o(.text)
    __aeabi_cdrcmple                         0x08000f55   Thumb Code    48  cdrcmple.o(.text)
    __scatterload                            0x08000f85   Thumb Code    28  init.o(.text)
    __scatterload_rt2                        0x08000f85   Thumb Code     0  init.o(.text)
    isspace                                  0x08000fa9   Thumb Code    10  isspace_c.o(.text)
    __vfscanf                                0x08000fb5   Thumb Code   808  _scanf.o(.text)
    __ctype_lookup                           0x080012e1   Thumb Code    34  ctype_c.o(.text)
    BusFault_Handler                         0x08001309   Thumb Code     2  stm32f1xx_it.o(i.BusFault_Handler)
    CarGoAhead                               0x0800130d   Thumb Code   144  pid.o(i.CarGoAhead)
    CarSetDis                                0x080013b1   Thumb Code   156  pid.o(i.CarSetDis)
    CarStat_Get                              0x08001459   Thumb Code   270  motor.o(i.CarStat_Get)
    CarStop                                  0x08001591   Thumb Code    28  pid.o(i.CarStop)
    CarTurn                                  0x080015b1   Thumb Code   162  pid.o(i.CarTurn)
    Car_Alpha_ReFresh                        0x08001669   Thumb Code    14  motor.o(i.Car_Alpha_ReFresh)
    Car_Dis_ReFresh                          0x0800167d   Thumb Code    16  motor.o(i.Car_Dis_ReFresh)
    Car_Move_Stat_Refresh                    0x08001695   Thumb Code    12  motor.o(i.Car_Move_Stat_Refresh)
    DMA1_Channel5_IRQHandler                 0x080016a5   Thumb Code     6  stm32f1xx_it.o(i.DMA1_Channel5_IRQHandler)
    DMA1_Channel6_IRQHandler                 0x080016b1   Thumb Code     6  stm32f1xx_it.o(i.DMA1_Channel6_IRQHandler)
    DMA1_Channel7_IRQHandler                 0x080016bd   Thumb Code     6  stm32f1xx_it.o(i.DMA1_Channel7_IRQHandler)
    DMA2_Channel3_IRQHandler                 0x080016c9   Thumb Code     6  stm32f1xx_it.o(i.DMA2_Channel3_IRQHandler)
    DebugMon_Handler                         0x080016ff   Thumb Code     2  stm32f1xx_it.o(i.DebugMon_Handler)
    Delayus                                  0x08001701   Thumb Code    28  myi2c.o(i.Delayus)
    EXTI15_10_IRQHandler                     0x08001725   Thumb Code    22  stm32f1xx_it.o(i.EXTI15_10_IRQHandler)
    Error_Handler                            0x0800173b   Thumb Code     4  main.o(i.Error_Handler)
    Get_Task                                 0x08001741   Thumb Code   330  freertos.o(i.Get_Task)
    GildeAverageValueFilter_float            0x0800191d   Thumb Code   128  math.o(i.GildeAverageValueFilter_float)
    HAL_DMA_Abort                            0x0800199d   Thumb Code    70  stm32f1xx_hal_dma.o(i.HAL_DMA_Abort)
    HAL_DMA_Abort_IT                         0x080019e5   Thumb Code   296  stm32f1xx_hal_dma.o(i.HAL_DMA_Abort_IT)
    HAL_DMA_IRQHandler                       0x08001b15   Thumb Code   552  stm32f1xx_hal_dma.o(i.HAL_DMA_IRQHandler)
    HAL_DMA_Init                             0x08001d5d   Thumb Code   112  stm32f1xx_hal_dma.o(i.HAL_DMA_Init)
    HAL_DMA_Start_IT                         0x08001dd9   Thumb Code   112  stm32f1xx_hal_dma.o(i.HAL_DMA_Start_IT)
    HAL_GPIO_EXTI_Callback                   0x08001e49   Thumb Code    20  freertos.o(i.HAL_GPIO_EXTI_Callback)
    HAL_GPIO_EXTI_IRQHandler                 0x08001e61   Thumb Code    18  stm32f1xx_hal_gpio.o(i.HAL_GPIO_EXTI_IRQHandler)
    HAL_GPIO_Init                            0x08001e79   Thumb Code   462  stm32f1xx_hal_gpio.o(i.HAL_GPIO_Init)
    HAL_GPIO_ReadPin                         0x08002071   Thumb Code    10  stm32f1xx_hal_gpio.o(i.HAL_GPIO_ReadPin)
    HAL_GPIO_TogglePin                       0x0800207b   Thumb Code    16  stm32f1xx_hal_gpio.o(i.HAL_GPIO_TogglePin)
    HAL_GPIO_WritePin                        0x0800208b   Thumb Code    10  stm32f1xx_hal_gpio.o(i.HAL_GPIO_WritePin)
    HAL_GetTick                              0x08002095   Thumb Code     6  stm32f1xx_hal.o(i.HAL_GetTick)
    HAL_IncTick                              0x080020a1   Thumb Code    12  stm32f1xx_hal.o(i.HAL_IncTick)
    HAL_Init                                 0x080020b1   Thumb Code    32  stm32f1xx_hal.o(i.HAL_Init)
    HAL_InitTick                             0x080020d5   Thumb Code   132  stm32f1xx_hal_timebase_tim.o(i.HAL_InitTick)
    HAL_MspInit                              0x0800216d   Thumb Code    62  stm32f1xx_hal_msp.o(i.HAL_MspInit)
    HAL_NVIC_EnableIRQ                       0x080021b5   Thumb Code    26  stm32f1xx_hal_cortex.o(i.HAL_NVIC_EnableIRQ)
    HAL_NVIC_SetPriority                     0x080021d1   Thumb Code    60  stm32f1xx_hal_cortex.o(i.HAL_NVIC_SetPriority)
    HAL_NVIC_SetPriorityGrouping             0x08002211   Thumb Code    26  stm32f1xx_hal_cortex.o(i.HAL_NVIC_SetPriorityGrouping)
    HAL_RCC_ClockConfig                      0x08002235   Thumb Code   280  stm32f1xx_hal_rcc.o(i.HAL_RCC_ClockConfig)
    HAL_RCC_GetClockConfig                   0x08002361   Thumb Code    54  stm32f1xx_hal_rcc.o(i.HAL_RCC_GetClockConfig)
    HAL_RCC_GetPCLK1Freq                     0x080023a1   Thumb Code    20  stm32f1xx_hal_rcc.o(i.HAL_RCC_GetPCLK1Freq)
    HAL_RCC_GetPCLK2Freq                     0x080023c1   Thumb Code    20  stm32f1xx_hal_rcc.o(i.HAL_RCC_GetPCLK2Freq)
    HAL_RCC_GetSysClockFreq                  0x080023e1   Thumb Code    58  stm32f1xx_hal_rcc.o(i.HAL_RCC_GetSysClockFreq)
    HAL_RCC_OscConfig                        0x0800242d   Thumb Code   778  stm32f1xx_hal_rcc.o(i.HAL_RCC_OscConfig)
    HAL_TIMEx_BreakCallback                  0x0800274d   Thumb Code     2  stm32f1xx_hal_tim_ex.o(i.HAL_TIMEx_BreakCallback)
    HAL_TIMEx_CommutCallback                 0x0800274f   Thumb Code     2  stm32f1xx_hal_tim_ex.o(i.HAL_TIMEx_CommutCallback)
    HAL_TIMEx_ConfigBreakDeadTime            0x08002751   Thumb Code    84  stm32f1xx_hal_tim_ex.o(i.HAL_TIMEx_ConfigBreakDeadTime)
    HAL_TIMEx_MasterConfigSynchronization    0x080027a5   Thumb Code   104  stm32f1xx_hal_tim_ex.o(i.HAL_TIMEx_MasterConfigSynchronization)
    HAL_TIM_Base_Init                        0x08002821   Thumb Code    90  stm32f1xx_hal_tim.o(i.HAL_TIM_Base_Init)
    HAL_TIM_Base_MspInit                     0x0800287d   Thumb Code    30  tim.o(i.HAL_TIM_Base_MspInit)
    HAL_TIM_Base_Start_IT                    0x080028a5   Thumb Code    88  stm32f1xx_hal_tim.o(i.HAL_TIM_Base_Start_IT)
    HAL_TIM_ConfigClockSource                0x08002911   Thumb Code   220  stm32f1xx_hal_tim.o(i.HAL_TIM_ConfigClockSource)
    HAL_TIM_Encoder_Init                     0x080029ed   Thumb Code   164  stm32f1xx_hal_tim.o(i.HAL_TIM_Encoder_Init)
    HAL_TIM_Encoder_MspInit                  0x08002a91   Thumb Code   116  tim.o(i.HAL_TIM_Encoder_MspInit)
    HAL_TIM_Encoder_Start                    0x08002b11   Thumb Code   142  stm32f1xx_hal_tim.o(i.HAL_TIM_Encoder_Start)
    HAL_TIM_IC_CaptureCallback               0x08002b9f   Thumb Code     2  stm32f1xx_hal_tim.o(i.HAL_TIM_IC_CaptureCallback)
    HAL_TIM_IRQHandler                       0x08002ba1   Thumb Code   304  stm32f1xx_hal_tim.o(i.HAL_TIM_IRQHandler)
    HAL_TIM_MspPostInit                      0x08002cd1   Thumb Code   132  tim.o(i.HAL_TIM_MspPostInit)
    HAL_TIM_OC_DelayElapsedCallback          0x08002d6d   Thumb Code     2  stm32f1xx_hal_tim.o(i.HAL_TIM_OC_DelayElapsedCallback)
    HAL_TIM_PWM_ConfigChannel                0x08002d6f   Thumb Code   204  stm32f1xx_hal_tim.o(i.HAL_TIM_PWM_ConfigChannel)
    HAL_TIM_PWM_Init                         0x08002e3b   Thumb Code    90  stm32f1xx_hal_tim.o(i.HAL_TIM_PWM_Init)
    HAL_TIM_PWM_MspInit                      0x08002e95   Thumb Code    30  tim.o(i.HAL_TIM_PWM_MspInit)
    HAL_TIM_PWM_PulseFinishedCallback        0x08002ebd   Thumb Code     2  stm32f1xx_hal_tim.o(i.HAL_TIM_PWM_PulseFinishedCallback)
    HAL_TIM_PWM_Start                        0x08002ec1   Thumb Code   160  stm32f1xx_hal_tim.o(i.HAL_TIM_PWM_Start)
    HAL_TIM_PeriodElapsedCallback            0x08002f75   Thumb Code    14  main.o(i.HAL_TIM_PeriodElapsedCallback)
    HAL_TIM_TriggerCallback                  0x08002f89   Thumb Code     2  stm32f1xx_hal_tim.o(i.HAL_TIM_TriggerCallback)
    HAL_UARTEx_ReceiveToIdle_DMA             0x08002f8b   Thumb Code    74  stm32f1xx_hal_uart.o(i.HAL_UARTEx_ReceiveToIdle_DMA)
    HAL_UARTEx_RxEventCallback               0x08002fd5   Thumb Code   126  freertos.o(i.HAL_UARTEx_RxEventCallback)
    HAL_UART_ErrorCallback                   0x08003075   Thumb Code     2  stm32f1xx_hal_uart.o(i.HAL_UART_ErrorCallback)
    HAL_UART_IRQHandler                      0x08003079   Thumb Code   616  stm32f1xx_hal_uart.o(i.HAL_UART_IRQHandler)
    HAL_UART_Init                            0x080032e5   Thumb Code   100  stm32f1xx_hal_uart.o(i.HAL_UART_Init)
    HAL_UART_MspInit                         0x08003349   Thumb Code   562  usart.o(i.HAL_UART_MspInit)
    HAL_UART_Receive_IT                      0x080035b1   Thumb Code    28  stm32f1xx_hal_uart.o(i.HAL_UART_Receive_IT)
    HAL_UART_RxCpltCallback                  0x080035cd   Thumb Code    40  freertos.o(i.HAL_UART_RxCpltCallback)
    HAL_UART_RxHalfCpltCallback              0x08003601   Thumb Code     2  stm32f1xx_hal_uart.o(i.HAL_UART_RxHalfCpltCallback)
    HAL_UART_Transmit                        0x08003603   Thumb Code   160  stm32f1xx_hal_uart.o(i.HAL_UART_Transmit)
    HAL_UART_Transmit_DMA                    0x080036a5   Thumb Code   106  stm32f1xx_hal_uart.o(i.HAL_UART_Transmit_DMA)
    HAL_UART_Transmit_IT                     0x0800371d   Thumb Code    50  stm32f1xx_hal_uart.o(i.HAL_UART_Transmit_IT)
    HAL_UART_TxCpltCallback                  0x0800374f   Thumb Code     2  stm32f1xx_hal_uart.o(i.HAL_UART_TxCpltCallback)
    HAL_UART_TxHalfCpltCallback              0x08003751   Thumb Code     2  stm32f1xx_hal_uart.o(i.HAL_UART_TxHalfCpltCallback)
    HardFault_Handler                        0x08003753   Thumb Code     2  stm32f1xx_it.o(i.HardFault_Handler)
    Incremental_PID_val                      0x08003755   Thumb Code   100  pid.o(i.Incremental_PID_val)
    MX_DMA_Init                              0x080037b9   Thumb Code   104  dma.o(i.MX_DMA_Init)
    MX_FREERTOS_Init                         0x08003825   Thumb Code   102  freertos.o(i.MX_FREERTOS_Init)
    MX_GPIO_Init                             0x080038a9   Thumb Code   208  gpio.o(i.MX_GPIO_Init)
    MX_TIM1_Init                             0x08003989   Thumb Code   104  tim.o(i.MX_TIM1_Init)
    MX_TIM2_Init                             0x080039f9   Thumb Code   104  tim.o(i.MX_TIM2_Init)
    MX_TIM3_Init                             0x08003a65   Thumb Code   192  tim.o(i.MX_TIM3_Init)
    MX_TIM8_Init                             0x08003b2d   Thumb Code   166  tim.o(i.MX_TIM8_Init)
    MX_UART4_Init                            0x08003bdd   Thumb Code    48  usart.o(i.MX_UART4_Init)
    MX_UART5_Init                            0x08003c15   Thumb Code    48  usart.o(i.MX_UART5_Init)
    MX_USART1_UART_Init                      0x08003c4d   Thumb Code    48  usart.o(i.MX_USART1_UART_Init)
    MX_USART2_UART_Init                      0x08003c85   Thumb Code    48  usart.o(i.MX_USART2_UART_Init)
    MemManage_Handler                        0x08003cbd   Thumb Code     2  stm32f1xx_it.o(i.MemManage_Handler)
    Motor_Set                                0x08003cc1   Thumb Code   162  motor.o(i.Motor_Set)
    Motor_Set_Val                            0x08003d71   Thumb Code    48  pid.o(i.Motor_Set_Val)
    Move_Control                             0x08003dad   Thumb Code   296  freertos.o(i.Move_Control)
    MyI2C_R_SDA                              0x08003f31   Thumb Code    42  myi2c.o(i.MyI2C_R_SDA)
    MyI2C_ReceiveAck                         0x08003f61   Thumb Code    40  myi2c.o(i.MyI2C_ReceiveAck)
    MyI2C_ReceiveByte                        0x08003f89   Thumb Code    66  myi2c.o(i.MyI2C_ReceiveByte)
    MyI2C_SendByte                           0x08003fcb   Thumb Code    52  myi2c.o(i.MyI2C_SendByte)
    MyI2C_Start                              0x08003fff   Thumb Code    40  myi2c.o(i.MyI2C_Start)
    MyI2C_Stop                               0x08004027   Thumb Code    32  myi2c.o(i.MyI2C_Stop)
    MyI2C_W_SCL                              0x08004049   Thumb Code    44  myi2c.o(i.MyI2C_W_SCL)
    MyI2C_W_SDA                              0x08004079   Thumb Code    44  myi2c.o(i.MyI2C_W_SDA)
    NMI_Handler                              0x080040a9   Thumb Code     2  stm32f1xx_it.o(i.NMI_Handler)
    PID_init                                 0x080040ad   Thumb Code   142  pid.o(i.PID_init)
    PID_realize_dis                          0x08004165   Thumb Code    84  pid.o(i.PID_realize_dis)
    PID_realize_lidar                        0x080041b9   Thumb Code    98  pid.o(i.PID_realize_lidar)
    PID_realize_mpu                          0x08004229   Thumb Code   166  pid.o(i.PID_realize_mpu)
    Read_ID                                  0x080042e1   Thumb Code    34  freertos.o(i.Read_ID)
    Read_Lidar                               0x0800430d   Thumb Code    96  freertos.o(i.Read_Lidar)
    Read_MPU                                 0x08004379   Thumb Code    80  freertos.o(i.Read_MPU)
    Sliding_Window_Algorithm                 0x080043d5   Thumb Code    38  math.o(i.Sliding_Window_Algorithm)
    SysTick_Handler                          0x080043fb   Thumb Code    26  cmsis_os2.o(i.SysTick_Handler)
    SystemClock_Config                       0x08004415   Thumb Code    94  main.o(i.SystemClock_Config)
    SystemInit                               0x08004473   Thumb Code     2  system_stm32f1xx.o(i.SystemInit)
    TIM7_IRQHandler                          0x08004475   Thumb Code     6  stm32f1xx_it.o(i.TIM7_IRQHandler)
    TIM_Base_SetConfig                       0x08004481   Thumb Code   134  stm32f1xx_hal_tim.o(i.TIM_Base_SetConfig)
    TIM_CCxChannelCmd                        0x0800451d   Thumb Code    26  stm32f1xx_hal_tim.o(i.TIM_CCxChannelCmd)
    TIM_ETR_SetConfig                        0x08004537   Thumb Code    20  stm32f1xx_hal_tim.o(i.TIM_ETR_SetConfig)
    TIM_OC2_SetConfig                        0x080045bd   Thumb Code    98  stm32f1xx_hal_tim.o(i.TIM_OC2_SetConfig)
    UART4_IRQHandler                         0x08004729   Thumb Code     6  stm32f1xx_it.o(i.UART4_IRQHandler)
    UART5_IRQHandler                         0x08004735   Thumb Code     6  stm32f1xx_it.o(i.UART5_IRQHandler)
    UART_Start_Receive_DMA                   0x08004a71   Thumb Code   130  stm32f1xx_hal_uart.o(i.UART_Start_Receive_DMA)
    UART_Start_Receive_IT                    0x08004b01   Thumb Code    54  stm32f1xx_hal_uart.o(i.UART_Start_Receive_IT)
    USART1_IRQHandler                        0x08004ba9   Thumb Code     6  stm32f1xx_it.o(i.USART1_IRQHandler)
    USART2_IRQHandler                        0x08004bb5   Thumb Code     6  stm32f1xx_it.o(i.USART2_IRQHandler)
    UsageFault_Handler                       0x08004bc1   Thumb Code     2  stm32f1xx_it.o(i.UsageFault_Handler)
    VL6180X_Init                             0x08004bc3   Thumb Code   432  vl6180x.o(i.VL6180X_Init)
    VL6180X_Range_Cailbration                0x08004d73   Thumb Code    74  vl6180x.o(i.VL6180X_Range_Cailbration)
    VL6180X_ReadReg                          0x08004dbd   Thumb Code    94  vl6180x.o(i.VL6180X_ReadReg)
    VL6180X_Read_ID                          0x08004e1b   Thumb Code     8  vl6180x.o(i.VL6180X_Read_ID)
    VL6180X_Read_Range                       0x08004e23   Thumb Code    62  vl6180x.o(i.VL6180X_Read_Range)
    VL6180X_WriteReg                         0x08004e61   Thumb Code   100  vl6180x.o(i.VL6180X_WriteReg)
    __0printf                                0x08004ec5   Thumb Code    22  printfa.o(i.__0printf)
    __1printf                                0x08004ec5   Thumb Code     0  printfa.o(i.__0printf)
    __2printf                                0x08004ec5   Thumb Code     0  printfa.o(i.__0printf)
    __c89printf                              0x08004ec5   Thumb Code     0  printfa.o(i.__0printf)
    printf                                   0x08004ec5   Thumb Code     0  printfa.o(i.__0printf)
    __scatterload_copy                       0x08004f05   Thumb Code    14  handlers.o(i.__scatterload_copy)
    __scatterload_null                       0x08004f13   Thumb Code     2  handlers.o(i.__scatterload_null)
    __scatterload_zeroinit                   0x08004f15   Thumb Code    14  handlers.o(i.__scatterload_zeroinit)
    _is_digit                                0x080050a9   Thumb Code    14  scanf_fp.o(i._is_digit)
    atk_ms901m_get_attitude                  0x080057e9   Thumb Code    76  atk_ms901m.o(i.atk_ms901m_get_attitude)
    atk_ms901m_init                          0x08005959   Thumb Code    26  atk_ms901m.o(i.atk_ms901m_init)
    atk_ms901m_read_reg_by_id                0x08005979   Thumb Code   112  atk_ms901m.o(i.atk_ms901m_read_reg_by_id)
    atk_ms901m_sita_init                     0x080059e9   Thumb Code    42  atk_ms901m.o(i.atk_ms901m_sita_init)
    atk_ms901m_uart_init                     0x08005a19   Thumb Code    16  atk_ms901m_uart.o(i.atk_ms901m_uart_init)
    atk_ms901m_uart_rx_fifo_read             0x08005a2d   Thumb Code    78  atk_ms901m_uart.o(i.atk_ms901m_uart_rx_fifo_read)
    atk_ms901m_uart_rx_fifo_write            0x08005a81   Thumb Code    50  atk_ms901m_uart.o(i.atk_ms901m_uart_rx_fifo_write)
    atk_ms901m_uart_send                     0x08005ab9   Thumb Code    10  atk_ms901m_uart.o(i.atk_ms901m_uart_send)
    delay_us                                 0x08005ac9   Thumb Code    32  delay.o(i.delay_us)
    fputc                                    0x08005ae9   Thumb Code    20  usart.o(i.fputc)
    main                                     0x08005b01   Thumb Code   166  main.o(i.main)
    osKernelInitialize                       0x08005bd1   Thumb Code    32  cmsis_os2.o(i.osKernelInitialize)
    osKernelStart                            0x08005bf5   Thumb Code    48  cmsis_os2.o(i.osKernelStart)
    osSemaphoreNew                           0x08005c2d   Thumb Code   152  cmsis_os2.o(i.osSemaphoreNew)
    osThreadNew                              0x08005cc5   Thumb Code   138  cmsis_os2.o(i.osThreadNew)
    pvPortMalloc                             0x080064e1   Thumb Code   216  heap_4.o(i.pvPortMalloc)
    pvTaskIncrementMutexHeldCount            0x080065bd   Thumb Code    18  tasks.o(i.pvTaskIncrementMutexHeldCount)
    pxPortInitialiseStack                    0x080065d5   Thumb Code    32  port.o(i.pxPortInitialiseStack)
    uxListRemove                             0x080065f9   Thumb Code    38  list.o(i.uxListRemove)
    vApplicationGetIdleTaskMemory            0x08006621   Thumb Code    16  cmsis_os2.o(i.vApplicationGetIdleTaskMemory)
    vApplicationGetTimerTaskMemory           0x08006635   Thumb Code    18  cmsis_os2.o(i.vApplicationGetTimerTaskMemory)
    vListInitialise                          0x0800664d   Thumb Code    22  list.o(i.vListInitialise)
    vListInitialiseItem                      0x08006663   Thumb Code     6  list.o(i.vListInitialiseItem)
    vListInsert                              0x08006669   Thumb Code    48  list.o(i.vListInsert)
    vListInsertEnd                           0x08006699   Thumb Code    24  list.o(i.vListInsertEnd)
    vPortEnterCritical                       0x080066b1   Thumb Code    54  port.o(i.vPortEnterCritical)
    vPortExitCritical                        0x080066f1   Thumb Code    34  port.o(i.vPortExitCritical)
    vPortFree                                0x08006719   Thumb Code    94  heap_4.o(i.vPortFree)
    vPortSetupTimerInterrupt                 0x0800677d   Thumb Code    32  port.o(i.vPortSetupTimerInterrupt)
    vPortValidateInterruptPriority           0x080067a1   Thumb Code    74  port.o(i.vPortValidateInterruptPriority)
    vQueueAddToRegistry                      0x080067f5   Thumb Code    34  queue.o(i.vQueueAddToRegistry)
    vQueueDelete                             0x0800681d   Thumb Code    46  queue.o(i.vQueueDelete)
    vQueueUnregisterQueue                    0x0800684d   Thumb Code    36  queue.o(i.vQueueUnregisterQueue)
    vQueueWaitForMessageRestricted           0x08006875   Thumb Code    68  queue.o(i.vQueueWaitForMessageRestricted)
    vTaskDelay                               0x080068b9   Thumb Code    66  tasks.o(i.vTaskDelay)
    vTaskInternalSetTimeOutState             0x08006905   Thumb Code    12  tasks.o(i.vTaskInternalSetTimeOutState)
    vTaskMissedYield                         0x08006915   Thumb Code     8  tasks.o(i.vTaskMissedYield)
    vTaskPlaceOnEventList                    0x08006921   Thumb Code    44  tasks.o(i.vTaskPlaceOnEventList)
    vTaskPlaceOnEventListRestricted          0x08006951   Thumb Code    52  tasks.o(i.vTaskPlaceOnEventListRestricted)
    vTaskPriorityDisinheritAfterTimeout      0x08006989   Thumb Code   134  tasks.o(i.vTaskPriorityDisinheritAfterTimeout)
    vTaskStartScheduler                      0x08006a19   Thumb Code   118  tasks.o(i.vTaskStartScheduler)
    vTaskSuspendAll                          0x08006aa1   Thumb Code    10  tasks.o(i.vTaskSuspendAll)
    vTaskSwitchContext                       0x08006ab1   Thumb Code    90  tasks.o(i.vTaskSwitchContext)
    xPortStartScheduler                      0x08006b15   Thumb Code   154  port.o(i.xPortStartScheduler)
    xPortSysTickHandler                      0x08006bbd   Thumb Code    38  port.o(i.xPortSysTickHandler)
    xQueueCreateCountingSemaphore            0x08006be9   Thumb Code    58  queue.o(i.xQueueCreateCountingSemaphore)
    xQueueCreateCountingSemaphoreStatic      0x08006c23   Thumb Code    64  queue.o(i.xQueueCreateCountingSemaphoreStatic)
    xQueueGenericCreate                      0x08006c63   Thumb Code    66  queue.o(i.xQueueGenericCreate)
    xQueueGenericCreateStatic                0x08006ca5   Thumb Code   102  queue.o(i.xQueueGenericCreateStatic)
    xQueueGenericReset                       0x08006d0d   Thumb Code   132  queue.o(i.xQueueGenericReset)
    xQueueGenericSend                        0x08006d95   Thumb Code   346  queue.o(i.xQueueGenericSend)
    xQueueGenericSendFromISR                 0x08006ef5   Thumb Code   190  queue.o(i.xQueueGenericSendFromISR)
    xQueueGiveFromISR                        0x08006fb3   Thumb Code   156  queue.o(i.xQueueGiveFromISR)
    xQueueReceive                            0x08007051   Thumb Code   308  queue.o(i.xQueueReceive)
    xQueueSemaphoreTake                      0x08007189   Thumb Code   372  queue.o(i.xQueueSemaphoreTake)
    xTaskCheckForTimeOut                     0x08007301   Thumb Code   112  tasks.o(i.xTaskCheckForTimeOut)
    xTaskCreate                              0x08007375   Thumb Code    90  tasks.o(i.xTaskCreate)
    xTaskCreateStatic                        0x080073cf   Thumb Code    86  tasks.o(i.xTaskCreateStatic)
    xTaskGetSchedulerState                   0x08007425   Thumb Code    22  tasks.o(i.xTaskGetSchedulerState)
    xTaskGetTickCount                        0x08007441   Thumb Code     6  tasks.o(i.xTaskGetTickCount)
    xTaskIncrementTick                       0x0800744d   Thumb Code   192  tasks.o(i.xTaskIncrementTick)
    xTaskPriorityDisinherit                  0x08007515   Thumb Code   118  tasks.o(i.xTaskPriorityDisinherit)
    xTaskPriorityInherit                     0x08007595   Thumb Code   112  tasks.o(i.xTaskPriorityInherit)
    xTaskRemoveFromEventList                 0x0800760d   Thumb Code    98  tasks.o(i.xTaskRemoveFromEventList)
    xTaskResumeAll                           0x0800767d   Thumb Code   182  tasks.o(i.xTaskResumeAll)
    xTimerCreateTimerTask                    0x08007741   Thumb Code    78  timers.o(i.xTimerCreateTimerTask)
    xTimerGenericCommand                     0x080077a1   Thumb Code    98  timers.o(i.xTimerGenericCommand)
    GET_TASK_attributes                      0x08007808   Data          36  freertos.o(.constdata)
    MPU_TASK_attributes                      0x0800782c   Data          36  freertos.o(.constdata)
    LIDAR_TASK_attributes                    0x08007850   Data          36  freertos.o(.constdata)
    PID_TASK_attributes                      0x08007874   Data          36  freertos.o(.constdata)
    CARD_TASK_attributes                     0x08007898   Data          36  freertos.o(.constdata)
    CARD_FLAG_attributes                     0x080078bc   Data          16  freertos.o(.constdata)
    TASK_FLAG_attributes                     0x080078cc   Data          16  freertos.o(.constdata)
    AHBPrescTable                            0x080078ee   Data          16  system_stm32f1xx.o(.constdata)
    APBPrescTable                            0x080078fe   Data           8  system_stm32f1xx.o(.constdata)
    __ctype_categories                       0x08007906   Data          64  ctype_c.o(.constdata)
    Region$$Table$$Base                      0x080079e0   Number         0  anon$$obj.o(Region$$Table)
    Region$$Table$$Limit                     0x08007a00   Number         0  anon$$obj.o(Region$$Table)
    mpu_once_isr_data                        0x20000000   Data           1  main.o(.data)
    mpu_isReady                              0x20000004   Data           1  freertos.o(.data)
    lidar_isReady                            0x20000005   Data           1  freertos.o(.data)
    OderStat                                 0x20000006   Data           1  freertos.o(.data)
    TaskStat                                 0x20000007   Data           3  freertos.o(.data)
    q_size                                   0x2000000c   Data           4  freertos.o(.data)
    xHigherPriorityTaskWoken_card            0x20000010   Data           4  freertos.o(.data)
    xHigherPriorityTaskWoken_serial          0x20000014   Data           4  freertos.o(.data)
    move_task_stat                           0x20000018   Data           4  freertos.o(.data)
    GET_TASKHandle                           0x2000001c   Data           4  freertos.o(.data)
    MPU_TASKHandle                           0x20000020   Data           4  freertos.o(.data)
    LIDAR_TASKHandle                         0x20000024   Data           4  freertos.o(.data)
    PID_TASKHandle                           0x20000028   Data           4  freertos.o(.data)
    CARD_TASKHandle                          0x2000002c   Data           4  freertos.o(.data)
    CARD_FLAGHandle                          0x20000030   Data           4  freertos.o(.data)
    TASK_FLAGHandle                          0x20000034   Data           4  freertos.o(.data)
    Queue_lidar                              0x20000038   Data          20  freertos.o(.data)
    uwTickFreq                               0x2000004c   Data           1  stm32f1xx_hal.o(.data)
    uwTickPrio                               0x20000050   Data           4  stm32f1xx_hal.o(.data)
    uwTick                                   0x20000054   Data           4  stm32f1xx_hal.o(.data)
    SystemCoreClock                          0x20000058   Data           4  system_stm32f1xx.o(.data)
    pxCurrentTCB                             0x2000005c   Data           4  tasks.o(.data)
    LEFT_MOTOR                               0x200000e0   Data           8  motor.o(.data)
    RIG_MOTOR                                0x200000e8   Data           8  motor.o(.data)
    test                                     0x200000f0   Data           8  pid.o(.data)
    __stdout                                 0x200000f8   Data           4  stdout.o(.data)
    CARD_DATA                                0x200000fc   Data          20  main.o(.bss)
    ORDER_DATA                               0x20000110   Data          10  main.o(.bss)
    TargetPara                               0x2000011c   Data          20  freertos.o(.bss)
    lidar                                    0x20000130   Data          12  freertos.o(.bss)
    Car_stat                                 0x2000013c   Data          20  freertos.o(.bss)
    htim1                                    0x20000150   Data          72  tim.o(.bss)
    htim2                                    0x20000198   Data          72  tim.o(.bss)
    htim3                                    0x200001e0   Data          72  tim.o(.bss)
    htim8                                    0x20000228   Data          72  tim.o(.bss)
    huart4                                   0x20000270   Data          72  usart.o(.bss)
    huart5                                   0x200002b8   Data          72  usart.o(.bss)
    huart1                                   0x20000300   Data          72  usart.o(.bss)
    huart2                                   0x20000348   Data          72  usart.o(.bss)
    hdma_uart4_rx                            0x20000390   Data          68  usart.o(.bss)
    hdma_usart1_rx                           0x200003d4   Data          68  usart.o(.bss)
    hdma_usart2_rx                           0x20000418   Data          68  usart.o(.bss)
    hdma_usart2_tx                           0x2000045c   Data          68  usart.o(.bss)
    htim7                                    0x200004a0   Data          72  stm32f1xx_hal_timebase_tim.o(.bss)
    xQueueRegistry                           0x200004e8   Data          64  queue.o(.bss)
    attitude_dat                             0x200023b4   Data          12  atk_ms901m.o(.bss)
    local_pid                                0x20002448   Data          68  pid.o(.bss)
    left_incremental_pid                     0x2000248c   Data          68  pid.o(.bss)
    right_incremental_pid                    0x200024d0   Data          68  pid.o(.bss)
    mpu_pid                                  0x20002514   Data          68  pid.o(.bss)
    Lidar_pid                                0x20002558   Data          68  pid.o(.bss)
    __initial_sp                             0x200029a0   Data           0  startup_stm32f103xe.o(STACK)



==============================================================================

Memory Map of the image

  Image Entry point : 0x08000131

  Load Region LR_IROM1 (Base: 0x08000000, Size: 0x00007afc, Max: 0x00040000, ABSOLUTE)

    Execution Region ER_IROM1 (Exec base: 0x08000000, Load base: 0x08000000, Size: 0x00007a00, Max: 0x00040000, ABSOLUTE)

    Exec Addr    Load Addr    Size         Type   Attr      Idx    E Section Name        Object

    0x08000000   0x08000000   0x00000130   Data   RO            3    RESET               startup_stm32f103xe.o
    0x08000130   0x08000130   0x00000000   Code   RO         5680  * .ARM.Collect$$$$00000000  mc_w.l(entry.o)
    0x08000130   0x08000130   0x00000004   Code   RO         6000    .ARM.Collect$$$$00000001  mc_w.l(entry2.o)
    0x08000134   0x08000134   0x00000004   Code   RO         6003    .ARM.Collect$$$$00000004  mc_w.l(entry5.o)
    0x08000138   0x08000138   0x00000000   Code   RO         6005    .ARM.Collect$$$$00000008  mc_w.l(entry7b.o)
    0x08000138   0x08000138   0x00000000   Code   RO         6007    .ARM.Collect$$$$0000000A  mc_w.l(entry8b.o)
    0x08000138   0x08000138   0x00000008   Code   RO         6008    .ARM.Collect$$$$0000000B  mc_w.l(entry9a.o)
    0x08000140   0x08000140   0x00000000   Code   RO         6010    .ARM.Collect$$$$0000000D  mc_w.l(entry10a.o)
    0x08000140   0x08000140   0x00000000   Code   RO         6012    .ARM.Collect$$$$0000000F  mc_w.l(entry11a.o)
    0x08000140   0x08000140   0x00000004   Code   RO         6001    .ARM.Collect$$$$00002712  mc_w.l(entry2.o)
    0x08000144   0x08000144   0x00000096   Code   RO         4799    .emb_text           port.o
    0x080001da   0x080001da   0x00000002   PAD
    0x080001dc   0x080001dc   0x00000024   Code   RO            4    .text               startup_stm32f103xe.o
    0x08000200   0x08000200   0x00000020   Code   RO         5683    .text               mc_w.l(llushr.o)
    0x08000220   0x08000220   0x00000024   Code   RO         5685    .text               mc_w.l(memcpya.o)
    0x08000244   0x08000244   0x00000024   Code   RO         5689    .text               mc_w.l(memseta.o)
    0x08000268   0x08000268   0x0000001c   Code   RO         5695    .text               mc_w.l(strcmp.o)
    0x08000284   0x08000284   0x00000038   Code   RO         5962    .text               mc_w.l(__0sscanf.o)
    0x080002bc   0x080002bc   0x000000e0   Code   RO         5964    .text               mc_w.l(_scanf_str.o)
    0x0800039c   0x0800039c   0x00000360   Code   RO         5966    .text               mc_w.l(scanf_fp.o)
    0x080006fc   0x080006fc   0x000000b0   Code   RO         5970    .text               mf_w.l(fadd.o)
    0x080007ac   0x080007ac   0x00000064   Code   RO         5972    .text               mf_w.l(fmul.o)
    0x08000810   0x08000810   0x0000007c   Code   RO         5974    .text               mf_w.l(fdiv.o)
    0x0800088c   0x0800088c   0x00000018   Code   RO         5976    .text               mf_w.l(fscalb.o)
    0x080008a4   0x080008a4   0x0000014e   Code   RO         5978    .text               mf_w.l(dadd.o)
    0x080009f2   0x080009f2   0x000000e4   Code   RO         5980    .text               mf_w.l(dmul.o)
    0x08000ad6   0x08000ad6   0x000000de   Code   RO         5982    .text               mf_w.l(ddiv.o)
    0x08000bb4   0x08000bb4   0x0000002e   Code   RO         5984    .text               mf_w.l(dscalb.o)
    0x08000be2   0x08000be2   0x00000012   Code   RO         5986    .text               mf_w.l(fflti.o)
    0x08000bf4   0x08000bf4   0x0000000a   Code   RO         5988    .text               mf_w.l(ffltui.o)
    0x08000bfe   0x08000bfe   0x00000028   Code   RO         5990    .text               mf_w.l(ffixui.o)
    0x08000c26   0x08000c26   0x00000026   Code   RO         5992    .text               mf_w.l(f2d.o)
    0x08000c4c   0x08000c4c   0x00000038   Code   RO         5994    .text               mf_w.l(d2f.o)
    0x08000c84   0x08000c84   0x00000014   Code   RO         5996    .text               mf_w.l(cfcmple.o)
    0x08000c98   0x08000c98   0x00000014   Code   RO         5998    .text               mf_w.l(cfrcmple.o)
    0x08000cac   0x08000cac   0x0000002c   Code   RO         6015    .text               mc_w.l(uidiv.o)
    0x08000cd8   0x08000cd8   0x00000062   Code   RO         6017    .text               mc_w.l(uldiv.o)
    0x08000d3a   0x08000d3a   0x0000001e   Code   RO         6019    .text               mc_w.l(llshl.o)
    0x08000d58   0x08000d58   0x00000024   Code   RO         6021    .text               mc_w.l(llsshr.o)
    0x08000d7c   0x08000d7c   0x00000028   Code   RO         6023    .text               mc_w.l(scanf_char.o)
    0x08000da4   0x08000da4   0x00000040   Code   RO         6025    .text               mc_w.l(_sgetc.o)
    0x08000de4   0x08000de4   0x00000000   Code   RO         6027    .text               mc_w.l(iusefp.o)
    0x08000de4   0x08000de4   0x0000006e   Code   RO         6028    .text               mf_w.l(fepilogue.o)
    0x08000e52   0x08000e52   0x000000ba   Code   RO         6030    .text               mf_w.l(depilogue.o)
    0x08000f0c   0x08000f0c   0x00000018   Code   RO         6032    .text               mf_w.l(dfltul.o)
    0x08000f24   0x08000f24   0x00000030   Code   RO         6034    .text               mf_w.l(dfixul.o)
    0x08000f54   0x08000f54   0x00000030   Code   RO         6036    .text               mf_w.l(cdrcmple.o)
    0x08000f84   0x08000f84   0x00000024   Code   RO         6038    .text               mc_w.l(init.o)
    0x08000fa8   0x08000fa8   0x0000000a   Code   RO         6040    .text               mc_w.l(isspace_c.o)
    0x08000fb2   0x08000fb2   0x00000002   PAD
    0x08000fb4   0x08000fb4   0x0000032c   Code   RO         6042    .text               mc_w.l(_scanf.o)
    0x080012e0   0x080012e0   0x00000028   Code   RO         6044    .text               mc_w.l(ctype_c.o)
    0x08001308   0x08001308   0x00000002   Code   RO          549    i.BusFault_Handler  stm32f1xx_it.o
    0x0800130a   0x0800130a   0x00000002   PAD
    0x0800130c   0x0800130c   0x000000a4   Code   RO         5242    i.CarGoAhead        pid.o
    0x080013b0   0x080013b0   0x000000a8   Code   RO         5245    i.CarSetDis         pid.o
    0x08001458   0x08001458   0x00000138   Code   RO         5187    i.CarStat_Get       motor.o
    0x08001590   0x08001590   0x00000020   Code   RO         5246    i.CarStop           pid.o
    0x080015b0   0x080015b0   0x000000b8   Code   RO         5247    i.CarTurn           pid.o
    0x08001668   0x08001668   0x00000014   Code   RO         5188    i.Car_Alpha_ReFresh  motor.o
    0x0800167c   0x0800167c   0x00000018   Code   RO         5189    i.Car_Dis_ReFresh   motor.o
    0x08001694   0x08001694   0x00000010   Code   RO         5190    i.Car_Move_Stat_Refresh  motor.o
    0x080016a4   0x080016a4   0x0000000c   Code   RO          550    i.DMA1_Channel5_IRQHandler  stm32f1xx_it.o
    0x080016b0   0x080016b0   0x0000000c   Code   RO          551    i.DMA1_Channel6_IRQHandler  stm32f1xx_it.o
    0x080016bc   0x080016bc   0x0000000c   Code   RO          552    i.DMA1_Channel7_IRQHandler  stm32f1xx_it.o
    0x080016c8   0x080016c8   0x0000000c   Code   RO          553    i.DMA2_Channel3_IRQHandler  stm32f1xx_it.o
    0x080016d4   0x080016d4   0x0000002a   Code   RO         2119    i.DMA_SetConfig     stm32f1xx_hal_dma.o
    0x080016fe   0x080016fe   0x00000002   Code   RO          554    i.DebugMon_Handler  stm32f1xx_it.o
    0x08001700   0x08001700   0x00000024   Code   RO         5578    i.Delayus           myi2c.o
    0x08001724   0x08001724   0x00000016   Code   RO          555    i.EXTI15_10_IRQHandler  stm32f1xx_it.o
    0x0800173a   0x0800173a   0x00000004   Code   RO           14    i.Error_Handler     main.o
    0x0800173e   0x0800173e   0x00000002   PAD
    0x08001740   0x08001740   0x000001dc   Code   RO          254    i.Get_Task          freertos.o
    0x0800191c   0x0800191c   0x00000080   Code   RO         5082    i.GildeAverageValueFilter_float  math.o
    0x0800199c   0x0800199c   0x00000046   Code   RO         2120    i.HAL_DMA_Abort     stm32f1xx_hal_dma.o
    0x080019e2   0x080019e2   0x00000002   PAD
    0x080019e4   0x080019e4   0x00000130   Code   RO         2121    i.HAL_DMA_Abort_IT  stm32f1xx_hal_dma.o
    0x08001b14   0x08001b14   0x00000248   Code   RO         2125    i.HAL_DMA_IRQHandler  stm32f1xx_hal_dma.o
    0x08001d5c   0x08001d5c   0x0000007c   Code   RO         2126    i.HAL_DMA_Init      stm32f1xx_hal_dma.o
    0x08001dd8   0x08001dd8   0x00000070   Code   RO         2130    i.HAL_DMA_Start_IT  stm32f1xx_hal_dma.o
    0x08001e48   0x08001e48   0x00000018   Code   RO          255    i.HAL_GPIO_EXTI_Callback  freertos.o
    0x08001e60   0x08001e60   0x00000018   Code   RO         2055    i.HAL_GPIO_EXTI_IRQHandler  stm32f1xx_hal_gpio.o
    0x08001e78   0x08001e78   0x000001f8   Code   RO         2056    i.HAL_GPIO_Init     stm32f1xx_hal_gpio.o
    0x08002070   0x08002070   0x0000000a   Code   RO         2058    i.HAL_GPIO_ReadPin  stm32f1xx_hal_gpio.o
    0x0800207a   0x0800207a   0x00000010   Code   RO         2059    i.HAL_GPIO_TogglePin  stm32f1xx_hal_gpio.o
    0x0800208a   0x0800208a   0x0000000a   Code   RO         2060    i.HAL_GPIO_WritePin  stm32f1xx_hal_gpio.o
    0x08002094   0x08002094   0x0000000c   Code   RO         1750    i.HAL_GetTick       stm32f1xx_hal.o
    0x080020a0   0x080020a0   0x00000010   Code   RO         1756    i.HAL_IncTick       stm32f1xx_hal.o
    0x080020b0   0x080020b0   0x00000024   Code   RO         1757    i.HAL_Init          stm32f1xx_hal.o
    0x080020d4   0x080020d4   0x00000098   Code   RO          691    i.HAL_InitTick      stm32f1xx_hal_timebase_tim.o
    0x0800216c   0x0800216c   0x00000048   Code   RO          667    i.HAL_MspInit       stm32f1xx_hal_msp.o
    0x080021b4   0x080021b4   0x0000001a   Code   RO         2216    i.HAL_NVIC_EnableIRQ  stm32f1xx_hal_cortex.o
    0x080021ce   0x080021ce   0x00000002   PAD
    0x080021d0   0x080021d0   0x00000040   Code   RO         2222    i.HAL_NVIC_SetPriority  stm32f1xx_hal_cortex.o
    0x08002210   0x08002210   0x00000024   Code   RO         2223    i.HAL_NVIC_SetPriorityGrouping  stm32f1xx_hal_cortex.o
    0x08002234   0x08002234   0x0000012c   Code   RO         1914    i.HAL_RCC_ClockConfig  stm32f1xx_hal_rcc.o
    0x08002360   0x08002360   0x00000040   Code   RO         1918    i.HAL_RCC_GetClockConfig  stm32f1xx_hal_rcc.o
    0x080023a0   0x080023a0   0x00000020   Code   RO         1921    i.HAL_RCC_GetPCLK1Freq  stm32f1xx_hal_rcc.o
    0x080023c0   0x080023c0   0x00000020   Code   RO         1922    i.HAL_RCC_GetPCLK2Freq  stm32f1xx_hal_rcc.o
    0x080023e0   0x080023e0   0x0000004c   Code   RO         1923    i.HAL_RCC_GetSysClockFreq  stm32f1xx_hal_rcc.o
    0x0800242c   0x0800242c   0x00000320   Code   RO         1926    i.HAL_RCC_OscConfig  stm32f1xx_hal_rcc.o
    0x0800274c   0x0800274c   0x00000002   Code   RO         1472    i.HAL_TIMEx_BreakCallback  stm32f1xx_hal_tim_ex.o
    0x0800274e   0x0800274e   0x00000002   Code   RO         1473    i.HAL_TIMEx_CommutCallback  stm32f1xx_hal_tim_ex.o
    0x08002750   0x08002750   0x00000054   Code   RO         1475    i.HAL_TIMEx_ConfigBreakDeadTime  stm32f1xx_hal_tim_ex.o
    0x080027a4   0x080027a4   0x0000007c   Code   RO         1491    i.HAL_TIMEx_MasterConfigSynchronization  stm32f1xx_hal_tim_ex.o
    0x08002820   0x08002820   0x0000005a   Code   RO          768    i.HAL_TIM_Base_Init  stm32f1xx_hal_tim.o
    0x0800287a   0x0800287a   0x00000002   PAD
    0x0800287c   0x0800287c   0x00000028   Code   RO          394    i.HAL_TIM_Base_MspInit  tim.o
    0x080028a4   0x080028a4   0x0000006c   Code   RO          773    i.HAL_TIM_Base_Start_IT  stm32f1xx_hal_tim.o
    0x08002910   0x08002910   0x000000dc   Code   RO          777    i.HAL_TIM_ConfigClockSource  stm32f1xx_hal_tim.o
    0x080029ec   0x080029ec   0x000000a4   Code   RO          789    i.HAL_TIM_Encoder_Init  stm32f1xx_hal_tim.o
    0x08002a90   0x08002a90   0x00000080   Code   RO          396    i.HAL_TIM_Encoder_MspInit  tim.o
    0x08002b10   0x08002b10   0x0000008e   Code   RO          792    i.HAL_TIM_Encoder_Start  stm32f1xx_hal_tim.o
    0x08002b9e   0x08002b9e   0x00000002   Code   RO          802    i.HAL_TIM_IC_CaptureCallback  stm32f1xx_hal_tim.o
    0x08002ba0   0x08002ba0   0x00000130   Code   RO          816    i.HAL_TIM_IRQHandler  stm32f1xx_hal_tim.o
    0x08002cd0   0x08002cd0   0x0000009c   Code   RO          397    i.HAL_TIM_MspPostInit  tim.o
    0x08002d6c   0x08002d6c   0x00000002   Code   RO          819    i.HAL_TIM_OC_DelayElapsedCallback  stm32f1xx_hal_tim.o
    0x08002d6e   0x08002d6e   0x000000cc   Code   RO          840    i.HAL_TIM_PWM_ConfigChannel  stm32f1xx_hal_tim.o
    0x08002e3a   0x08002e3a   0x0000005a   Code   RO          843    i.HAL_TIM_PWM_Init  stm32f1xx_hal_tim.o
    0x08002e94   0x08002e94   0x00000028   Code   RO          399    i.HAL_TIM_PWM_MspInit  tim.o
    0x08002ebc   0x08002ebc   0x00000002   Code   RO          846    i.HAL_TIM_PWM_PulseFinishedCallback  stm32f1xx_hal_tim.o
    0x08002ebe   0x08002ebe   0x00000002   PAD
    0x08002ec0   0x08002ec0   0x000000b4   Code   RO          848    i.HAL_TIM_PWM_Start  stm32f1xx_hal_tim.o
    0x08002f74   0x08002f74   0x00000014   Code   RO           15    i.HAL_TIM_PeriodElapsedCallback  main.o
    0x08002f88   0x08002f88   0x00000002   Code   RO          859    i.HAL_TIM_TriggerCallback  stm32f1xx_hal_tim.o
    0x08002f8a   0x08002f8a   0x0000004a   Code   RO         2726    i.HAL_UARTEx_ReceiveToIdle_DMA  stm32f1xx_hal_uart.o
    0x08002fd4   0x08002fd4   0x000000a0   Code   RO          256    i.HAL_UARTEx_RxEventCallback  freertos.o
    0x08003074   0x08003074   0x00000002   Code   RO         2742    i.HAL_UART_ErrorCallback  stm32f1xx_hal_uart.o
    0x08003076   0x08003076   0x00000002   PAD
    0x08003078   0x08003078   0x0000026c   Code   RO         2745    i.HAL_UART_IRQHandler  stm32f1xx_hal_uart.o
    0x080032e4   0x080032e4   0x00000064   Code   RO         2746    i.HAL_UART_Init     stm32f1xx_hal_uart.o
    0x08003348   0x08003348   0x00000268   Code   RO          484    i.HAL_UART_MspInit  usart.o
    0x080035b0   0x080035b0   0x0000001c   Code   RO         2751    i.HAL_UART_Receive_IT  stm32f1xx_hal_uart.o
    0x080035cc   0x080035cc   0x00000034   Code   RO          257    i.HAL_UART_RxCpltCallback  freertos.o
    0x08003600   0x08003600   0x00000002   Code   RO         2753    i.HAL_UART_RxHalfCpltCallback  stm32f1xx_hal_uart.o
    0x08003602   0x08003602   0x000000a0   Code   RO         2754    i.HAL_UART_Transmit  stm32f1xx_hal_uart.o
    0x080036a2   0x080036a2   0x00000002   PAD
    0x080036a4   0x080036a4   0x00000078   Code   RO         2755    i.HAL_UART_Transmit_DMA  stm32f1xx_hal_uart.o
    0x0800371c   0x0800371c   0x00000032   Code   RO         2756    i.HAL_UART_Transmit_IT  stm32f1xx_hal_uart.o
    0x0800374e   0x0800374e   0x00000002   Code   RO         2757    i.HAL_UART_TxCpltCallback  stm32f1xx_hal_uart.o
    0x08003750   0x08003750   0x00000002   Code   RO         2758    i.HAL_UART_TxHalfCpltCallback  stm32f1xx_hal_uart.o
    0x08003752   0x08003752   0x00000002   Code   RO          556    i.HardFault_Handler  stm32f1xx_it.o
    0x08003754   0x08003754   0x00000064   Code   RO         5248    i.Incremental_PID_val  pid.o
    0x080037b8   0x080037b8   0x0000006c   Code   RO          369    i.MX_DMA_Init       dma.o
    0x08003824   0x08003824   0x00000084   Code   RO          258    i.MX_FREERTOS_Init  freertos.o
    0x080038a8   0x080038a8   0x000000e0   Code   RO          229    i.MX_GPIO_Init      gpio.o
    0x08003988   0x08003988   0x00000070   Code   RO          400    i.MX_TIM1_Init      tim.o
    0x080039f8   0x080039f8   0x0000006c   Code   RO          401    i.MX_TIM2_Init      tim.o
    0x08003a64   0x08003a64   0x000000c8   Code   RO          402    i.MX_TIM3_Init      tim.o
    0x08003b2c   0x08003b2c   0x000000b0   Code   RO          403    i.MX_TIM8_Init      tim.o
    0x08003bdc   0x08003bdc   0x00000038   Code   RO          485    i.MX_UART4_Init     usart.o
    0x08003c14   0x08003c14   0x00000038   Code   RO          486    i.MX_UART5_Init     usart.o
    0x08003c4c   0x08003c4c   0x00000038   Code   RO          487    i.MX_USART1_UART_Init  usart.o
    0x08003c84   0x08003c84   0x00000038   Code   RO          488    i.MX_USART2_UART_Init  usart.o
    0x08003cbc   0x08003cbc   0x00000002   Code   RO          557    i.MemManage_Handler  stm32f1xx_it.o
    0x08003cbe   0x08003cbe   0x00000002   PAD
    0x08003cc0   0x08003cc0   0x000000b0   Code   RO         5191    i.Motor_Set         motor.o
    0x08003d70   0x08003d70   0x0000003c   Code   RO         5250    i.Motor_Set_Val     pid.o
    0x08003dac   0x08003dac   0x00000184   Code   RO          259    i.Move_Control      freertos.o
    0x08003f30   0x08003f30   0x00000030   Code   RO         5579    i.MyI2C_R_SDA       myi2c.o
    0x08003f60   0x08003f60   0x00000028   Code   RO         5580    i.MyI2C_ReceiveAck  myi2c.o
    0x08003f88   0x08003f88   0x00000042   Code   RO         5581    i.MyI2C_ReceiveByte  myi2c.o
    0x08003fca   0x08003fca   0x00000034   Code   RO         5583    i.MyI2C_SendByte    myi2c.o
    0x08003ffe   0x08003ffe   0x00000028   Code   RO         5584    i.MyI2C_Start       myi2c.o
    0x08004026   0x08004026   0x00000020   Code   RO         5585    i.MyI2C_Stop        myi2c.o
    0x08004046   0x08004046   0x00000002   PAD
    0x08004048   0x08004048   0x00000030   Code   RO         5586    i.MyI2C_W_SCL       myi2c.o
    0x08004078   0x08004078   0x00000030   Code   RO         5587    i.MyI2C_W_SDA       myi2c.o
    0x080040a8   0x080040a8   0x00000002   Code   RO          558    i.NMI_Handler       stm32f1xx_it.o
    0x080040aa   0x080040aa   0x00000002   PAD
    0x080040ac   0x080040ac   0x000000b8   Code   RO         5251    i.PID_init          pid.o
    0x08004164   0x08004164   0x00000054   Code   RO         5252    i.PID_realize_dis   pid.o
    0x080041b8   0x080041b8   0x00000070   Code   RO         5253    i.PID_realize_lidar  pid.o
    0x08004228   0x08004228   0x000000b8   Code   RO         5254    i.PID_realize_mpu   pid.o
    0x080042e0   0x080042e0   0x0000002c   Code   RO          260    i.Read_ID           freertos.o
    0x0800430c   0x0800430c   0x0000006c   Code   RO          261    i.Read_Lidar        freertos.o
    0x08004378   0x08004378   0x0000005c   Code   RO          262    i.Read_MPU          freertos.o
    0x080043d4   0x080043d4   0x00000026   Code   RO         5085    i.Sliding_Window_Algorithm  math.o
    0x080043fa   0x080043fa   0x0000001a   Code   RO         4234    i.SysTick_Handler   cmsis_os2.o
    0x08004414   0x08004414   0x0000005e   Code   RO           16    i.SystemClock_Config  main.o
    0x08004472   0x08004472   0x00000002   Code   RO         3080    i.SystemInit        system_stm32f1xx.o
    0x08004474   0x08004474   0x0000000c   Code   RO          559    i.TIM7_IRQHandler   stm32f1xx_it.o
    0x08004480   0x08004480   0x0000009c   Code   RO          861    i.TIM_Base_SetConfig  stm32f1xx_hal_tim.o
    0x0800451c   0x0800451c   0x0000001a   Code   RO          862    i.TIM_CCxChannelCmd  stm32f1xx_hal_tim.o
    0x08004536   0x08004536   0x00000014   Code   RO          872    i.TIM_ETR_SetConfig  stm32f1xx_hal_tim.o
    0x0800454a   0x0800454a   0x00000010   Code   RO          873    i.TIM_ITRx_SetConfig  stm32f1xx_hal_tim.o
    0x0800455a   0x0800455a   0x00000002   PAD
    0x0800455c   0x0800455c   0x00000060   Code   RO          874    i.TIM_OC1_SetConfig  stm32f1xx_hal_tim.o
    0x080045bc   0x080045bc   0x0000006c   Code   RO          875    i.TIM_OC2_SetConfig  stm32f1xx_hal_tim.o
    0x08004628   0x08004628   0x00000068   Code   RO          876    i.TIM_OC3_SetConfig  stm32f1xx_hal_tim.o
    0x08004690   0x08004690   0x00000050   Code   RO          877    i.TIM_OC4_SetConfig  stm32f1xx_hal_tim.o
    0x080046e0   0x080046e0   0x00000022   Code   RO          879    i.TIM_TI1_ConfigInputStage  stm32f1xx_hal_tim.o
    0x08004702   0x08004702   0x00000024   Code   RO          881    i.TIM_TI2_ConfigInputStage  stm32f1xx_hal_tim.o
    0x08004726   0x08004726   0x00000002   PAD
    0x08004728   0x08004728   0x0000000c   Code   RO          560    i.UART4_IRQHandler  stm32f1xx_it.o
    0x08004734   0x08004734   0x0000000c   Code   RO          561    i.UART5_IRQHandler  stm32f1xx_it.o
    0x08004740   0x08004740   0x00000010   Code   RO         2759    i.UART_DMAAbortOnError  stm32f1xx_hal_uart.o
    0x08004750   0x08004750   0x0000004a   Code   RO         2760    i.UART_DMAError     stm32f1xx_hal_uart.o
    0x0800479a   0x0800479a   0x00000086   Code   RO         2761    i.UART_DMAReceiveCplt  stm32f1xx_hal_uart.o
    0x08004820   0x08004820   0x0000001e   Code   RO         2763    i.UART_DMARxHalfCplt  stm32f1xx_hal_uart.o
    0x0800483e   0x0800483e   0x00000042   Code   RO         2765    i.UART_DMATransmitCplt  stm32f1xx_hal_uart.o
    0x08004880   0x08004880   0x0000000a   Code   RO         2767    i.UART_DMATxHalfCplt  stm32f1xx_hal_uart.o
    0x0800488a   0x0800488a   0x0000004e   Code   RO         2769    i.UART_EndRxTransfer  stm32f1xx_hal_uart.o
    0x080048d8   0x080048d8   0x0000001c   Code   RO         2770    i.UART_EndTxTransfer  stm32f1xx_hal_uart.o
    0x080048f4   0x080048f4   0x000000c2   Code   RO         2771    i.UART_Receive_IT   stm32f1xx_hal_uart.o
    0x080049b6   0x080049b6   0x00000002   PAD
    0x080049b8   0x080049b8   0x000000b8   Code   RO         2772    i.UART_SetConfig    stm32f1xx_hal_uart.o
    0x08004a70   0x08004a70   0x00000090   Code   RO         2773    i.UART_Start_Receive_DMA  stm32f1xx_hal_uart.o
    0x08004b00   0x08004b00   0x00000036   Code   RO         2774    i.UART_Start_Receive_IT  stm32f1xx_hal_uart.o
    0x08004b36   0x08004b36   0x00000072   Code   RO         2775    i.UART_WaitOnFlagUntilTimeout  stm32f1xx_hal_uart.o
    0x08004ba8   0x08004ba8   0x0000000c   Code   RO          562    i.USART1_IRQHandler  stm32f1xx_it.o
    0x08004bb4   0x08004bb4   0x0000000c   Code   RO          563    i.USART2_IRQHandler  stm32f1xx_it.o
    0x08004bc0   0x08004bc0   0x00000002   Code   RO          564    i.UsageFault_Handler  stm32f1xx_it.o
    0x08004bc2   0x08004bc2   0x000001b0   Code   RO         5127    i.VL6180X_Init      vl6180x.o
    0x08004d72   0x08004d72   0x0000004a   Code   RO         5128    i.VL6180X_Range_Cailbration  vl6180x.o
    0x08004dbc   0x08004dbc   0x0000005e   Code   RO         5129    i.VL6180X_ReadReg   vl6180x.o
    0x08004e1a   0x08004e1a   0x00000008   Code   RO         5130    i.VL6180X_Read_ID   vl6180x.o
    0x08004e22   0x08004e22   0x0000003e   Code   RO         5131    i.VL6180X_Read_Range  vl6180x.o
    0x08004e60   0x08004e60   0x00000064   Code   RO         5132    i.VL6180X_WriteReg  vl6180x.o
    0x08004ec4   0x08004ec4   0x00000020   Code   RO         5934    i.__0printf         mc_w.l(printfa.o)
    0x08004ee4   0x08004ee4   0x00000020   Code   RO         2229    i.__NVIC_SetPriority  stm32f1xx_hal_cortex.o
    0x08004f04   0x08004f04   0x0000000e   Code   RO         6049    i.__scatterload_copy  mc_w.l(handlers.o)
    0x08004f12   0x08004f12   0x00000002   Code   RO         6050    i.__scatterload_null  mc_w.l(handlers.o)
    0x08004f14   0x08004f14   0x0000000e   Code   RO         6051    i.__scatterload_zeroinit  mc_w.l(handlers.o)
    0x08004f22   0x08004f22   0x00000002   PAD
    0x08004f24   0x08004f24   0x00000184   Code   RO         5941    i._fp_digits        mc_w.l(printfa.o)
    0x080050a8   0x080050a8   0x0000000e   Code   RO         5968    i._is_digit         mc_w.l(scanf_fp.o)
    0x080050b6   0x080050b6   0x00000002   PAD
    0x080050b8   0x080050b8   0x000006dc   Code   RO         5942    i._printf_core      mc_w.l(printfa.o)
    0x08005794   0x08005794   0x00000024   Code   RO         5943    i._printf_post_padding  mc_w.l(printfa.o)
    0x080057b8   0x080057b8   0x0000002e   Code   RO         5944    i._printf_pre_padding  mc_w.l(printfa.o)
    0x080057e6   0x080057e6   0x00000002   PAD
    0x080057e8   0x080057e8   0x00000050   Code   RO         4879    i.atk_ms901m_get_attitude  atk_ms901m.o
    0x08005838   0x08005838   0x0000011e   Code   RO         4881    i.atk_ms901m_get_frame_by_id  atk_ms901m.o
    0x08005956   0x08005956   0x00000002   PAD
    0x08005958   0x08005958   0x00000020   Code   RO         4890    i.atk_ms901m_init   atk_ms901m.o
    0x08005978   0x08005978   0x00000070   Code   RO         4891    i.atk_ms901m_read_reg_by_id  atk_ms901m.o
    0x080059e8   0x080059e8   0x00000030   Code   RO         4896    i.atk_ms901m_sita_init  atk_ms901m.o
    0x08005a18   0x08005a18   0x00000014   Code   RO         5033    i.atk_ms901m_uart_init  atk_ms901m_uart.o
    0x08005a2c   0x08005a2c   0x00000054   Code   RO         5034    i.atk_ms901m_uart_rx_fifo_read  atk_ms901m_uart.o
    0x08005a80   0x08005a80   0x00000038   Code   RO         5035    i.atk_ms901m_uart_rx_fifo_write  atk_ms901m_uart.o
    0x08005ab8   0x08005ab8   0x00000010   Code   RO         5036    i.atk_ms901m_uart_send  atk_ms901m_uart.o
    0x08005ac8   0x08005ac8   0x00000020   Code   RO         5654    i.delay_us          delay.o
    0x08005ae8   0x08005ae8   0x00000018   Code   RO          489    i.fputc             usart.o
    0x08005b00   0x08005b00   0x000000d0   Code   RO           17    i.main              main.o
    0x08005bd0   0x08005bd0   0x00000024   Code   RO         4250    i.osKernelInitialize  cmsis_os2.o
    0x08005bf4   0x08005bf4   0x00000038   Code   RO         4253    i.osKernelStart     cmsis_os2.o
    0x08005c2c   0x08005c2c   0x00000098   Code   RO         4281    i.osSemaphoreNew    cmsis_os2.o
    0x08005cc4   0x08005cc4   0x0000008a   Code   RO         4295    i.osThreadNew       cmsis_os2.o
    0x08005d4e   0x08005d4e   0x00000002   PAD
    0x08005d50   0x08005d50   0x0000005c   Code   RO         3688    i.prvAddCurrentTaskToDelayedList  tasks.o
    0x08005dac   0x08005dac   0x000000d0   Code   RO         3689    i.prvAddNewTaskToReadyList  tasks.o
    0x08005e7c   0x08005e7c   0x00000058   Code   RO         4063    i.prvCheckForValidListAndQueue  timers.o
    0x08005ed4   0x08005ed4   0x00000026   Code   RO         3285    i.prvCopyDataFromQueue  queue.o
    0x08005efa   0x08005efa   0x0000006c   Code   RO         3286    i.prvCopyDataToQueue  queue.o
    0x08005f66   0x08005f66   0x00000034   Code   RO         3690    i.prvDeleteTCB      tasks.o
    0x08005f9a   0x08005f9a   0x00000002   PAD
    0x08005f9c   0x08005f9c   0x00000048   Code   RO         4744    i.prvHeapInit       heap_4.o
    0x08005fe4   0x08005fe4   0x00000060   Code   RO         3691    i.prvIdleTask       tasks.o
    0x08006044   0x08006044   0x00000022   Code   RO         3288    i.prvInitialiseNewQueue  queue.o
    0x08006066   0x08006066   0x00000002   PAD
    0x08006068   0x08006068   0x000000b0   Code   RO         3692    i.prvInitialiseNewTask  tasks.o
    0x08006118   0x08006118   0x0000004c   Code   RO         4745    i.prvInsertBlockIntoFreeList  heap_4.o
    0x08006164   0x08006164   0x00000038   Code   RO         4065    i.prvInsertTimerInActiveList  timers.o
    0x0800619c   0x0800619c   0x0000001c   Code   RO         3289    i.prvIsQueueEmpty   queue.o
    0x080061b8   0x080061b8   0x000000fc   Code   RO         4066    i.prvProcessReceivedCommands  timers.o
    0x080062b4   0x080062b4   0x000000c0   Code   RO         4067    i.prvProcessTimerOrBlockTask  timers.o
    0x08006374   0x08006374   0x00000020   Code   RO         3694    i.prvResetNextTaskUnblockTime  tasks.o
    0x08006394   0x08006394   0x00000028   Code   RO         4068    i.prvSampleTimeNow  timers.o
    0x080063bc   0x080063bc   0x0000006c   Code   RO         4069    i.prvSwitchTimerLists  timers.o
    0x08006428   0x08006428   0x00000028   Code   RO         4800    i.prvTaskExitError  port.o
    0x08006450   0x08006450   0x00000024   Code   RO         4070    i.prvTimerTask      timers.o
    0x08006474   0x08006474   0x0000006a   Code   RO         3290    i.prvUnlockQueue    queue.o
    0x080064de   0x080064de   0x00000002   PAD
    0x080064e0   0x080064e0   0x000000dc   Code   RO         4746    i.pvPortMalloc      heap_4.o
    0x080065bc   0x080065bc   0x00000018   Code   RO         3697    i.pvTaskIncrementMutexHeldCount  tasks.o
    0x080065d4   0x080065d4   0x00000024   Code   RO         4801    i.pxPortInitialiseStack  port.o
    0x080065f8   0x080065f8   0x00000026   Code   RO         3245    i.uxListRemove      list.o
    0x0800661e   0x0800661e   0x00000002   PAD
    0x08006620   0x08006620   0x00000014   Code   RO         4307    i.vApplicationGetIdleTaskMemory  cmsis_os2.o
    0x08006634   0x08006634   0x00000018   Code   RO         4308    i.vApplicationGetTimerTaskMemory  cmsis_os2.o
    0x0800664c   0x0800664c   0x00000016   Code   RO         3246    i.vListInitialise   list.o
    0x08006662   0x08006662   0x00000006   Code   RO         3247    i.vListInitialiseItem  list.o
    0x08006668   0x08006668   0x00000030   Code   RO         3248    i.vListInsert       list.o
    0x08006698   0x08006698   0x00000018   Code   RO         3249    i.vListInsertEnd    list.o
    0x080066b0   0x080066b0   0x00000040   Code   RO         4803    i.vPortEnterCritical  port.o
    0x080066f0   0x080066f0   0x00000028   Code   RO         4804    i.vPortExitCritical  port.o
    0x08006718   0x08006718   0x00000064   Code   RO         4747    i.vPortFree         heap_4.o
    0x0800677c   0x0800677c   0x00000024   Code   RO         4805    i.vPortSetupTimerInterrupt  port.o
    0x080067a0   0x080067a0   0x00000054   Code   RO         4806    i.vPortValidateInterruptPriority  port.o
    0x080067f4   0x080067f4   0x00000028   Code   RO         3296    i.vQueueAddToRegistry  queue.o
    0x0800681c   0x0800681c   0x0000002e   Code   RO         3297    i.vQueueDelete      queue.o
    0x0800684a   0x0800684a   0x00000002   PAD
    0x0800684c   0x0800684c   0x00000028   Code   RO         3299    i.vQueueUnregisterQueue  queue.o
    0x08006874   0x08006874   0x00000044   Code   RO         3300    i.vQueueWaitForMessageRestricted  queue.o
    0x080068b8   0x080068b8   0x0000004c   Code   RO         3707    i.vTaskDelay        tasks.o
    0x08006904   0x08006904   0x00000010   Code   RO         3712    i.vTaskInternalSetTimeOutState  tasks.o
    0x08006914   0x08006914   0x0000000c   Code   RO         3714    i.vTaskMissedYield  tasks.o
    0x08006920   0x08006920   0x00000030   Code   RO         3716    i.vTaskPlaceOnEventList  tasks.o
    0x08006950   0x08006950   0x00000038   Code   RO         3717    i.vTaskPlaceOnEventListRestricted  tasks.o
    0x08006988   0x08006988   0x00000090   Code   RO         3719    i.vTaskPriorityDisinheritAfterTimeout  tasks.o
    0x08006a18   0x08006a18   0x00000088   Code   RO         3725    i.vTaskStartScheduler  tasks.o
    0x08006aa0   0x08006aa0   0x00000010   Code   RO         3727    i.vTaskSuspendAll   tasks.o
    0x08006ab0   0x08006ab0   0x00000064   Code   RO         3728    i.vTaskSwitchContext  tasks.o
    0x08006b14   0x08006b14   0x000000a8   Code   RO         4807    i.xPortStartScheduler  port.o
    0x08006bbc   0x08006bbc   0x0000002c   Code   RO         4808    i.xPortSysTickHandler  port.o
    0x08006be8   0x08006be8   0x0000003a   Code   RO         3301    i.xQueueCreateCountingSemaphore  queue.o
    0x08006c22   0x08006c22   0x00000040   Code   RO         3302    i.xQueueCreateCountingSemaphoreStatic  queue.o
    0x08006c62   0x08006c62   0x00000042   Code   RO         3305    i.xQueueGenericCreate  queue.o
    0x08006ca4   0x08006ca4   0x00000066   Code   RO         3306    i.xQueueGenericCreateStatic  queue.o
    0x08006d0a   0x08006d0a   0x00000002   PAD
    0x08006d0c   0x08006d0c   0x00000088   Code   RO         3307    i.xQueueGenericReset  queue.o
    0x08006d94   0x08006d94   0x00000160   Code   RO         3308    i.xQueueGenericSend  queue.o
    0x08006ef4   0x08006ef4   0x000000be   Code   RO         3309    i.xQueueGenericSendFromISR  queue.o
    0x08006fb2   0x08006fb2   0x0000009c   Code   RO         3312    i.xQueueGiveFromISR  queue.o
    0x0800704e   0x0800704e   0x00000002   PAD
    0x08007050   0x08007050   0x00000138   Code   RO         3318    i.xQueueReceive     queue.o
    0x08007188   0x08007188   0x00000178   Code   RO         3320    i.xQueueSemaphoreTake  queue.o
    0x08007300   0x08007300   0x00000074   Code   RO         3730    i.xTaskCheckForTimeOut  tasks.o
    0x08007374   0x08007374   0x0000005a   Code   RO         3731    i.xTaskCreate       tasks.o
    0x080073ce   0x080073ce   0x00000056   Code   RO         3732    i.xTaskCreateStatic  tasks.o
    0x08007424   0x08007424   0x0000001c   Code   RO         3736    i.xTaskGetSchedulerState  tasks.o
    0x08007440   0x08007440   0x0000000c   Code   RO         3737    i.xTaskGetTickCount  tasks.o
    0x0800744c   0x0800744c   0x000000c8   Code   RO         3739    i.xTaskIncrementTick  tasks.o
    0x08007514   0x08007514   0x00000080   Code   RO         3742    i.xTaskPriorityDisinherit  tasks.o
    0x08007594   0x08007594   0x00000078   Code   RO         3743    i.xTaskPriorityInherit  tasks.o
    0x0800760c   0x0800760c   0x00000070   Code   RO         3744    i.xTaskRemoveFromEventList  tasks.o
    0x0800767c   0x0800767c   0x000000c4   Code   RO         3745    i.xTaskResumeAll    tasks.o
    0x08007740   0x08007740   0x00000060   Code   RO         4079    i.xTimerCreateTimerTask  timers.o
    0x080077a0   0x080077a0   0x00000068   Code   RO         4080    i.xTimerGenericCommand  timers.o
    0x08007808   0x08007808   0x000000d4   Data   RO          265    .constdata          freertos.o
    0x080078dc   0x080078dc   0x00000012   Data   RO         1927    .constdata          stm32f1xx_hal_rcc.o
    0x080078ee   0x080078ee   0x00000010   Data   RO         3081    .constdata          system_stm32f1xx.o
    0x080078fe   0x080078fe   0x00000008   Data   RO         3082    .constdata          system_stm32f1xx.o
    0x08007906   0x08007906   0x00000040   Data   RO         6045    .constdata          mc_w.l(ctype_c.o)
    0x08007946   0x08007946   0x00000002   PAD
    0x08007948   0x08007948   0x00000095   Data   RO          266    .conststring        freertos.o
    0x080079dd   0x080079dd   0x00000003   PAD
    0x080079e0   0x080079e0   0x00000020   Data   RO         6047    Region$$Table       anon$$obj.o


    Execution Region RW_IRAM1 (Exec base: 0x20000000, Load base: 0x08007a00, Size: 0x000029a0, Max: 0x0000c000, ABSOLUTE)

    Exec Addr    Load Addr    Size         Type   Attr      Idx    E Section Name        Object

    0x20000000   0x08007a00   0x00000001   Data   RW           19    .data               main.o
    0x20000001   0x08007a01   0x00000003   PAD
    0x20000004   0x08007a04   0x00000048   Data   RW          267    .data               freertos.o
    0x2000004c   0x08007a4c   0x0000000c   Data   RW         1764    .data               stm32f1xx_hal.o
    0x20000058   0x08007a58   0x00000004   Data   RW         3083    .data               system_stm32f1xx.o
    0x2000005c   0x08007a5c   0x0000003c   Data   RW         3748    .data               tasks.o
    0x20000098   0x08007a98   0x00000014   Data   RW         4088    .data               timers.o
    0x200000ac   0x08007aac   0x00000004   Data   RW         4310    .data               cmsis_os2.o
    0x200000b0   0x08007ab0   0x00000020   Data   RW         4753    .data               heap_4.o
    0x200000d0   0x08007ad0   0x0000000c   Data   RW         4809    .data               port.o
    0x200000dc   0x08007adc   0x00000002   Data   RW         4904    .data               atk_ms901m.o
    0x200000de   0x08007ade   0x00000002   PAD
    0x200000e0   0x08007ae0   0x00000010   Data   RW         5192    .data               motor.o
    0x200000f0   0x08007af0   0x00000008   Data   RW         5256    .data               pid.o
    0x200000f8   0x08007af8   0x00000004   Data   RW         6014    .data               mc_w.l(stdout.o)
    0x200000fc        -       0x0000001e   Zero   RW           18    .bss                main.o
    0x2000011a   0x08007afc   0x00000002   PAD
    0x2000011c        -       0x00000034   Zero   RW          264    .bss                freertos.o
    0x20000150        -       0x00000120   Zero   RW          404    .bss                tim.o
    0x20000270        -       0x00000230   Zero   RW          490    .bss                usart.o
    0x200004a0        -       0x00000048   Zero   RW          694    .bss                stm32f1xx_hal_timebase_tim.o
    0x200004e8        -       0x00000040   Zero   RW         3322    .bss                queue.o
    0x20000528        -       0x000004c4   Zero   RW         3747    .bss                tasks.o
    0x200009ec        -       0x00000118   Zero   RW         4087    .bss                timers.o
    0x20000b04        -       0x000006b8   Zero   RW         4309    .bss                cmsis_os2.o
    0x200011bc        -       0x000011f8   Zero   RW         4752    .bss                heap_4.o
    0x200023b4        -       0x0000000c   Zero   RW         4902    .bss                atk_ms901m.o
    0x200023c0        -       0x00000086   Zero   RW         5037    .bss                atk_ms901m_uart.o
    0x20002446   0x08007afc   0x00000002   PAD
    0x20002448        -       0x00000154   Zero   RW         5255    .bss                pid.o
    0x2000259c   0x08007afc   0x00000004   PAD
    0x200025a0        -       0x00000400   Zero   RW            1    STACK               startup_stm32f103xe.o


==============================================================================

Image component sizes


      Code (inc. data)   RO Data    RW Data    ZI Data      Debug   Object Name

       558         16          0          2         12       8401   atk_ms901m.o
       176         22          0          0        134       2961   atk_ms901m_uart.o
       452         22          0          4       1720      55834   cmsis_os2.o
        32          0          0          0          0        839   delay.o
       108          4          0          0          0        778   dma.o
         0          0          0          0          0      19472   event_groups.o
      1476        352        361         72         52      13944   freertos.o
       224         16          0          0          0        963   gpio.o
       468         22          0         32       4600       4651   heap_4.o
       138          0          0          0          0       3282   list.o
       326         48          0          1         30     506226   main.o
       166          0          0          0          0       1815   math.o
       548         74          0         16          0       3399   motor.o
       410         22          0          0          0       5261   myi2c.o
      1272        144          0          8        340       7925   pid.o
       662         70          0         12          0      10497   port.o
      2320         28          0          0         64      23953   queue.o
        36          8        304          0       1024        784   startup_stm32f103xe.o
        64         14          0         12          0       5134   stm32f1xx_hal.o
       158         14          0          0          0      28090   stm32f1xx_hal_cortex.o
      1236         52          0          0          0       4986   stm32f1xx_hal_dma.o
       564         48          0          0          0       4623   stm32f1xx_hal_gpio.o
        72         10          0          0          0        834   stm32f1xx_hal_msp.o
      1304         94         18          0          0       5601   stm32f1xx_hal_rcc.o
      2186         98          0          0          0      17255   stm32f1xx_hal_tim.o
       212         20          0          0          0       3093   stm32f1xx_hal_tim_ex.o
       152         20          0          0         72       1419   stm32f1xx_hal_timebase_tim.o
      2286         38          0          0          0      17930   stm32f1xx_hal_uart.o
       142         54          0          0          0       6740   stm32f1xx_it.o
         0          0          0          0          0        392   stream_buffer.o
         2          0         24          4          0       1059   system_stm32f1xx.o
      2372        192          0         60       1220      28193   tasks.o
       960         86          0          0        288       5463   tim.o
       972         80          0         20        280      29171   timers.o
       864         90          0          0        560       4488   usart.o
       770          0          0          0          0       4343   vl6180x.o

    ----------------------------------------------------------------------
     23736       1758        742        248      10404     839799   Object Totals
         0          0         32          0          0          0   (incl. Generated)
        48          0          3          5          8          0   (incl. Padding)

    ----------------------------------------------------------------------

      Code (inc. data)   RO Data    RW Data    ZI Data      Debug   Library Member Name

        56          8          0          0          0         84   __0sscanf.o
       812          4          0          0          0        112   _scanf.o
       224          0          0          0          0         96   _scanf_str.o
        64          0          0          0          0         84   _sgetc.o
        40          6         64          0          0         68   ctype_c.o
         0          0          0          0          0          0   entry.o
         0          0          0          0          0          0   entry10a.o
         0          0          0          0          0          0   entry11a.o
         8          4          0          0          0          0   entry2.o
         4          0          0          0          0          0   entry5.o
         0          0          0          0          0          0   entry7b.o
         0          0          0          0          0          0   entry8b.o
         8          4          0          0          0          0   entry9a.o
        30          0          0          0          0          0   handlers.o
        36          8          0          0          0         68   init.o
        10          0          0          0          0         68   isspace_c.o
         0          0          0          0          0          0   iusefp.o
        30          0          0          0          0         68   llshl.o
        36          0          0          0          0         68   llsshr.o
        32          0          0          0          0         68   llushr.o
        36          0          0          0          0         68   memcpya.o
        36          0          0          0          0        108   memseta.o
      2258         90          0          0          0        452   printfa.o
        40          8          0          0          0         84   scanf_char.o
       878         12          0          0          0        216   scanf_fp.o
         0          0          0          4          0          0   stdout.o
        28          0          0          0          0         76   strcmp.o
        44          0          0          0          0         80   uidiv.o
        98          0          0          0          0         92   uldiv.o
        48          0          0          0          0         68   cdrcmple.o
        20          0          0          0          0         68   cfcmple.o
        20          0          0          0          0         68   cfrcmple.o
        56          0          0          0          0         88   d2f.o
       334          0          0          0          0        148   dadd.o
       222          0          0          0          0        100   ddiv.o
       186          0          0          0          0        176   depilogue.o
        48          0          0          0          0         68   dfixul.o
        24          0          0          0          0         76   dfltul.o
       228          0          0          0          0         96   dmul.o
        46          0          0          0          0         80   dscalb.o
        38          0          0          0          0         68   f2d.o
       176          0          0          0          0        140   fadd.o
       124          0          0          0          0         88   fdiv.o
       110          0          0          0          0        168   fepilogue.o
        40          0          0          0          0         68   ffixui.o
        18          0          0          0          0         68   fflti.o
        10          0          0          0          0         68   ffltui.o
       100          0          0          0          0         76   fmul.o
        24          0          0          0          0         68   fscalb.o

    ----------------------------------------------------------------------
      6688        144         66          4          0       3808   Library Totals
         8          0          2          0          0          0   (incl. Padding)

    ----------------------------------------------------------------------

      Code (inc. data)   RO Data    RW Data    ZI Data      Debug   Library Name

      4808        144         64          4          0       1960   mc_w.l
      1872          0          0          0          0       1848   mf_w.l

    ----------------------------------------------------------------------
      6688        144         66          4          0       3808   Library Totals

    ----------------------------------------------------------------------

==============================================================================


      Code (inc. data)   RO Data    RW Data    ZI Data      Debug   

     30424       1902        808        252      10404     829147   Grand Totals
     30424       1902        808        252      10404     829147   ELF Image Totals
     30424       1902        808        252          0          0   ROM Totals

==============================================================================

    Total RO  Size (Code + RO Data)                31232 (  30.50kB)
    Total RW  Size (RW Data + ZI Data)             10656 (  10.41kB)
    Total ROM Size (Code + RO Data + RW Data)      31484 (  30.75kB)

==============================================================================

