<html>
<body>
<pre>
<h1>µVision Build Log</h1>
<h2>Tool Versions:</h2>
IDE-Version: ¦ÌVision V5.24.2.0
Copyright (C) 2017 ARM Ltd and ARM Germany GmbH. All rights reserved.
License Information: qwer 8613533833093, qwer, LIC=TIVNB-217KY-MM49I-TRW4K-R07QT-GMN3K
 
Tool Versions:
Toolchain:       MDK-ARM Plus  Version: 5.24.1
Toolchain Path:  C:\Keil_v5\ARM\ARMCC\Bin
C Compiler:      Armcc.exe V5.06 update 5 (build 528)
Assembler:       Armasm.exe V5.06 update 5 (build 528)
Linker/Locator:  ArmLink.exe V5.06 update 5 (build 528)
Library Manager: ArmAr.exe V5.06 update 5 (build 528)
Hex Converter:   FromElf.exe V5.06 update 5 (build 528)
CPU DLL:         SARMCM3.DLL V5.24.1
Dialog DLL:      DCM.DLL V1.16.0.0
Target DLL:      STLink\ST-LINKIII-KEIL_SWO.dll V3.0.1.0
Dialog DLL:      TCM.DLL V1.32.0.0
 
<h2>Project:</h2>
C:\Users\86135\Desktop\PBSY\PBSY\MDK-ARM\PBSY.uvprojx
Project File Date:  03/26/2025

<h2>Output:</h2>
*** Using Compiler 'V5.06 update 5 (build 528)', folder: 'C:\Keil_v5\ARM\ARMCC\Bin'
Build target 'PBSY'
compiling freertos.c...
../Core/Src/freertos.c(250): warning:  #167-D: argument of type "char *" is incompatible with parameter of type "const uint8_t *"
  			HAL_UART_Transmit_DMA(&huart2,test_,sizeof(test_));
../Core/Src/freertos.c(263): warning:  #167-D: argument of type "char *" is incompatible with parameter of type "const uint8_t *"
  			HAL_UART_Transmit_DMA(&huart2,test_,sizeof(test_));
../Core/Src/freertos.c(239): warning:  #177-D: variable "DONE"  was declared but never referenced
  	char DONE = '#';
../Core/Src/freertos.c(240): warning:  #177-D: variable "STOP"  was declared but never referenced
  	char STOP = '!';
../Core/Src/freertos.c(241): warning:  #177-D: variable "ID_"  was declared but never referenced
  	char ID_ = '@';
../Core/Src/freertos.c(582): warning:  #167-D: argument of type "char *" is incompatible with parameter of type "uint8_t *"
          HAL_UARTEx_ReceiveToIdle_DMA(&huart2,ORDER_DATA,sizeof(ORDER_DATA));//SERIAL
../Core/Src/freertos.c: 6 warnings, 0 errors
linking...
Program Size: Code=36020 RO-data=904 RW-data=260 ZI-data=10460  
FromELF: creating hex file...
"PBSY\PBSY.axf" - 0 Error(s), 6 Warning(s).

<h2>Software Packages used:</h2>

Package Vendor: ARM
                http://www.keil.com/pack/ARM.CMSIS.5.0.1.pack
                ARM.CMSIS.5.0.1
                CMSIS (Cortex Microcontroller Software Interface Standard)
   * Component: CORE Version: 5.0.1

Package Vendor: Keil
                http://www.keil.com/pack/Keil.STM32F1xx_DFP.2.2.0.pack
                Keil.STM32F1xx_DFP.2.2.0
                STMicroelectronics STM32F1 Series Device Support, Drivers and Examples

<h2>Collection of Component include folders:</h2>
  .\RTE\_PBSY
  C:\Keil_v5\ARM\PACK\ARM\CMSIS\5.0.1\CMSIS\Include
  C:\Keil_v5\ARM\PACK\Keil\STM32F1xx_DFP\2.2.0\Device\Include

<h2>Collection of Component Files used:</h2>

   * Component: ARM::CMSIS:CORE:5.0.1
Build Time Elapsed:  00:00:01
</pre>
</body>
</html>
